Archive member included to satisfy reference by file (symbol)

/usr/lib/gcc/arm-none-eabi/10.3.1/thumb/v6-m/nofp/libgcc.a(_dvmd_tls.o)
                              CMakeFiles/uart.dir/home/gomond/pico/pico-sdk/src/rp2_common/pico_divider/divider.S.obj (__aeabi_idiv0)
/usr/lib/gcc/arm-none-eabi/10.3.1/../../../arm-none-eabi/lib/thumb/v6-m/nofp/libg.a(lib_a-atexit.o)
                              /usr/lib/gcc/arm-none-eabi/10.3.1/../../../arm-none-eabi/lib/thumb/v6-m/nofp/crt0.o (atexit)
/usr/lib/gcc/arm-none-eabi/10.3.1/../../../arm-none-eabi/lib/thumb/v6-m/nofp/libg.a(lib_a-calloc.o)
                              CMakeFiles/uart.dir/home/gomond/pico/pico-sdk/src/rp2_common/pico_malloc/pico_malloc.c.obj (calloc)
/usr/lib/gcc/arm-none-eabi/10.3.1/../../../arm-none-eabi/lib/thumb/v6-m/nofp/libg.a(lib_a-callocr.o)
                              /usr/lib/gcc/arm-none-eabi/10.3.1/../../../arm-none-eabi/lib/thumb/v6-m/nofp/libg.a(lib_a-calloc.o) (_calloc_r)
/usr/lib/gcc/arm-none-eabi/10.3.1/../../../arm-none-eabi/lib/thumb/v6-m/nofp/libg.a(lib_a-ctype_.o)
                              CMakeFiles/uart.dir/home/gomond/pico/pico-sdk/lib/tinyusb/src/tusb.c.obj (_ctype_)
/usr/lib/gcc/arm-none-eabi/10.3.1/../../../arm-none-eabi/lib/thumb/v6-m/nofp/libg.a(lib_a-fini.o)
                              /usr/lib/gcc/arm-none-eabi/10.3.1/../../../arm-none-eabi/lib/thumb/v6-m/nofp/crt0.o (__libc_fini_array)
/usr/lib/gcc/arm-none-eabi/10.3.1/../../../arm-none-eabi/lib/thumb/v6-m/nofp/libg.a(lib_a-impure.o)
                              /usr/lib/gcc/arm-none-eabi/10.3.1/../../../arm-none-eabi/lib/thumb/v6-m/nofp/libg.a(lib_a-calloc.o) (_impure_ptr)
/usr/lib/gcc/arm-none-eabi/10.3.1/../../../arm-none-eabi/lib/thumb/v6-m/nofp/libg.a(lib_a-init.o)
                              /usr/lib/gcc/arm-none-eabi/10.3.1/../../../arm-none-eabi/lib/thumb/v6-m/nofp/crt0.o (__libc_init_array)
/usr/lib/gcc/arm-none-eabi/10.3.1/../../../arm-none-eabi/lib/thumb/v6-m/nofp/libg.a(lib_a-malloc.o)
                              CMakeFiles/uart.dir/home/gomond/pico/pico-sdk/src/rp2_common/pico_malloc/pico_malloc.c.obj (malloc)
/usr/lib/gcc/arm-none-eabi/10.3.1/../../../arm-none-eabi/lib/thumb/v6-m/nofp/libg.a(lib_a-mallocr.o)
                              /usr/lib/gcc/arm-none-eabi/10.3.1/../../../arm-none-eabi/lib/thumb/v6-m/nofp/libg.a(lib_a-callocr.o) (_malloc_r)
/usr/lib/gcc/arm-none-eabi/10.3.1/../../../arm-none-eabi/lib/thumb/v6-m/nofp/libg.a(lib_a-mlock.o)
                              /usr/lib/gcc/arm-none-eabi/10.3.1/../../../arm-none-eabi/lib/thumb/v6-m/nofp/libg.a(lib_a-mallocr.o) (__malloc_lock)
/usr/lib/gcc/arm-none-eabi/10.3.1/../../../arm-none-eabi/lib/thumb/v6-m/nofp/libg.a(lib_a-realloc.o)
                              CMakeFiles/uart.dir/home/gomond/pico/pico-sdk/src/rp2_common/pico_malloc/pico_malloc.c.obj (realloc)
/usr/lib/gcc/arm-none-eabi/10.3.1/../../../arm-none-eabi/lib/thumb/v6-m/nofp/libg.a(lib_a-reallocr.o)
                              /usr/lib/gcc/arm-none-eabi/10.3.1/../../../arm-none-eabi/lib/thumb/v6-m/nofp/libg.a(lib_a-realloc.o) (_realloc_r)
/usr/lib/gcc/arm-none-eabi/10.3.1/../../../arm-none-eabi/lib/thumb/v6-m/nofp/libg.a(lib_a-sbrkr.o)
                              /usr/lib/gcc/arm-none-eabi/10.3.1/../../../arm-none-eabi/lib/thumb/v6-m/nofp/libg.a(lib_a-mallocr.o) (_sbrk_r)
/usr/lib/gcc/arm-none-eabi/10.3.1/../../../arm-none-eabi/lib/thumb/v6-m/nofp/libg.a(lib_a-strlen-stub.o)
                              CMakeFiles/uart.dir/home/gomond/pico/pico-sdk/src/rp2_common/pico_stdio/stdio.c.obj (strlen)
/usr/lib/gcc/arm-none-eabi/10.3.1/../../../arm-none-eabi/lib/thumb/v6-m/nofp/libg.a(lib_a-__atexit.o)
                              /usr/lib/gcc/arm-none-eabi/10.3.1/../../../arm-none-eabi/lib/thumb/v6-m/nofp/libg.a(lib_a-atexit.o) (__register_exitproc)
/usr/lib/gcc/arm-none-eabi/10.3.1/../../../arm-none-eabi/lib/thumb/v6-m/nofp/libg.a(lib_a-freer.o)
                              /usr/lib/gcc/arm-none-eabi/10.3.1/../../../arm-none-eabi/lib/thumb/v6-m/nofp/libg.a(lib_a-malloc.o) (_free_r)
/usr/lib/gcc/arm-none-eabi/10.3.1/../../../arm-none-eabi/lib/thumb/v6-m/nofp/libg.a(lib_a-memmove.o)
                              /usr/lib/gcc/arm-none-eabi/10.3.1/../../../arm-none-eabi/lib/thumb/v6-m/nofp/libg.a(lib_a-reallocr.o) (memmove)
/usr/lib/gcc/arm-none-eabi/10.3.1/../../../arm-none-eabi/lib/thumb/v6-m/nofp/libg.a(lib_a-reent.o)
                              /usr/lib/gcc/arm-none-eabi/10.3.1/../../../arm-none-eabi/lib/thumb/v6-m/nofp/libg.a(lib_a-sbrkr.o) (errno)

Discarded input sections

 .text          0x0000000000000000        0x0 /usr/lib/gcc/arm-none-eabi/10.3.1/thumb/v6-m/nofp/crti.o
 .data          0x0000000000000000        0x0 /usr/lib/gcc/arm-none-eabi/10.3.1/thumb/v6-m/nofp/crti.o
 .bss           0x0000000000000000        0x0 /usr/lib/gcc/arm-none-eabi/10.3.1/thumb/v6-m/nofp/crti.o
 .data          0x0000000000000000        0x4 /usr/lib/gcc/arm-none-eabi/10.3.1/thumb/v6-m/nofp/crtbegin.o
[...]
Memory Configuration

Name             Origin             Length             Attributes
FLASH            0x0000000010000000 0x0000000000200000 xr
RAM              0x0000000020000000 0x0000000000040000 xrw
SCRATCH_X        0x0000000020040000 0x0000000000001000 xrw
SCRATCH_Y        0x0000000020041000 0x0000000000001000 xrw
*default*        0x0000000000000000 0xffffffffffffffff

Linker script and memory map

LOAD /usr/lib/gcc/arm-none-eabi/10.3.1/thumb/v6-m/nofp/crti.o
LOAD /usr/lib/gcc/arm-none-eabi/10.3.1/thumb/v6-m/nofp/crtbegin.o
LOAD /usr/lib/gcc/arm-none-eabi/10.3.1/../../../arm-none-eabi/lib/thumb/v6-m/nofp/crt0.o

.flash_begin    0x0000000010000000        0x0
                0x0000000010000000                __flash_binary_start = .

.boot2          0x0000000010000000      0x100
                0x0000000010000000                __boot2_start__ = .
 *(.boot2)
 .boot2         0x0000000010000000      0x100 /tmp/ccsFpOOc.o
                0x0000000010000100                __boot2_end__ = .
                0x0000000000000001                ASSERT (((__boot2_end__ - __boot2_start__) == 0x100), ERROR: Pico second stage bootloader must be 256 bytes in size)

.text           0x0000000010000100     0x7338
                0x0000000010000100                __logical_binary_start = .
 *(.vectors)
 .vectors       0x0000000010000100       0xd4 CMakeFiles/uart.dir/home/gomond/pico/pico-sdk/src/rp2_common/pico_standard_link/crt0.S.obj
                0x0000000010000100                __vectors
                0x0000000010000100                __VECTOR_TABLE
                0x00000000100001c0                isr_invalid
                0x00000000100001c0                __default_isrs_start
                0x00000000100001c2                isr_nmi
                0x00000000100001c4                isr_hardfault
                0x00000000100001c6                isr_svcall
                0x00000000100001c8                isr_pendsv
                0x00000000100001ca                isr_systick
                0x00000000100001cc                isr_irq30
                0x00000000100001cc                __unhandled_user_irq
                0x00000000100001cc                isr_irq13
                0x00000000100001cc                isr_irq27
                0x00000000100001cc                isr_irq31
                0x00000000100001cc                isr_irq5
                0x00000000100001cc                isr_irq11
                0x00000000100001cc                isr_irq23
                0x00000000100001cc                isr_irq18
                0x00000000100001cc                isr_irq28
                0x00000000100001cc                isr_irq19
                0x00000000100001cc                isr_irq0
                0x00000000100001cc                isr_irq6
                0x00000000100001cc                isr_irq22
                0x00000000100001cc                isr_irq17
                0x00000000100001cc                isr_irq14
                0x00000000100001cc                isr_irq2
                0x00000000100001cc                isr_irq10
                0x00000000100001cc                isr_irq8
                0x00000000100001cc                isr_irq24
                0x00000000100001cc                isr_irq1
                0x00000000100001cc                isr_irq7
                0x00000000100001cc                isr_irq21
                0x00000000100001cc                isr_irq20
                0x00000000100001cc                isr_irq15
                0x00000000100001cc                isr_irq25
                0x00000000100001cc                isr_irq4
                0x00000000100001cc                isr_irq16
                0x00000000100001cc                isr_irq29
                0x00000000100001cc                isr_irq26
                0x00000000100001cc                __default_isrs_end
                0x00000000100001cc                isr_irq3
                0x00000000100001cc                isr_irq12
                0x00000000100001cc                isr_irq9
                0x00000000100001d2                unhandled_user_irq_num_in_r0
 *(.binary_info_header)
 .binary_info_header
                0x00000000100001d4       0x14 CMakeFiles/uart.dir/home/gomond/pico/pico-sdk/src/rp2_common/pico_standard_link/crt0.S.obj
                0x00000000100001e8                __binary_info_header_end = .
 *(.reset)
 .reset         0x00000000100001e8       0xa8 CMakeFiles/uart.dir/home/gomond/pico/pico-sdk/src/rp2_common/pico_standard_link/crt0.S.obj
                0x00000000100001e8                _entry_point
                0x0000000010000266                __get_current_exception
 .reset         0x0000000010000290       0x30 CMakeFiles/uart.dir/home/gomond/pico/pico-sdk/src/rp2_common/pico_standard_link/binary_info.c.obj
 *(.init)
 .init          0x00000000100002c0        0x4 /usr/lib/gcc/arm-none-eabi/10.3.1/thumb/v6-m/nofp/crti.o
                0x00000000100002c0                _init
 *(EXCLUDE_FILE(*libm.a: *libc.a:*lib_a-mem*.o *libgcc.a:) .text*)
 .text          0x00000000100002c4       0x98 /usr/lib/gcc/arm-none-eabi/10.3.1/thumb/v6-m/nofp/crtbegin.o
 .text.read_serial_sensor
                0x000000001000035c       0xe0 CMakeFiles/uart.dir/uart.c.obj
                0x000000001000035c                read_serial_sensor
 .text.main     0x000000001000043c       0x70 CMakeFiles/uart.dir/uart.c.obj
                0x000000001000043c                main
 .text.gpio_set_function
                0x00000000100004ac       0x30 CMakeFiles/uart.dir/home/gomond/pico/pico-sdk/src/rp2_common/hardware_gpio/gpio.c.obj
                0x00000000100004ac                gpio_set_function
 .text.hw_claim_lock
                0x00000000100004dc       0x18 CMakeFiles/uart.dir/home/gomond/pico/pico-sdk/src/rp2_common/hardware_claim/claim.c.obj
                0x00000000100004dc                hw_claim_lock
 .text.hw_claim_unlock
                0x00000000100004f4       0x14 CMakeFiles/uart.dir/home/gomond/pico/pico-sdk/src/rp2_common/hardware_claim/claim.c.obj
                0x00000000100004f4                hw_claim_unlock
 .text.hw_claim_or_assert
                0x0000000010000508       0x32 CMakeFiles/uart.dir/home/gomond/pico/pico-sdk/src/rp2_common/hardware_claim/claim.c.obj
                0x0000000010000508                hw_claim_or_assert
 .text.hw_claim_unused_from_range
                0x000000001000053a       0x50 CMakeFiles/uart.dir/home/gomond/pico/pico-sdk/src/rp2_common/hardware_claim/claim.c.obj
                0x000000001000053a                hw_claim_unused_from_range
 *fill*         0x000000001000058a        0x2 
 .text.running_on_fpga
                0x000000001000058c       0x14 CMakeFiles/uart.dir/home/gomond/pico/pico-sdk/src/rp2_common/pico_platform/platform.c.obj
                0x000000001000058c                running_on_fpga
 .text.spin_locks_reset
                0x00000000100005a0       0x20 CMakeFiles/uart.dir/home/gomond/pico/pico-sdk/src/rp2_common/hardware_sync/sync.c.obj
                0x00000000100005a0                spin_locks_reset
 .text.next_striped_spin_lock_num
                0x00000000100005c0       0x1c CMakeFiles/uart.dir/home/gomond/pico/pico-sdk/src/rp2_common/hardware_sync/sync.c.obj
                0x00000000100005c0                next_striped_spin_lock_num
 .text.spin_lock_claim_unused
                0x00000000100005dc       0x20 CMakeFiles/uart.dir/home/gomond/pico/pico-sdk/src/rp2_common/hardware_sync/sync.c.obj
                0x00000000100005dc                spin_lock_claim_unused
 .text.set_raw_irq_handler_and_unlock
                0x00000000100005fc       0x28 CMakeFiles/uart.dir/home/gomond/pico/pico-sdk/src/rp2_common/hardware_irq/irq.c.obj
 .text.make_branch
                0x0000000010000624       0x48 CMakeFiles/uart.dir/home/gomond/pico/pico-sdk/src/rp2_common/hardware_irq/irq.c.obj
 .text.insert_branch_and_link
                0x000000001000066c       0x40 CMakeFiles/uart.dir/home/gomond/pico/pico-sdk/src/rp2_common/hardware_irq/irq.c.obj
 .text.irq_is_enabled
                0x00000000100006ac       0x18 CMakeFiles/uart.dir/home/gomond/pico/pico-sdk/src/rp2_common/hardware_irq/irq.c.obj
                0x00000000100006ac                irq_is_enabled
 .text.irq_set_mask_enabled
                0x00000000100006c4       0x20 CMakeFiles/uart.dir/home/gomond/pico/pico-sdk/src/rp2_common/hardware_irq/irq.c.obj
                0x00000000100006c4                irq_set_mask_enabled
 .text.irq_set_enabled
                0x00000000100006e4        0xe CMakeFiles/uart.dir/home/gomond/pico/pico-sdk/src/rp2_common/hardware_irq/irq.c.obj
                0x00000000100006e4                irq_set_enabled
 *fill*         0x00000000100006f2        0x2 
 .text.irq_set_pending
                0x00000000100006f4       0x10 CMakeFiles/uart.dir/home/gomond/pico/pico-sdk/src/rp2_common/hardware_irq/irq.c.obj
                0x00000000100006f4                irq_set_pending
 .text.irq_get_vtable_handler
                0x0000000010000704       0x10 CMakeFiles/uart.dir/home/gomond/pico/pico-sdk/src/rp2_common/hardware_irq/irq.c.obj
                0x0000000010000704                irq_get_vtable_handler
 .text.irq_has_shared_handler
                0x0000000010000714       0x24 CMakeFiles/uart.dir/home/gomond/pico/pico-sdk/src/rp2_common/hardware_irq/irq.c.obj
                0x0000000010000714                irq_has_shared_handler
 .text.irq_set_exclusive_handler
                0x0000000010000738       0x54 CMakeFiles/uart.dir/home/gomond/pico/pico-sdk/src/rp2_common/hardware_irq/irq.c.obj
                0x0000000010000738                irq_set_exclusive_handler
 .text.irq_add_shared_handler
                0x000000001000078c      0x230 CMakeFiles/uart.dir/home/gomond/pico/pico-sdk/src/rp2_common/hardware_irq/irq.c.obj
                0x000000001000078c                irq_add_shared_handler
 .text.irq_remove_handler
                0x00000000100009bc      0x1a8 CMakeFiles/uart.dir/home/gomond/pico/pico-sdk/src/rp2_common/hardware_irq/irq.c.obj
                0x00000000100009bc                irq_remove_handler
 .text.irq_add_tail_to_free_list
                0x0000000010000b64       0xf0 CMakeFiles/uart.dir/home/gomond/pico/pico-sdk/src/rp2_common/hardware_irq/irq.c.obj
                0x0000000010000b64                irq_add_tail_to_free_list
 .text.irq_init_priorities
                0x0000000010000c54       0x1c CMakeFiles/uart.dir/home/gomond/pico/pico-sdk/src/rp2_common/hardware_irq/irq.c.obj
                0x0000000010000c54                irq_init_priorities
 .text.user_irq_claim_unused
                0x0000000010000c70       0x30 CMakeFiles/uart.dir/home/gomond/pico/pico-sdk/src/rp2_common/hardware_irq/irq.c.obj
                0x0000000010000c70                user_irq_claim_unused
 .text.lock_init
                0x0000000010000ca0       0x10 CMakeFiles/uart.dir/home/gomond/pico/pico-sdk/src/common/pico_sync/lock_core.c.obj
                0x0000000010000ca0                lock_init
 .text.alarm_pool_post_alloc_init
                0x0000000010000cb0       0x40 CMakeFiles/uart.dir/home/gomond/pico/pico-sdk/src/common/pico_time/time.c.obj
 .text.sleep_until_callback
                0x0000000010000cf0       0x30 CMakeFiles/uart.dir/home/gomond/pico/pico-sdk/src/common/pico_time/time.c.obj
 .text.timer_pool_entry_comparator
                0x0000000010000d20       0x7c CMakeFiles/uart.dir/home/gomond/pico/pico-sdk/src/common/pico_time/time.c.obj
                0x0000000010000d20                timer_pool_entry_comparator
 .text.ph_add_child_node
                0x0000000010000d9c       0xa4 CMakeFiles/uart.dir/home/gomond/pico/pico-sdk/src/common/pico_time/time.c.obj
 .text.ph_merge_nodes
                0x0000000010000e40       0x3e CMakeFiles/uart.dir/home/gomond/pico/pico-sdk/src/common/pico_time/time.c.obj
 *fill*         0x0000000010000e7e        0x2 
 .text.add_alarm_under_lock
                0x0000000010000e80      0x174 CMakeFiles/uart.dir/home/gomond/pico/pico-sdk/src/common/pico_time/time.c.obj
 .text.alarm_pool_alarm_callback
                0x0000000010000ff4      0x328 CMakeFiles/uart.dir/home/gomond/pico/pico-sdk/src/common/pico_time/time.c.obj
 .text.alarm_pool_init_default
                0x000000001000131c       0x38 CMakeFiles/uart.dir/home/gomond/pico/pico-sdk/src/common/pico_time/time.c.obj
                0x000000001000131c                alarm_pool_init_default
 .text.alarm_pool_get_default
                0x0000000010001354       0x2c CMakeFiles/uart.dir/home/gomond/pico/pico-sdk/src/common/pico_time/time.c.obj
                0x0000000010001354                alarm_pool_get_default
 .text.alarm_pool_add_alarm_at
                0x0000000010001380      0x170 CMakeFiles/uart.dir/home/gomond/pico/pico-sdk/src/common/pico_time/time.c.obj
                0x0000000010001380                alarm_pool_add_alarm_at
 .text.alarm_pool_cancel_alarm
                0x00000000100014f0       0xf0 CMakeFiles/uart.dir/home/gomond/pico/pico-sdk/src/common/pico_time/time.c.obj
                0x00000000100014f0                alarm_pool_cancel_alarm
 .text.best_effort_wfe_or_timeout
                0x00000000100015e0       0x80 CMakeFiles/uart.dir/home/gomond/pico/pico-sdk/src/common/pico_time/time.c.obj
                0x00000000100015e0                best_effort_wfe_or_timeout
 .text.hardware_alarm_irq_handler
                0x0000000010001660       0x8c CMakeFiles/uart.dir/home/gomond/pico/pico-sdk/src/rp2_common/hardware_timer/timer.c.obj
 .text.hardware_alarm_claim
                0x00000000100016ec       0x18 CMakeFiles/uart.dir/home/gomond/pico/pico-sdk/src/rp2_common/hardware_timer/timer.c.obj
                0x00000000100016ec                hardware_alarm_claim
 .text.time_us_64
                0x0000000010001704       0x18 CMakeFiles/uart.dir/home/gomond/pico/pico-sdk/src/rp2_common/hardware_timer/timer.c.obj
                0x0000000010001704                time_us_64
 .text.busy_wait_until
                0x000000001000171c       0x28 CMakeFiles/uart.dir/home/gomond/pico/pico-sdk/src/rp2_common/hardware_timer/timer.c.obj
                0x000000001000171c                busy_wait_until
 .text.busy_wait_us
                0x0000000010001744       0x48 CMakeFiles/uart.dir/home/gomond/pico/pico-sdk/src/rp2_common/hardware_timer/timer.c.obj
                0x0000000010001744                busy_wait_us
 .text.hardware_alarm_set_callback
                0x000000001000178c       0x90 CMakeFiles/uart.dir/home/gomond/pico/pico-sdk/src/rp2_common/hardware_timer/timer.c.obj
                0x000000001000178c                hardware_alarm_set_callback
 .text.hardware_alarm_set_target
                0x000000001000181c       0xe8 CMakeFiles/uart.dir/home/gomond/pico/pico-sdk/src/rp2_common/hardware_timer/timer.c.obj
                0x000000001000181c                hardware_alarm_set_target
 .text.hardware_alarm_cancel
                0x0000000010001904       0x40 CMakeFiles/uart.dir/home/gomond/pico/pico-sdk/src/rp2_common/hardware_timer/timer.c.obj
                0x0000000010001904                hardware_alarm_cancel
 .text.ph_add_child_node
                0x0000000010001944       0xa4 CMakeFiles/uart.dir/home/gomond/pico/pico-sdk/src/common/pico_util/pheap.c.obj
 .text.ph_merge_nodes
                0x00000000100019e8       0x3e CMakeFiles/uart.dir/home/gomond/pico/pico-sdk/src/common/pico_util/pheap.c.obj
 *fill*         0x0000000010001a26        0x2 
 .text.ph_clear
                0x0000000010001a28       0x70 CMakeFiles/uart.dir/home/gomond/pico/pico-sdk/src/common/pico_util/pheap.c.obj
                0x0000000010001a28                ph_clear
 .text.ph_post_alloc_init
                0x0000000010001a98        0xe CMakeFiles/uart.dir/home/gomond/pico/pico-sdk/src/common/pico_util/pheap.c.obj
                0x0000000010001a98                ph_post_alloc_init
 *fill*         0x0000000010001aa6        0x2 
 .text.ph_merge_two_pass
                0x0000000010001aa8       0xa8 CMakeFiles/uart.dir/home/gomond/pico/pico-sdk/src/common/pico_util/pheap.c.obj
                0x0000000010001aa8                ph_merge_two_pass
 .text.ph_remove_any_head
                0x0000000010001b50      0x108 CMakeFiles/uart.dir/home/gomond/pico/pico-sdk/src/common/pico_util/pheap.c.obj
 .text.ph_remove_head
                0x0000000010001c58       0x14 CMakeFiles/uart.dir/home/gomond/pico/pico-sdk/src/common/pico_util/pheap.c.obj
                0x0000000010001c58                ph_remove_head
 .text.ph_remove_and_free_node
                0x0000000010001c6c       0xf8 CMakeFiles/uart.dir/home/gomond/pico/pico-sdk/src/common/pico_util/pheap.c.obj
                0x0000000010001c6c                ph_remove_and_free_node
 .text.mutex_init
                0x0000000010001d64       0x1a CMakeFiles/uart.dir/home/gomond/pico/pico-sdk/src/common/pico_sync/mutex.c.obj
                0x0000000010001d64                mutex_init
 .text.recursive_mutex_init
                0x0000000010001d7e       0x1e CMakeFiles/uart.dir/home/gomond/pico/pico-sdk/src/common/pico_sync/mutex.c.obj
                0x0000000010001d7e                recursive_mutex_init
 .text.critical_section_init_with_lock_num
                0x0000000010001d9c       0x14 CMakeFiles/uart.dir/home/gomond/pico/pico-sdk/src/common/pico_sync/critical_section.c.obj
                0x0000000010001d9c                critical_section_init_with_lock_num
 .text.critical_section_init
                0x0000000010001db0       0x14 CMakeFiles/uart.dir/home/gomond/pico/pico-sdk/src/common/pico_sync/critical_section.c.obj
                0x0000000010001db0                critical_section_init
 .text.uart_set_baudrate
                0x0000000010001dc4       0x5c CMakeFiles/uart.dir/home/gomond/pico/pico-sdk/src/rp2_common/hardware_uart/uart.c.obj
                0x0000000010001dc4                uart_set_baudrate
 .text.uart_set_translate_crlf
                0x0000000010001e20       0x28 CMakeFiles/uart.dir/home/gomond/pico/pico-sdk/src/rp2_common/hardware_uart/uart.c.obj
                0x0000000010001e20                uart_set_translate_crlf
 .text.uart_init
                0x0000000010001e48       0x80 CMakeFiles/uart.dir/home/gomond/pico/pico-sdk/src/rp2_common/hardware_uart/uart.c.obj
                0x0000000010001e48                uart_init
 .text._exit    0x0000000010001ec8        0x4 CMakeFiles/uart.dir/home/gomond/pico/pico-sdk/src/rp2_common/pico_runtime/runtime.c.obj
                0x0000000010001ec8                _exit
 .text.exit     0x0000000010001ecc        0x6 CMakeFiles/uart.dir/home/gomond/pico/pico-sdk/src/rp2_common/pico_runtime/runtime.c.obj
                0x0000000010001ecc                exit
 *fill*         0x0000000010001ed2        0x2 
 .text.__assert_func
                0x0000000010001ed4       0x3c CMakeFiles/uart.dir/home/gomond/pico/pico-sdk/src/rp2_common/pico_runtime/runtime.c.obj
                0x0000000010001ed4                __assert_func
 .text.runtime_init
                0x0000000010001f10       0xf8 CMakeFiles/uart.dir/home/gomond/pico/pico-sdk/src/rp2_common/pico_runtime/runtime.c.obj
                0x0000000010001f10                runtime_init
 .text.panic    0x0000000010002008       0x30 CMakeFiles/uart.dir/home/gomond/pico/pico-sdk/src/rp2_common/pico_runtime/runtime.c.obj
                0x0000000010002008                panic
 .text.clock_configure
                0x0000000010002038      0x104 CMakeFiles/uart.dir/home/gomond/pico/pico-sdk/src/rp2_common/hardware_clocks/clocks.c.obj
                0x0000000010002038                clock_configure
 .text.clocks_init
                0x000000001000213c      0x100 CMakeFiles/uart.dir/home/gomond/pico/pico-sdk/src/rp2_common/hardware_clocks/clocks.c.obj
                0x000000001000213c                clocks_init
 .text.clock_get_hz
                0x000000001000223c        0xc CMakeFiles/uart.dir/home/gomond/pico/pico-sdk/src/rp2_common/hardware_clocks/clocks.c.obj
                0x000000001000223c                clock_get_hz
 .text.pll_init
                0x0000000010002248      0x140 CMakeFiles/uart.dir/home/gomond/pico/pico-sdk/src/rp2_common/hardware_pll/pll.c.obj
                0x0000000010002248                pll_init
 .text.watchdog_start_tick
                0x0000000010002388       0x10 CMakeFiles/uart.dir/home/gomond/pico/pico-sdk/src/rp2_common/hardware_watchdog/watchdog.c.obj
                0x0000000010002388                watchdog_start_tick
 .text.watchdog_update
                0x0000000010002398       0x14 CMakeFiles/uart.dir/home/gomond/pico/pico-sdk/src/rp2_common/hardware_watchdog/watchdog.c.obj
                0x0000000010002398                watchdog_update
 .text._watchdog_enable
                0x00000000100023ac       0x78 CMakeFiles/uart.dir/home/gomond/pico/pico-sdk/src/rp2_common/hardware_watchdog/watchdog.c.obj
                0x00000000100023ac                _watchdog_enable
 .text.watchdog_reboot
                0x0000000010002424       0x48 CMakeFiles/uart.dir/home/gomond/pico/pico-sdk/src/rp2_common/hardware_watchdog/watchdog.c.obj
                0x0000000010002424                watchdog_reboot
 .text.xosc_init
                0x000000001000246c       0x28 CMakeFiles/uart.dir/home/gomond/pico/pico-sdk/src/rp2_common/hardware_xosc/xosc.c.obj
                0x000000001000246c                xosc_init
 .text._out_null
                0x0000000010002494        0x2 CMakeFiles/uart.dir/home/gomond/pico/pico-sdk/src/rp2_common/pico_printf/printf.c.obj
 .text._out_fct
                0x0000000010002496        0xe CMakeFiles/uart.dir/home/gomond/pico/pico-sdk/src/rp2_common/pico_printf/printf.c.obj
 .text._atoi    0x00000000100024a4       0x24 CMakeFiles/uart.dir/home/gomond/pico/pico-sdk/src/rp2_common/pico_printf/printf.c.obj
 .text._out_rev
                0x00000000100024c8       0xae CMakeFiles/uart.dir/home/gomond/pico/pico-sdk/src/rp2_common/pico_printf/printf.c.obj
 .text._ntoa_format
                0x0000000010002576      0x112 CMakeFiles/uart.dir/home/gomond/pico/pico-sdk/src/rp2_common/pico_printf/printf.c.obj
 .text._ntoa_long
                0x0000000010002688       0xbc CMakeFiles/uart.dir/home/gomond/pico/pico-sdk/src/rp2_common/pico_printf/printf.c.obj
 .text._ntoa_long_long
                0x0000000010002744       0xe2 CMakeFiles/uart.dir/home/gomond/pico/pico-sdk/src/rp2_common/pico_printf/printf.c.obj
 *fill*         0x0000000010002826        0x2 
 .text._etoa    0x0000000010002828      0x414 CMakeFiles/uart.dir/home/gomond/pico/pico-sdk/src/rp2_common/pico_printf/printf.c.obj
 .text._ftoa    0x0000000010002c3c      0x354 CMakeFiles/uart.dir/home/gomond/pico/pico-sdk/src/rp2_common/pico_printf/printf.c.obj
 .text._vsnprintf
                0x0000000010002f90      0x624 CMakeFiles/uart.dir/home/gomond/pico/pico-sdk/src/rp2_common/pico_printf/printf.c.obj
 .text.vfctprintf
                0x00000000100035b4       0x20 CMakeFiles/uart.dir/home/gomond/pico/pico-sdk/src/rp2_common/pico_printf/printf.c.obj
                0x00000000100035b4                vfctprintf
 .text          0x00000000100035d4       0x10 CMakeFiles/uart.dir/home/gomond/pico/pico-sdk/src/rp2_common/pico_bit_ops/bit_ops_aeabi.S.obj
 .text.rom_func_lookup
                0x00000000100035e4       0x10 CMakeFiles/uart.dir/home/gomond/pico/pico-sdk/src/rp2_common/pico_bootrom/bootrom.c.obj
                0x00000000100035e4                rom_func_lookup
 .text.rom_data_lookup
                0x00000000100035f4       0x10 CMakeFiles/uart.dir/home/gomond/pico/pico-sdk/src/rp2_common/pico_bootrom/bootrom.c.obj
                0x00000000100035f4                rom_data_lookup
 .text.rom_funcs_lookup
                0x0000000010003604       0x36 CMakeFiles/uart.dir/home/gomond/pico/pico-sdk/src/rp2_common/pico_bootrom/bootrom.c.obj
                0x0000000010003604                rom_funcs_lookup
 *fill*         0x000000001000363a        0x2 
 .text.__wrap___aeabi_idiv
                0x000000001000363c       0x50 CMakeFiles/uart.dir/home/gomond/pico/pico-sdk/src/rp2_common/pico_divider/divider.S.obj
                0x000000001000363c                __wrap___aeabi_idivmod
                0x000000001000363c                divmod_s32s32
                0x000000001000363c                div_s32s32
                0x000000001000363c                __wrap___aeabi_idiv
                0x0000000010003644                divmod_s32s32_unsafe
                0x0000000010003670                divmod_s32s32_savestate
 .text.__wrap___aeabi_uidiv
                0x000000001000368c       0x4c CMakeFiles/uart.dir/home/gomond/pico/pico-sdk/src/rp2_common/pico_divider/divider.S.obj
                0x000000001000368c                __wrap___aeabi_uidiv
                0x000000001000368c                __wrap___aeabi_uidivmod
                0x000000001000368c                div_u32u32
                0x000000001000368c                divmod_u32u32
                0x0000000010003694                divmod_u32u32_unsafe
                0x00000000100036bc                divmod_u32u32_savestate
 .text.__wrap___aeabi_ldiv
                0x00000000100036d8      0x434 CMakeFiles/uart.dir/home/gomond/pico/pico-sdk/src/rp2_common/pico_divider/divider.S.obj
                0x00000000100036d8                div_s64s64
                0x00000000100036d8                divmod_s64s64
                0x00000000100036d8                __wrap___aeabi_ldivmod
                0x0000000010003710                div_u64u64
                0x0000000010003710                divmod_u64u64
                0x0000000010003710                __wrap___aeabi_uldivmod
                0x0000000010003720                divmod_u64u64_savestate
                0x0000000010003748                divmod_s64s64_unsafe
                0x00000000100037d0                divmod_u64u64_unsafe
 .text.__wrap___aeabi_darithmetic
                0x0000000010003b0c       0x80 CMakeFiles/uart.dir/home/gomond/pico/pico-sdk/src/rp2_common/pico_double/double_aeabi.S.obj
                0x0000000010003b0c                __wrap___aeabi_drsub
                0x0000000010003b12                __wrap___aeabi_dsub
                0x0000000010003b24                __wrap___aeabi_dadd
                0x0000000010003b36                __wrap___aeabi_ddiv
                0x0000000010003b72                __wrap___aeabi_dmul
 .text.__wrap___aeabi_cdcmple
                0x0000000010003b8c       0x6c CMakeFiles/uart.dir/home/gomond/pico/pico-sdk/src/rp2_common/pico_double/double_aeabi.S.obj
                0x0000000010003b8c                __wrap___aeabi_cdrcmple
                0x0000000010003b9c                __wrap___aeabi_cdcmple
                0x0000000010003b9c                __wrap___aeabi_cdcmpeq
 .text.__wrap___aeabi_dcmplt
                0x0000000010003bf8        0xc CMakeFiles/uart.dir/home/gomond/pico/pico-sdk/src/rp2_common/pico_double/double_aeabi.S.obj
                0x0000000010003bf8                __wrap___aeabi_dcmplt
 .text.__wrap___aeabi_dcmple
                0x0000000010003c04       0x10 CMakeFiles/uart.dir/home/gomond/pico/pico-sdk/src/rp2_common/pico_double/double_aeabi.S.obj
                0x0000000010003c04                __wrap___aeabi_dcmple
 .text.__wrap___aeabi_dcmpge
                0x0000000010003c14       0x10 CMakeFiles/uart.dir/home/gomond/pico/pico-sdk/src/rp2_common/pico_double/double_aeabi.S.obj
                0x0000000010003c14                __wrap___aeabi_dcmpge
 .text.__wrap___aeabi_dcmpgt
                0x0000000010003c24        0xa CMakeFiles/uart.dir/home/gomond/pico/pico-sdk/src/rp2_common/pico_double/double_aeabi.S.obj
                0x0000000010003c24                __wrap___aeabi_dcmpgt
 .text.__wrap___aeabi_dcmpun
                0x0000000010003c2e       0x1c CMakeFiles/uart.dir/home/gomond/pico/pico-sdk/src/rp2_common/pico_double/double_aeabi.S.obj
                0x0000000010003c2e                __wrap___aeabi_dcmpun
 *fill*         0x0000000010003c4a        0x2 
 .text.__wrap___aeabi_i2d
                0x0000000010003c4c       0x38 CMakeFiles/uart.dir/home/gomond/pico/pico-sdk/src/rp2_common/pico_double/double_aeabi.S.obj
                0x0000000010003c4c                __wrap___aeabi_ui2d
                0x0000000010003c54                __wrap___aeabi_i2d
 .text.__wrap___aeabi_d2iz
                0x0000000010003c84       0x48 CMakeFiles/uart.dir/home/gomond/pico/pico-sdk/src/rp2_common/pico_double/double_aeabi.S.obj
                0x0000000010003c84                __wrap___aeabi_d2iz
                0x0000000010003c84                double2int_z
 .text.__wrap___aeabi_d2uiz
                0x0000000010003ccc       0x18 CMakeFiles/uart.dir/home/gomond/pico/pico-sdk/src/rp2_common/pico_double/double_aeabi.S.obj
                0x0000000010003ccc                double2uint
                0x0000000010003ccc                __wrap___aeabi_d2uiz
 .text.__aeabi_double_init
                0x0000000010003ce4       0xc8 CMakeFiles/uart.dir/home/gomond/pico/pico-sdk/src/rp2_common/pico_double/double_init_rom.c.obj
                0x0000000010003ce4                __aeabi_double_init
 .text.double_table_shim_on_use_helper
                0x0000000010003dac       0x34 CMakeFiles/uart.dir/home/gomond/pico/pico-sdk/src/rp2_common/pico_double/double_v1_rom_shim.S.obj
                0x0000000010003dac                double_table_shim_on_use_helper
 .text.__wrap___aeabi_dsub
                0x0000000010003de0       0x10 CMakeFiles/uart.dir/home/gomond/pico/pico-sdk/src/rp2_common/pico_double/double_v1_rom_shim.S.obj
                0x0000000010003de0                drsub_shim
                0x0000000010003de6                dsub_shim
 .text.dadd_shim
                0x0000000010003df0      0x15c CMakeFiles/uart.dir/home/gomond/pico/pico-sdk/src/rp2_common/pico_double/double_v1_rom_shim.S.obj
                0x0000000010003df0                dadd_shim
 .text.dmul_shim
                0x0000000010003f4c      0x15c CMakeFiles/uart.dir/home/gomond/pico/pico-sdk/src/rp2_common/pico_double/double_v1_rom_shim.S.obj
                0x0000000010003f4c                dmul_shim
 .text.ddiv_shim
                0x00000000100040a8      0x1b0 CMakeFiles/uart.dir/home/gomond/pico/pico-sdk/src/rp2_common/pico_double/double_v1_rom_shim.S.obj
                0x00000000100040a8                ddiv_shim
 .text.double2uint_shim
                0x0000000010004258        0xe CMakeFiles/uart.dir/home/gomond/pico/pico-sdk/src/rp2_common/pico_double/double_v1_rom_shim.S.obj
                0x0000000010004258                double2uint_shim
                0x000000001000425a                double2ufix_shim
 *fill*         0x0000000010004266        0x2 
 .text.double2uint64_shim
                0x0000000010004268       0x70 CMakeFiles/uart.dir/home/gomond/pico/pico-sdk/src/rp2_common/pico_double/double_v1_rom_shim.S.obj
                0x0000000010004268                double2uint64_shim
                0x000000001000426a                double2ufix64_shim
                0x000000001000428a                d2fix_a
 .text.dunpacks
                0x00000000100042d8       0x3c CMakeFiles/uart.dir/home/gomond/pico/pico-sdk/src/rp2_common/pico_double/double_v1_rom_shim.S.obj
                0x00000000100042d8                dunpacks
 .text.__aeabi_lmul
                0x0000000010004314       0x32 CMakeFiles/uart.dir/home/gomond/pico/pico-sdk/src/rp2_common/pico_int64_ops/pico_int64_ops_aeabi.S.obj
                0x0000000010004314                __wrap___aeabi_lmul
 *fill*         0x0000000010004346        0x2 
 .text.__aeabi_float_init
                0x0000000010004348       0xfc CMakeFiles/uart.dir/home/gomond/pico/pico-sdk/src/rp2_common/pico_float/float_init_rom.c.obj
                0x0000000010004348                __aeabi_float_init
 .text.float_table_shim_on_use_helper
                0x0000000010004444       0x34 CMakeFiles/uart.dir/home/gomond/pico/pico-sdk/src/rp2_common/pico_float/float_v1_rom_shim.S.obj
                0x0000000010004444                float_table_shim_on_use_helper
 .text          0x0000000010004478       0x10 CMakeFiles/uart.dir/home/gomond/pico/pico-sdk/src/rp2_common/pico_mem_ops/mem_ops_aeabi.S.obj
                0x0000000010004478                __aeabi_mem_init
 .text.memset   0x0000000010004488        0xc CMakeFiles/uart.dir/home/gomond/pico/pico-sdk/src/rp2_common/pico_mem_ops/mem_ops_aeabi.S.obj
                0x0000000010004488                __wrap_memset
 .text.memcpy   0x0000000010004494        0xc CMakeFiles/uart.dir/home/gomond/pico/pico-sdk/src/rp2_common/pico_mem_ops/mem_ops_aeabi.S.obj
                0x0000000010004494                __wrap___aeabi_memcpy
                0x0000000010004494                __wrap_memcpy
 .text.stdio_out_chars_no_crlf
                0x00000000100044a0        0xe CMakeFiles/uart.dir/home/gomond/pico/pico-sdk/src/rp2_common/pico_stdio/stdio.c.obj
 *fill*         0x00000000100044ae        0x2 
 .text.stdio_out_chars_crlf
                0x00000000100044b0       0x80 CMakeFiles/uart.dir/home/gomond/pico/pico-sdk/src/rp2_common/pico_stdio/stdio.c.obj
 .text.stdio_stack_buffer_flush
                0x0000000010004530       0x44 CMakeFiles/uart.dir/home/gomond/pico/pico-sdk/src/rp2_common/pico_stdio/stdio.c.obj
 .text.stdio_buffered_printer
                0x0000000010004574       0x20 CMakeFiles/uart.dir/home/gomond/pico/pico-sdk/src/rp2_common/pico_stdio/stdio.c.obj
 .text.stdout_serialize_begin
                0x0000000010004594       0x30 CMakeFiles/uart.dir/home/gomond/pico/pico-sdk/src/rp2_common/pico_stdio/stdio.c.obj
                0x0000000010004594                stdout_serialize_begin
 .text.stdout_serialize_end
                0x00000000100045c4       0x10 CMakeFiles/uart.dir/home/gomond/pico/pico-sdk/src/rp2_common/pico_stdio/stdio.c.obj
                0x00000000100045c4                stdout_serialize_end
 .text.stdio_put_string
                0x00000000100045d4       0x98 CMakeFiles/uart.dir/home/gomond/pico/pico-sdk/src/rp2_common/pico_stdio/stdio.c.obj
 .text.stdio_set_driver_enabled
                0x000000001000466c       0x2c CMakeFiles/uart.dir/home/gomond/pico/pico-sdk/src/rp2_common/pico_stdio/stdio.c.obj
                0x000000001000466c                stdio_set_driver_enabled
 .text.stdio_flush
                0x0000000010004698       0x20 CMakeFiles/uart.dir/home/gomond/pico/pico-sdk/src/rp2_common/pico_stdio/stdio.c.obj
                0x0000000010004698                stdio_flush
 .text.__wrap_puts
                0x00000000100046b8       0x1e CMakeFiles/uart.dir/home/gomond/pico/pico-sdk/src/rp2_common/pico_stdio/stdio.c.obj
                0x00000000100046b8                __wrap_puts
 *fill*         0x00000000100046d6        0x2 
 .text.__wrap_vprintf
                0x00000000100046d8       0x44 CMakeFiles/uart.dir/home/gomond/pico/pico-sdk/src/rp2_common/pico_stdio/stdio.c.obj
                0x00000000100046d8                __wrap_vprintf
 .text.__wrap_printf
                0x000000001000471c       0x18 CMakeFiles/uart.dir/home/gomond/pico/pico-sdk/src/rp2_common/pico_stdio/stdio.c.obj
                0x000000001000471c                __wrap_printf
 .text.stdio_init_all
                0x0000000010004734        0x8 CMakeFiles/uart.dir/home/gomond/pico/pico-sdk/src/rp2_common/pico_stdio/stdio.c.obj
                0x0000000010004734                stdio_init_all
 .text.resetd_init
                0x000000001000473c        0x2 CMakeFiles/uart.dir/home/gomond/pico/pico-sdk/src/rp2_common/pico_stdio_usb/reset_interface.c.obj
 *fill*         0x000000001000473e        0x2 
 .text.resetd_reset
                0x0000000010004740        0xc CMakeFiles/uart.dir/home/gomond/pico/pico-sdk/src/rp2_common/pico_stdio_usb/reset_interface.c.obj
 .text.resetd_open
                0x000000001000474c       0x34 CMakeFiles/uart.dir/home/gomond/pico/pico-sdk/src/rp2_common/pico_stdio_usb/reset_interface.c.obj
 .text.resetd_xfer_cb
                0x0000000010004780        0x4 CMakeFiles/uart.dir/home/gomond/pico/pico-sdk/src/rp2_common/pico_stdio_usb/reset_interface.c.obj
 .text.reset_usb_boot
                0x0000000010004784       0x18 CMakeFiles/uart.dir/home/gomond/pico/pico-sdk/src/rp2_common/pico_stdio_usb/reset_interface.c.obj
 .text.resetd_control_xfer_cb
                0x000000001000479c       0x5c CMakeFiles/uart.dir/home/gomond/pico/pico-sdk/src/rp2_common/pico_stdio_usb/reset_interface.c.obj
 .text.usbd_app_driver_get_cb
                0x00000000100047f8        0xc CMakeFiles/uart.dir/home/gomond/pico/pico-sdk/src/rp2_common/pico_stdio_usb/reset_interface.c.obj
                0x00000000100047f8                usbd_app_driver_get_cb
 .text.tud_cdc_line_coding_cb
                0x0000000010004804       0x28 CMakeFiles/uart.dir/home/gomond/pico/pico-sdk/src/rp2_common/pico_stdio_usb/reset_interface.c.obj
                0x0000000010004804                tud_cdc_line_coding_cb
 .text.stdio_usb_in_chars
                0x000000001000482c       0x70 CMakeFiles/uart.dir/home/gomond/pico/pico-sdk/src/rp2_common/pico_stdio_usb/stdio_usb.c.obj
                0x000000001000482c                stdio_usb_in_chars
 .text.low_priority_worker_irq
                0x000000001000489c       0x20 CMakeFiles/uart.dir/home/gomond/pico/pico-sdk/src/rp2_common/pico_stdio_usb/stdio_usb.c.obj
 .text.stdio_usb_out_chars
                0x00000000100048bc       0xd4 CMakeFiles/uart.dir/home/gomond/pico/pico-sdk/src/rp2_common/pico_stdio_usb/stdio_usb.c.obj
 .text.timer_task
                0x0000000010004990       0x40 CMakeFiles/uart.dir/home/gomond/pico/pico-sdk/src/rp2_common/pico_stdio_usb/stdio_usb.c.obj
 .text.usb_irq  0x00000000100049d0       0x10 CMakeFiles/uart.dir/home/gomond/pico/pico-sdk/src/rp2_common/pico_stdio_usb/stdio_usb.c.obj
 .text.stdio_usb_init
                0x00000000100049e0       0xec CMakeFiles/uart.dir/home/gomond/pico/pico-sdk/src/rp2_common/pico_stdio_usb/stdio_usb.c.obj
                0x00000000100049e0                stdio_usb_init
 .text.tud_descriptor_device_cb
                0x0000000010004acc        0x8 CMakeFiles/uart.dir/home/gomond/pico/pico-sdk/src/rp2_common/pico_stdio_usb/stdio_usb_descriptors.c.obj
                0x0000000010004acc                tud_descriptor_device_cb
 .text.tud_descriptor_configuration_cb
                0x0000000010004ad4        0x8 CMakeFiles/uart.dir/home/gomond/pico/pico-sdk/src/rp2_common/pico_stdio_usb/stdio_usb_descriptors.c.obj
                0x0000000010004ad4                tud_descriptor_configuration_cb
 .text.tud_descriptor_string_cb
                0x0000000010004adc       0x6c CMakeFiles/uart.dir/home/gomond/pico/pico-sdk/src/rp2_common/pico_stdio_usb/stdio_usb_descriptors.c.obj
                0x0000000010004adc                tud_descriptor_string_cb
 .text.hw_endpoint_get_by_addr
                0x0000000010004b48       0x18 CMakeFiles/uart.dir/home/gomond/pico/pico-sdk/lib/tinyusb/src/portable/raspberrypi/rp2040/dcd_rp2040.c.obj
 .text.reset_ep0_pid
                0x0000000010004b60       0x28 CMakeFiles/uart.dir/home/gomond/pico/pico-sdk/lib/tinyusb/src/portable/raspberrypi/rp2040/dcd_rp2040.c.obj
 .text._hw_endpoint_alloc
                0x0000000010004b88       0x70 CMakeFiles/uart.dir/home/gomond/pico/pico-sdk/lib/tinyusb/src/portable/raspberrypi/rp2040/dcd_rp2040.c.obj
 .text.hw_endpoint_init
                0x0000000010004bf8       0x88 CMakeFiles/uart.dir/home/gomond/pico/pico-sdk/lib/tinyusb/src/portable/raspberrypi/rp2040/dcd_rp2040.c.obj
 .text.reset_non_control_endpoints
                0x0000000010004c80       0x40 CMakeFiles/uart.dir/home/gomond/pico/pico-sdk/lib/tinyusb/src/portable/raspberrypi/rp2040/dcd_rp2040.c.obj
 .text.hw_handle_buff_status
                0x0000000010004cc0       0x8c CMakeFiles/uart.dir/home/gomond/pico/pico-sdk/lib/tinyusb/src/portable/raspberrypi/rp2040/dcd_rp2040.c.obj
 .text.dcd_rp2040_irq
                0x0000000010004d4c       0xc0 CMakeFiles/uart.dir/home/gomond/pico/pico-sdk/lib/tinyusb/src/portable/raspberrypi/rp2040/dcd_rp2040.c.obj
 .text.hw_endpoint_xfer
                0x0000000010004e0c       0x14 CMakeFiles/uart.dir/home/gomond/pico/pico-sdk/lib/tinyusb/src/portable/raspberrypi/rp2040/dcd_rp2040.c.obj
 .text.dcd_int_enable
                0x0000000010004e20       0x2c CMakeFiles/uart.dir/home/gomond/pico/pico-sdk/lib/tinyusb/src/portable/raspberrypi/rp2040/dcd_rp2040.c.obj
                0x0000000010004e20                dcd_int_enable
 .text.dcd_set_address
                0x0000000010004e4c       0x2c CMakeFiles/uart.dir/home/gomond/pico/pico-sdk/lib/tinyusb/src/portable/raspberrypi/rp2040/dcd_rp2040.c.obj
                0x0000000010004e4c                dcd_set_address
 .text.dcd_connect
                0x0000000010004e78       0x10 CMakeFiles/uart.dir/home/gomond/pico/pico-sdk/lib/tinyusb/src/portable/raspberrypi/rp2040/dcd_rp2040.c.obj
                0x0000000010004e78                dcd_connect
 .text.dcd_init
                0x0000000010004e88       0x7c CMakeFiles/uart.dir/home/gomond/pico/pico-sdk/lib/tinyusb/src/portable/raspberrypi/rp2040/dcd_rp2040.c.obj
                0x0000000010004e88                dcd_init
 .text.dcd_edpt0_status_complete
                0x0000000010004f04       0x1c CMakeFiles/uart.dir/home/gomond/pico/pico-sdk/lib/tinyusb/src/portable/raspberrypi/rp2040/dcd_rp2040.c.obj
                0x0000000010004f04                dcd_edpt0_status_complete
 .text.dcd_edpt_open
                0x0000000010004f20       0x40 CMakeFiles/uart.dir/home/gomond/pico/pico-sdk/lib/tinyusb/src/portable/raspberrypi/rp2040/dcd_rp2040.c.obj
                0x0000000010004f20                dcd_edpt_open
 .text.dcd_edpt_close_all
                0x0000000010004f60        0x8 CMakeFiles/uart.dir/home/gomond/pico/pico-sdk/lib/tinyusb/src/portable/raspberrypi/rp2040/dcd_rp2040.c.obj
                0x0000000010004f60                dcd_edpt_close_all
 .text.dcd_edpt_xfer
                0x0000000010004f68       0x30 CMakeFiles/uart.dir/home/gomond/pico/pico-sdk/lib/tinyusb/src/portable/raspberrypi/rp2040/dcd_rp2040.c.obj
                0x0000000010004f68                dcd_edpt_xfer
 .text.dcd_edpt_stall
                0x0000000010004f98       0x2c CMakeFiles/uart.dir/home/gomond/pico/pico-sdk/lib/tinyusb/src/portable/raspberrypi/rp2040/dcd_rp2040.c.obj
                0x0000000010004f98                dcd_edpt_stall
 .text.dcd_edpt_clear_stall
                0x0000000010004fc4       0x20 CMakeFiles/uart.dir/home/gomond/pico/pico-sdk/lib/tinyusb/src/portable/raspberrypi/rp2040/dcd_rp2040.c.obj
                0x0000000010004fc4                dcd_edpt_clear_stall
 .text.prepare_ep_buffer
                0x0000000010004fe4       0x70 CMakeFiles/uart.dir/home/gomond/pico/pico-sdk/lib/tinyusb/src/portable/raspberrypi/rp2040/rp2040_usb.c.obj
 .text.sync_ep_buffer
                0x0000000010005054       0x7c CMakeFiles/uart.dir/home/gomond/pico/pico-sdk/lib/tinyusb/src/portable/raspberrypi/rp2040/rp2040_usb.c.obj
 .text._hw_endpoint_xfer_sync
                0x00000000100050d0       0x28 CMakeFiles/uart.dir/home/gomond/pico/pico-sdk/lib/tinyusb/src/portable/raspberrypi/rp2040/rp2040_usb.c.obj
 .text.rp2040_usb_init
                0x00000000100050f8       0x4c CMakeFiles/uart.dir/home/gomond/pico/pico-sdk/lib/tinyusb/src/portable/raspberrypi/rp2040/rp2040_usb.c.obj
                0x00000000100050f8                rp2040_usb_init
 .text.hw_endpoint_reset_transfer
                0x0000000010005144        0xc CMakeFiles/uart.dir/home/gomond/pico/pico-sdk/lib/tinyusb/src/portable/raspberrypi/rp2040/rp2040_usb.c.obj
                0x0000000010005144                hw_endpoint_reset_transfer
 .text._hw_endpoint_buffer_control_update32
                0x0000000010005150       0x58 CMakeFiles/uart.dir/home/gomond/pico/pico-sdk/lib/tinyusb/src/portable/raspberrypi/rp2040/rp2040_usb.c.obj
                0x0000000010005150                _hw_endpoint_buffer_control_update32
 .text._hw_endpoint_start_next_buffer
                0x00000000100051a8       0x74 CMakeFiles/uart.dir/home/gomond/pico/pico-sdk/lib/tinyusb/src/portable/raspberrypi/rp2040/rp2040_usb.c.obj
 .text.hw_endpoint_xfer_start
                0x000000001000521c       0x48 CMakeFiles/uart.dir/home/gomond/pico/pico-sdk/lib/tinyusb/src/portable/raspberrypi/rp2040/rp2040_usb.c.obj
                0x000000001000521c                hw_endpoint_xfer_start
 .text.hw_endpoint_xfer_continue
                0x0000000010005264       0x38 CMakeFiles/uart.dir/home/gomond/pico/pico-sdk/lib/tinyusb/src/portable/raspberrypi/rp2040/rp2040_usb.c.obj
                0x0000000010005264                hw_endpoint_xfer_continue
 .text.configuration_reset
                0x000000001000529c       0x84 CMakeFiles/uart.dir/home/gomond/pico/pico-sdk/lib/tinyusb/src/device/usbd.c.obj
 .text.usbd_reset
                0x0000000010005320        0xc CMakeFiles/uart.dir/home/gomond/pico/pico-sdk/lib/tinyusb/src/device/usbd.c.obj
 .text.invoke_class_control
                0x000000001000532c       0x1a CMakeFiles/uart.dir/home/gomond/pico/pico-sdk/lib/tinyusb/src/device/usbd.c.obj
 *fill*         0x0000000010005346        0x2 
 .text.process_set_config
                0x0000000010005348      0x1b0 CMakeFiles/uart.dir/home/gomond/pico/pico-sdk/lib/tinyusb/src/device/usbd.c.obj
 .text.process_get_descriptor
                0x00000000100054f8       0xec CMakeFiles/uart.dir/home/gomond/pico/pico-sdk/lib/tinyusb/src/device/usbd.c.obj
 .text.tud_mounted
                0x00000000100055e4       0x10 CMakeFiles/uart.dir/home/gomond/pico/pico-sdk/lib/tinyusb/src/device/usbd.c.obj
                0x00000000100055e4                tud_mounted
 .text.tud_suspended
                0x00000000100055f4       0x10 CMakeFiles/uart.dir/home/gomond/pico/pico-sdk/lib/tinyusb/src/device/usbd.c.obj
                0x00000000100055f4                tud_suspended
 .text.tud_inited
                0x0000000010005604        0xc CMakeFiles/uart.dir/home/gomond/pico/pico-sdk/lib/tinyusb/src/device/usbd.c.obj
                0x0000000010005604                tud_inited
 .text.tud_init
                0x0000000010005610       0xcc CMakeFiles/uart.dir/home/gomond/pico/pico-sdk/lib/tinyusb/src/device/usbd.c.obj
                0x0000000010005610                tud_init
 .text.dcd_event_handler
                0x00000000100056dc      0x1e0 CMakeFiles/uart.dir/home/gomond/pico/pico-sdk/lib/tinyusb/src/device/usbd.c.obj
                0x00000000100056dc                dcd_event_handler
 .text.dcd_event_bus_signal
                0x00000000100058bc       0x26 CMakeFiles/uart.dir/home/gomond/pico/pico-sdk/lib/tinyusb/src/device/usbd.c.obj
                0x00000000100058bc                dcd_event_bus_signal
 .text.dcd_event_bus_reset
                0x00000000100058e2       0x2a CMakeFiles/uart.dir/home/gomond/pico/pico-sdk/lib/tinyusb/src/device/usbd.c.obj
                0x00000000100058e2                dcd_event_bus_reset
 .text.dcd_event_setup_received
                0x000000001000590c       0x34 CMakeFiles/uart.dir/home/gomond/pico/pico-sdk/lib/tinyusb/src/device/usbd.c.obj
                0x000000001000590c                dcd_event_setup_received
 .text.dcd_event_xfer_complete
                0x0000000010005940       0x44 CMakeFiles/uart.dir/home/gomond/pico/pico-sdk/lib/tinyusb/src/device/usbd.c.obj
                0x0000000010005940                dcd_event_xfer_complete
 .text.usbd_edpt_open
                0x0000000010005984       0x58 CMakeFiles/uart.dir/home/gomond/pico/pico-sdk/lib/tinyusb/src/device/usbd.c.obj
                0x0000000010005984                usbd_edpt_open
 .text.usbd_open_edpt_pair
                0x00000000100059dc       0x8c CMakeFiles/uart.dir/home/gomond/pico/pico-sdk/lib/tinyusb/src/device/usbd.c.obj
                0x00000000100059dc                usbd_open_edpt_pair
 .text.usbd_edpt_claim
                0x0000000010005a68       0x8c CMakeFiles/uart.dir/home/gomond/pico/pico-sdk/lib/tinyusb/src/device/usbd.c.obj
                0x0000000010005a68                usbd_edpt_claim
 .text.usbd_edpt_release
                0x0000000010005af4       0x68 CMakeFiles/uart.dir/home/gomond/pico/pico-sdk/lib/tinyusb/src/device/usbd.c.obj
                0x0000000010005af4                usbd_edpt_release
 .text.usbd_edpt_xfer
                0x0000000010005b5c       0x80 CMakeFiles/uart.dir/home/gomond/pico/pico-sdk/lib/tinyusb/src/device/usbd.c.obj
                0x0000000010005b5c                usbd_edpt_xfer
 .text.usbd_edpt_stall
                0x0000000010005bdc       0x40 CMakeFiles/uart.dir/home/gomond/pico/pico-sdk/lib/tinyusb/src/device/usbd.c.obj
                0x0000000010005bdc                usbd_edpt_stall
 .text.usbd_edpt_clear_stall
                0x0000000010005c1c       0x40 CMakeFiles/uart.dir/home/gomond/pico/pico-sdk/lib/tinyusb/src/device/usbd.c.obj
                0x0000000010005c1c                usbd_edpt_clear_stall
 .text.usbd_edpt_stalled
                0x0000000010005c5c       0x1c CMakeFiles/uart.dir/home/gomond/pico/pico-sdk/lib/tinyusb/src/device/usbd.c.obj
                0x0000000010005c5c                usbd_edpt_stalled
 .text.process_control_request
                0x0000000010005c78      0x3b8 CMakeFiles/uart.dir/home/gomond/pico/pico-sdk/lib/tinyusb/src/device/usbd.c.obj
 .text.tud_task
                0x0000000010006030      0x218 CMakeFiles/uart.dir/home/gomond/pico/pico-sdk/lib/tinyusb/src/device/usbd.c.obj
                0x0000000010006030                tud_task
 .text._data_stage_xact
                0x0000000010006248       0x58 CMakeFiles/uart.dir/home/gomond/pico/pico-sdk/lib/tinyusb/src/device/usbd_control.c.obj
 .text.tud_control_status
                0x00000000100062a0       0x38 CMakeFiles/uart.dir/home/gomond/pico/pico-sdk/lib/tinyusb/src/device/usbd_control.c.obj
                0x00000000100062a0                tud_control_status
 .text.tud_control_xfer
                0x00000000100062d8       0xa8 CMakeFiles/uart.dir/home/gomond/pico/pico-sdk/lib/tinyusb/src/device/usbd_control.c.obj
                0x00000000100062d8                tud_control_xfer
 .text.usbd_control_reset
                0x0000000010006380       0x14 CMakeFiles/uart.dir/home/gomond/pico/pico-sdk/lib/tinyusb/src/device/usbd_control.c.obj
                0x0000000010006380                usbd_control_reset
 .text.usbd_control_set_complete_callback
                0x0000000010006394        0xc CMakeFiles/uart.dir/home/gomond/pico/pico-sdk/lib/tinyusb/src/device/usbd_control.c.obj
                0x0000000010006394                usbd_control_set_complete_callback
 .text.usbd_control_set_request
                0x00000000100063a0       0x1c CMakeFiles/uart.dir/home/gomond/pico/pico-sdk/lib/tinyusb/src/device/usbd_control.c.obj
                0x00000000100063a0                usbd_control_set_request
 .text.usbd_control_xfer_cb
                0x00000000100063bc       0xfc CMakeFiles/uart.dir/home/gomond/pico/pico-sdk/lib/tinyusb/src/device/usbd_control.c.obj
                0x00000000100063bc                usbd_control_xfer_cb
 .text._prep_out_transaction
                0x00000000100064b8       0x46 CMakeFiles/uart.dir/home/gomond/pico/pico-sdk/lib/tinyusb/src/class/cdc/cdc_device.c.obj
 *fill*         0x00000000100064fe        0x2 
 .text.tud_cdc_n_connected
                0x0000000010006500       0x44 CMakeFiles/uart.dir/home/gomond/pico/pico-sdk/lib/tinyusb/src/class/cdc/cdc_device.c.obj
                0x0000000010006500                tud_cdc_n_connected
 .text.tud_cdc_n_available
                0x0000000010006544       0x18 CMakeFiles/uart.dir/home/gomond/pico/pico-sdk/lib/tinyusb/src/class/cdc/cdc_device.c.obj
                0x0000000010006544                tud_cdc_n_available
 .text.tud_cdc_n_read
                0x000000001000655c       0x28 CMakeFiles/uart.dir/home/gomond/pico/pico-sdk/lib/tinyusb/src/class/cdc/cdc_device.c.obj
                0x000000001000655c                tud_cdc_n_read
 .text.tud_cdc_n_write_flush
                0x0000000010006584       0xcc CMakeFiles/uart.dir/home/gomond/pico/pico-sdk/lib/tinyusb/src/class/cdc/cdc_device.c.obj
                0x0000000010006584                tud_cdc_n_write_flush
 .text.tud_cdc_n_write
                0x0000000010006650       0x38 CMakeFiles/uart.dir/home/gomond/pico/pico-sdk/lib/tinyusb/src/class/cdc/cdc_device.c.obj
                0x0000000010006650                tud_cdc_n_write
 .text.tud_cdc_n_write_available
                0x0000000010006688       0x1c CMakeFiles/uart.dir/home/gomond/pico/pico-sdk/lib/tinyusb/src/class/cdc/cdc_device.c.obj
                0x0000000010006688                tud_cdc_n_write_available
 .text.cdcd_init
                0x00000000100066a4       0xbc CMakeFiles/uart.dir/home/gomond/pico/pico-sdk/lib/tinyusb/src/class/cdc/cdc_device.c.obj
                0x00000000100066a4                cdcd_init
 .text.cdcd_reset
                0x0000000010006760       0x44 CMakeFiles/uart.dir/home/gomond/pico/pico-sdk/lib/tinyusb/src/class/cdc/cdc_device.c.obj
                0x0000000010006760                cdcd_reset
 .text.cdcd_open
                0x00000000100067a4       0xf8 CMakeFiles/uart.dir/home/gomond/pico/pico-sdk/lib/tinyusb/src/class/cdc/cdc_device.c.obj
                0x00000000100067a4                cdcd_open
 .text.cdcd_control_xfer_cb
                0x000000001000689c      0x134 CMakeFiles/uart.dir/home/gomond/pico/pico-sdk/lib/tinyusb/src/class/cdc/cdc_device.c.obj
                0x000000001000689c                cdcd_control_xfer_cb
 .text.cdcd_xfer_cb
                0x00000000100069d0      0x144 CMakeFiles/uart.dir/home/gomond/pico/pico-sdk/lib/tinyusb/src/class/cdc/cdc_device.c.obj
                0x00000000100069d0                cdcd_xfer_cb
 .text.tusb_init
                0x0000000010006b14       0x24 CMakeFiles/uart.dir/home/gomond/pico/pico-sdk/lib/tinyusb/src/tusb.c.obj
                0x0000000010006b14                tusb_init
 .text.tusb_inited
                0x0000000010006b38        0xe CMakeFiles/uart.dir/home/gomond/pico/pico-sdk/lib/tinyusb/src/tusb.c.obj
                0x0000000010006b38                tusb_inited
 *fill*         0x0000000010006b46        0x2 
 .text.tu_edpt_validate
                0x0000000010006b48       0xa8 CMakeFiles/uart.dir/home/gomond/pico/pico-sdk/lib/tinyusb/src/tusb.c.obj
                0x0000000010006b48                tu_edpt_validate
 .text.tu_edpt_bind_driver
                0x0000000010006bf0       0x2a CMakeFiles/uart.dir/home/gomond/pico/pico-sdk/lib/tinyusb/src/tusb.c.obj
                0x0000000010006bf0                tu_edpt_bind_driver
 .text.advance_pointer
                0x0000000010006c1a       0x18 CMakeFiles/uart.dir/home/gomond/pico/pico-sdk/lib/tinyusb/src/common/tusb_fifo.c.obj
 .text.backward_pointer
                0x0000000010006c32       0x1e CMakeFiles/uart.dir/home/gomond/pico/pico-sdk/lib/tinyusb/src/common/tusb_fifo.c.obj
 .text.get_relative_pointer
                0x0000000010006c50       0x10 CMakeFiles/uart.dir/home/gomond/pico/pico-sdk/lib/tinyusb/src/common/tusb_fifo.c.obj
 .text._tu_fifo_peek
                0x0000000010006c60       0x50 CMakeFiles/uart.dir/home/gomond/pico/pico-sdk/lib/tinyusb/src/common/tusb_fifo.c.obj
 .text._ff_pull_const_addr
                0x0000000010006cb0       0x4c CMakeFiles/uart.dir/home/gomond/pico/pico-sdk/lib/tinyusb/src/common/tusb_fifo.c.obj
 .text._ff_pull_n
                0x0000000010006cfc      0x10c CMakeFiles/uart.dir/home/gomond/pico/pico-sdk/lib/tinyusb/src/common/tusb_fifo.c.obj
 .text._tu_fifo_peek_n
                0x0000000010006e08       0x5e CMakeFiles/uart.dir/home/gomond/pico/pico-sdk/lib/tinyusb/src/common/tusb_fifo.c.obj
 .text._tu_fifo_read_n
                0x0000000010006e66       0x4e CMakeFiles/uart.dir/home/gomond/pico/pico-sdk/lib/tinyusb/src/common/tusb_fifo.c.obj
 .text._ff_push_const_addr
                0x0000000010006eb4       0x40 CMakeFiles/uart.dir/home/gomond/pico/pico-sdk/lib/tinyusb/src/common/tusb_fifo.c.obj
 .text._ff_push_n
                0x0000000010006ef4      0x108 CMakeFiles/uart.dir/home/gomond/pico/pico-sdk/lib/tinyusb/src/common/tusb_fifo.c.obj
 .text._tu_fifo_write_n
                0x0000000010006ffc       0x9e CMakeFiles/uart.dir/home/gomond/pico/pico-sdk/lib/tinyusb/src/common/tusb_fifo.c.obj
 .text.tu_fifo_config
                0x000000001000709a       0x72 CMakeFiles/uart.dir/home/gomond/pico/pico-sdk/lib/tinyusb/src/common/tusb_fifo.c.obj
                0x000000001000709a                tu_fifo_config
 .text.tu_fifo_count
                0x000000001000710c       0x26 CMakeFiles/uart.dir/home/gomond/pico/pico-sdk/lib/tinyusb/src/common/tusb_fifo.c.obj
                0x000000001000710c                tu_fifo_count
 .text.tu_fifo_empty
                0x0000000010007132       0x10 CMakeFiles/uart.dir/home/gomond/pico/pico-sdk/lib/tinyusb/src/common/tusb_fifo.c.obj
                0x0000000010007132                tu_fifo_empty
 .text.tu_fifo_remaining
                0x0000000010007142       0x20 CMakeFiles/uart.dir/home/gomond/pico/pico-sdk/lib/tinyusb/src/common/tusb_fifo.c.obj
                0x0000000010007142                tu_fifo_remaining
 .text.tu_fifo_read
                0x0000000010007162       0x42 CMakeFiles/uart.dir/home/gomond/pico/pico-sdk/lib/tinyusb/src/common/tusb_fifo.c.obj
                0x0000000010007162                tu_fifo_read
 .text.tu_fifo_read_n
                0x00000000100071a4        0xa CMakeFiles/uart.dir/home/gomond/pico/pico-sdk/lib/tinyusb/src/common/tusb_fifo.c.obj
                0x00000000100071a4                tu_fifo_read_n
 .text.tu_fifo_write
                0x00000000100071ae       0x6c CMakeFiles/uart.dir/home/gomond/pico/pico-sdk/lib/tinyusb/src/common/tusb_fifo.c.obj
                0x00000000100071ae                tu_fifo_write
 .text.tu_fifo_write_n
                0x000000001000721a        0xa CMakeFiles/uart.dir/home/gomond/pico/pico-sdk/lib/tinyusb/src/common/tusb_fifo.c.obj
                0x000000001000721a                tu_fifo_write_n
 .text.tu_fifo_clear
                0x0000000010007224       0x4c CMakeFiles/uart.dir/home/gomond/pico/pico-sdk/lib/tinyusb/src/common/tusb_fifo.c.obj
                0x0000000010007224                tu_fifo_clear
 .text.tu_fifo_set_overwritable
                0x0000000010007270       0x3c CMakeFiles/uart.dir/home/gomond/pico/pico-sdk/lib/tinyusb/src/common/tusb_fifo.c.obj
                0x0000000010007270                tu_fifo_set_overwritable
 .text._retrieve_unique_id_on_boot
                0x00000000100072ac       0x10 CMakeFiles/uart.dir/home/gomond/pico/pico-sdk/src/rp2_common/pico_unique_id/unique_id.c.obj
 .text.pico_get_unique_board_id_string
                0x00000000100072bc       0x60 CMakeFiles/uart.dir/home/gomond/pico/pico-sdk/src/rp2_common/pico_unique_id/unique_id.c.obj
                0x00000000100072bc                pico_get_unique_board_id_string
 .text.flash_get_unique_id
                0x000000001000731c       0x46 CMakeFiles/uart.dir/home/gomond/pico/pico-sdk/src/rp2_common/hardware_flash/flash.c.obj
                0x000000001000731c                flash_get_unique_id
 *fill*         0x0000000010007362        0x2 
 .text          0x0000000010007364       0x5c /usr/lib/gcc/arm-none-eabi/10.3.1/../../../arm-none-eabi/lib/thumb/v6-m/nofp/libg.a(lib_a-strlen-stub.o)
                0x0000000010007364                strlen
 *(.fini)
 .fini          0x00000000100073c0        0x4 /usr/lib/gcc/arm-none-eabi/10.3.1/thumb/v6-m/nofp/crti.o
                0x00000000100073c0                _fini
 *fill*         0x00000000100073c4        0x4 
 .fini.__stub   0x00000000100073c8       0x70 linker stubs
 *crtbegin.o(.ctors)
 *crtbegin?.o(.ctors)
 *(EXCLUDE_FILE(*crtend.o *crtend?.o) .ctors)
 *(SORT_BY_NAME(.ctors.*))
 *(.ctors)
 *crtbegin.o(.dtors)
 *crtbegin?.o(.dtors)
 *(EXCLUDE_FILE(*crtend.o *crtend?.o) .dtors)
 *(SORT_BY_NAME(.dtors.*))
 *(.dtors)
 *(.eh_frame*)
 .eh_frame      0x0000000010007438        0x0 /usr/lib/gcc/arm-none-eabi/10.3.1/thumb/v6-m/nofp/crtbegin.o
                0x0000000010007438                . = ALIGN (0x4)

.glue_7         0x0000000010007438        0x0
 .glue_7        0x0000000010007438        0x0 linker stubs

.glue_7t        0x0000000010007438        0x0
 .glue_7t       0x0000000010007438        0x0 linker stubs

.vfp11_veneer   0x0000000010007438        0x0
 .vfp11_veneer  0x0000000010007438        0x0 linker stubs

.v4_bx          0x0000000010007438        0x0
 .v4_bx         0x0000000010007438        0x0 linker stubs

.iplt           0x0000000010007438        0x0
 .iplt          0x0000000010007438        0x0 /usr/lib/gcc/arm-none-eabi/10.3.1/thumb/v6-m/nofp/crtbegin.o

.rodata         0x0000000010007438     0x16c4
 *(EXCLUDE_FILE(*libm.a: *libc.a:*lib_a-mem*.o *libgcc.a:) .rodata*)
 .rodata.read_serial_sensor.str1.4
                0x0000000010007438       0x15 CMakeFiles/uart.dir/uart.c.obj
 *fill*         0x000000001000744d        0x3 
 .rodata.spin_lock_claim_unused.str1.4
                0x0000000010007450       0x1b CMakeFiles/uart.dir/home/gomond/pico/pico-sdk/src/rp2_common/hardware_sync/sync.c.obj
 *fill*         0x000000001000746b        0x1 
 .rodata.make_branch.str1.4
                0x000000001000746c       0x6d CMakeFiles/uart.dir/home/gomond/pico/pico-sdk/src/rp2_common/hardware_irq/irq.c.obj
 *fill*         0x00000000100074d9        0x3 
 .rodata.insert_branch_and_link.str1.4
                0x00000000100074dc       0x10 CMakeFiles/uart.dir/home/gomond/pico/pico-sdk/src/rp2_common/hardware_irq/irq.c.obj
 .rodata.irq_set_exclusive_handler.str1.4
                0x00000000100074ec       0x36 CMakeFiles/uart.dir/home/gomond/pico/pico-sdk/src/rp2_common/hardware_irq/irq.c.obj
 *fill*         0x0000000010007522        0x2 
 .rodata.irq_add_shared_handler.str1.4
                0x0000000010007524       0xd9 CMakeFiles/uart.dir/home/gomond/pico/pico-sdk/src/rp2_common/hardware_irq/irq.c.obj
 *fill*         0x00000000100075fd        0x3 
 .rodata.irq_remove_handler.str1.4
                0x0000000010007600       0x2a CMakeFiles/uart.dir/home/gomond/pico/pico-sdk/src/rp2_common/hardware_irq/irq.c.obj
 *fill*         0x000000001000762a        0x2 
 .rodata.irq_add_tail_to_free_list.str1.4
                0x000000001000762c       0x3a CMakeFiles/uart.dir/home/gomond/pico/pico-sdk/src/rp2_common/hardware_irq/irq.c.obj
 *fill*         0x0000000010007666        0x2 
 .rodata.user_irq_claim_unused.str1.4
                0x0000000010007668       0x1b CMakeFiles/uart.dir/home/gomond/pico/pico-sdk/src/rp2_common/hardware_irq/irq.c.obj
 *fill*         0x0000000010007683        0x1 
 .rodata.__func__.0
                0x0000000010007684       0x1a CMakeFiles/uart.dir/home/gomond/pico/pico-sdk/src/rp2_common/hardware_irq/irq.c.obj
 *fill*         0x000000001000769e        0x2 
 .rodata.__func__.1
                0x00000000100076a0       0x17 CMakeFiles/uart.dir/home/gomond/pico/pico-sdk/src/rp2_common/hardware_irq/irq.c.obj
 *fill*         0x00000000100076b7        0x1 
 .rodata.__func__.2
                0x00000000100076b8       0x13 CMakeFiles/uart.dir/home/gomond/pico/pico-sdk/src/rp2_common/hardware_irq/irq.c.obj
 *fill*         0x00000000100076cb        0x1 
 .rodata.__func__.3
                0x00000000100076cc        0xc CMakeFiles/uart.dir/home/gomond/pico/pico-sdk/src/rp2_common/hardware_irq/irq.c.obj
 .rodata.__func__.4
                0x00000000100076d8        0xf CMakeFiles/uart.dir/home/gomond/pico/pico-sdk/src/rp2_common/hardware_irq/irq.c.obj
 *fill*         0x00000000100076e7        0x1 
 .rodata.__func__.5
                0x00000000100076e8       0x17 CMakeFiles/uart.dir/home/gomond/pico/pico-sdk/src/rp2_common/hardware_irq/irq.c.obj
 *fill*         0x00000000100076ff        0x1 
 .rodata.__func__.6
                0x0000000010007700       0x1a CMakeFiles/uart.dir/home/gomond/pico/pico-sdk/src/rp2_common/hardware_irq/irq.c.obj
 *fill*         0x000000001000771a        0x2 
 .rodata.repeating_timer_callback.str1.4
                0x000000001000771c       0x4b CMakeFiles/uart.dir/home/gomond/pico/pico-sdk/src/common/pico_time/time.c.obj
 *fill*         0x0000000010007767        0x1 
 .rodata.alarm_pool_dump_key.str1.4
                0x0000000010007768       0x33 CMakeFiles/uart.dir/home/gomond/pico/pico-sdk/src/common/pico_time/time.c.obj
 *fill*         0x000000001000779b        0x1 
 .rodata.ph_add_child_node.str1.4
                0x000000001000779c       0x96 CMakeFiles/uart.dir/home/gomond/pico/pico-sdk/src/common/pico_time/time.c.obj
 *fill*         0x0000000010007832        0x2 
 .rodata.add_alarm_under_lock.str1.4
                0x0000000010007834       0x28 CMakeFiles/uart.dir/home/gomond/pico/pico-sdk/src/common/pico_time/time.c.obj
                                         0x2b (size before relaxing)
 .rodata.alarm_pool_alarm_callback.str1.4
                0x000000001000785c       0xe6 CMakeFiles/uart.dir/home/gomond/pico/pico-sdk/src/common/pico_time/time.c.obj
 *fill*         0x0000000010007942        0x2 
 .rodata.alarm_pool_get_default.str1.4
                0x0000000010007944       0x21 CMakeFiles/uart.dir/home/gomond/pico/pico-sdk/src/common/pico_time/time.c.obj
 *fill*         0x0000000010007965        0x3 
 .rodata.alarm_pool_cancel_alarm.str1.4
                0x0000000010007968       0x27 CMakeFiles/uart.dir/home/gomond/pico/pico-sdk/src/common/pico_time/time.c.obj
 *fill*         0x000000001000798f        0x1 
 .rodata.__func__.1
                0x0000000010007990       0x18 CMakeFiles/uart.dir/home/gomond/pico/pico-sdk/src/common/pico_time/time.c.obj
 .rodata.__func__.10
                0x00000000100079a8       0x15 CMakeFiles/uart.dir/home/gomond/pico/pico-sdk/src/common/pico_time/time.c.obj
 *fill*         0x00000000100079bd        0x3 
 .rodata.__func__.11
                0x00000000100079c0       0x1a CMakeFiles/uart.dir/home/gomond/pico/pico-sdk/src/common/pico_time/time.c.obj
 *fill*         0x00000000100079da        0x2 
 .rodata.__func__.12
                0x00000000100079dc        0xa CMakeFiles/uart.dir/home/gomond/pico/pico-sdk/src/common/pico_time/time.c.obj
 *fill*         0x00000000100079e6        0x2 
 .rodata.__func__.3
                0x00000000100079e8       0x17 CMakeFiles/uart.dir/home/gomond/pico/pico-sdk/src/common/pico_time/time.c.obj
 *fill*         0x00000000100079ff        0x1 
 .rodata.__func__.4
                0x0000000010007a00       0x12 CMakeFiles/uart.dir/home/gomond/pico/pico-sdk/src/common/pico_time/time.c.obj
 *fill*         0x0000000010007a12        0x2 
 .rodata.__func__.5
                0x0000000010007a14        0xd CMakeFiles/uart.dir/home/gomond/pico/pico-sdk/src/common/pico_time/time.c.obj
 *fill*         0x0000000010007a21        0x3 
 .rodata.__func__.6
                0x0000000010007a24       0x12 CMakeFiles/uart.dir/home/gomond/pico/pico-sdk/src/common/pico_time/time.c.obj
 *fill*         0x0000000010007a36        0x2 
 .rodata.__func__.7
                0x0000000010007a38        0xf CMakeFiles/uart.dir/home/gomond/pico/pico-sdk/src/common/pico_time/time.c.obj
 *fill*         0x0000000010007a47        0x1 
 .rodata.__func__.8
                0x0000000010007a48        0xc CMakeFiles/uart.dir/home/gomond/pico/pico-sdk/src/common/pico_time/time.c.obj
 .rodata.__func__.9
                0x0000000010007a54       0x15 CMakeFiles/uart.dir/home/gomond/pico/pico-sdk/src/common/pico_time/time.c.obj
 *fill*         0x0000000010007a69        0x3 
 .rodata.hardware_alarm_claim.str1.4
                0x0000000010007a6c       0x22 CMakeFiles/uart.dir/home/gomond/pico/pico-sdk/src/rp2_common/hardware_timer/timer.c.obj
 .rodata.busy_wait_us.str1.4
                0x0000000010007a8e       0x61 CMakeFiles/uart.dir/home/gomond/pico/pico-sdk/src/rp2_common/hardware_timer/timer.c.obj
 *fill*         0x0000000010007a8e        0x2 
 .rodata.hardware_alarm_set_target.str1.4
                0x0000000010007a90       0x65 CMakeFiles/uart.dir/home/gomond/pico/pico-sdk/src/rp2_common/hardware_timer/timer.c.obj
 *fill*         0x0000000010007af5        0x3 
 .rodata.__func__.0
                0x0000000010007af8       0x1a CMakeFiles/uart.dir/home/gomond/pico/pico-sdk/src/rp2_common/hardware_timer/timer.c.obj
 *fill*         0x0000000010007b12        0x2 
 .rodata.__func__.1
                0x0000000010007b14       0x15 CMakeFiles/uart.dir/home/gomond/pico/pico-sdk/src/rp2_common/hardware_timer/timer.c.obj
 .rodata.ph_add_child_node.str1.4
                0x0000000010007b29       0x96 CMakeFiles/uart.dir/home/gomond/pico/pico-sdk/src/common/pico_util/pheap.c.obj
 *fill*         0x0000000010007b29        0x3 
 .rodata.ph_remove_any_head.str1.4
                0x0000000010007b2c       0x8c CMakeFiles/uart.dir/home/gomond/pico/pico-sdk/src/common/pico_util/pheap.c.obj
 .rodata.ph_remove_and_free_node.str1.4
                0x0000000010007bb8       0x1e CMakeFiles/uart.dir/home/gomond/pico/pico-sdk/src/common/pico_util/pheap.c.obj
                                         0x26 (size before relaxing)
 *fill*         0x0000000010007bd6        0x2 
 .rodata.__func__.0
                0x0000000010007bd8       0x18 CMakeFiles/uart.dir/home/gomond/pico/pico-sdk/src/common/pico_util/pheap.c.obj
 .rodata.__func__.1
                0x0000000010007bf0       0x13 CMakeFiles/uart.dir/home/gomond/pico/pico-sdk/src/common/pico_util/pheap.c.obj
 *fill*         0x0000000010007c03        0x1 
 .rodata.__func__.2
                0x0000000010007c04       0x12 CMakeFiles/uart.dir/home/gomond/pico/pico-sdk/src/common/pico_util/pheap.c.obj
 *fill*         0x0000000010007c16        0x2 
 .rodata.__func__.3
                0x0000000010007c18        0xc CMakeFiles/uart.dir/home/gomond/pico/pico-sdk/src/common/pico_util/pheap.c.obj
 .rodata.str1.4
                0x0000000010007c24       0x89 CMakeFiles/uart.dir/home/gomond/pico/pico-sdk/src/common/pico_sync/mutex.c.obj
                                         0xed (size before relaxing)
 *fill*         0x0000000010007cad        0x3 
 .rodata.__func__.1
                0x0000000010007cb0        0xb CMakeFiles/uart.dir/home/gomond/pico/pico-sdk/src/common/pico_sync/mutex.c.obj
 *fill*         0x0000000010007cbb        0x1 
 .rodata.__func__.3
                0x0000000010007cbc       0x18 CMakeFiles/uart.dir/home/gomond/pico/pico-sdk/src/common/pico_sync/mutex.c.obj
 .rodata.__func__.4
                0x0000000010007cd4       0x15 CMakeFiles/uart.dir/home/gomond/pico/pico-sdk/src/common/pico_sync/mutex.c.obj
 *fill*         0x0000000010007ce9        0x3 
 .rodata.__assert_func.str1.4
                0x0000000010007cec       0x3f CMakeFiles/uart.dir/home/gomond/pico/pico-sdk/src/rp2_common/pico_runtime/runtime.c.obj
                                         0x43 (size before relaxing)
 *fill*         0x0000000010007d2b        0x1 
 .rodata.runtime_init.str1.4
                0x0000000010007d2c       0x61 CMakeFiles/uart.dir/home/gomond/pico/pico-sdk/src/rp2_common/pico_runtime/runtime.c.obj
 *fill*         0x0000000010007d8d        0x3 
 .rodata.panic.str1.4
                0x0000000010007d90       0x12 CMakeFiles/uart.dir/home/gomond/pico/pico-sdk/src/rp2_common/pico_runtime/runtime.c.obj
 *fill*         0x0000000010007da2        0x2 
 .rodata.__func__.1
                0x0000000010007da4        0xd CMakeFiles/uart.dir/home/gomond/pico/pico-sdk/src/rp2_common/pico_runtime/runtime.c.obj
 *fill*         0x0000000010007db1        0x3 
 .rodata.clock_configure.str1.4
                0x0000000010007db4       0x57 CMakeFiles/uart.dir/home/gomond/pico/pico-sdk/src/rp2_common/hardware_clocks/clocks.c.obj
 *fill*         0x0000000010007e0b        0x1 
 .rodata.__func__.1
                0x0000000010007e0c       0x10 CMakeFiles/uart.dir/home/gomond/pico/pico-sdk/src/rp2_common/hardware_clocks/clocks.c.obj
 .rodata.pll_init.str1.4
                0x0000000010007e1c      0x13b CMakeFiles/uart.dir/home/gomond/pico/pico-sdk/src/rp2_common/hardware_pll/pll.c.obj
 *fill*         0x0000000010007f57        0x1 
 .rodata.__func__.0
                0x0000000010007f58        0x9 CMakeFiles/uart.dir/home/gomond/pico/pico-sdk/src/rp2_common/hardware_pll/pll.c.obj
 *fill*         0x0000000010007f61        0x3 
 .rodata._ftoa.str1.4
                0x0000000010007f64       0x15 CMakeFiles/uart.dir/home/gomond/pico/pico-sdk/src/rp2_common/pico_printf/printf.c.obj
 *fill*         0x0000000010007f79        0x3 
 .rodata._vsnprintf
                0x0000000010007f7c      0x1e0 CMakeFiles/uart.dir/home/gomond/pico/pico-sdk/src/rp2_common/pico_printf/printf.c.obj
 *fill*         0x000000001000815c        0x4 
 .rodata.pow10.0
                0x0000000010008160       0x50 CMakeFiles/uart.dir/home/gomond/pico/pico-sdk/src/rp2_common/pico_printf/printf.c.obj
 .rodata.__aeabi_double_init.str1.4
                0x00000000100081b0       0xa8 CMakeFiles/uart.dir/home/gomond/pico/pico-sdk/src/rp2_common/pico_double/double_init_rom.c.obj
 .rodata.__func__.0
                0x0000000010008258       0x14 CMakeFiles/uart.dir/home/gomond/pico/pico-sdk/src/rp2_common/pico_double/double_init_rom.c.obj
 .rodata.__aeabi_float_init.str1.4
                0x000000001000826c       0x7a CMakeFiles/uart.dir/home/gomond/pico/pico-sdk/src/rp2_common/pico_float/float_init_rom.c.obj
                                         0x7e (size before relaxing)
 *fill*         0x00000000100082e6        0x2 
 .rodata.__func__.0
                0x00000000100082e8       0x13 CMakeFiles/uart.dir/home/gomond/pico/pico-sdk/src/rp2_common/pico_float/float_init_rom.c.obj
 *fill*         0x00000000100082fb        0x1 
 .rodata.str1.4
                0x00000000100082fc       0x40 CMakeFiles/uart.dir/home/gomond/pico/pico-sdk/src/rp2_common/pico_standard_link/binary_info.c.obj
 .rodata.__bi_44
                0x000000001000833c        0xc CMakeFiles/uart.dir/home/gomond/pico/pico-sdk/src/rp2_common/pico_standard_link/binary_info.c.obj
 .rodata.__bi_56
                0x0000000010008348        0xc CMakeFiles/uart.dir/home/gomond/pico/pico-sdk/src/rp2_common/pico_standard_link/binary_info.c.obj
 .rodata.__bi_75
                0x0000000010008354        0xc CMakeFiles/uart.dir/home/gomond/pico/pico-sdk/src/rp2_common/pico_standard_link/binary_info.c.obj
 .rodata.__bi_81
                0x0000000010008360        0xc CMakeFiles/uart.dir/home/gomond/pico/pico-sdk/src/rp2_common/pico_standard_link/binary_info.c.obj
 .rodata.crlf_str.3
                0x000000001000836c        0x2 CMakeFiles/uart.dir/home/gomond/pico/pico-sdk/src/rp2_common/pico_stdio/stdio.c.obj
 *fill*         0x000000001000836e        0x2 
 .rodata._resetd_driver
                0x0000000010008370       0x18 CMakeFiles/uart.dir/home/gomond/pico/pico-sdk/src/rp2_common/pico_stdio_usb/reset_interface.c.obj
 .rodata.timer_task.str1.4
                0x0000000010008388       0x6d CMakeFiles/uart.dir/home/gomond/pico/pico-sdk/src/rp2_common/pico_stdio_usb/stdio_usb.c.obj
 .rodata.stdio_usb_init.str1.4
                0x00000000100083f5       0x61 CMakeFiles/uart.dir/home/gomond/pico/pico-sdk/src/rp2_common/pico_stdio_usb/stdio_usb.c.obj
 *fill*         0x00000000100083f5        0x3 
 .rodata.str1.4
                0x00000000100083f8       0x13 CMakeFiles/uart.dir/home/gomond/pico/pico-sdk/src/rp2_common/pico_stdio_usb/stdio_usb.c.obj
 *fill*         0x000000001000840b        0x1 
 .rodata.__bi_118.2
                0x000000001000840c        0xc CMakeFiles/uart.dir/home/gomond/pico/pico-sdk/src/rp2_common/pico_stdio_usb/stdio_usb.c.obj
 .rodata.__func__.0
                0x0000000010008418       0x15 CMakeFiles/uart.dir/home/gomond/pico/pico-sdk/src/rp2_common/pico_stdio_usb/stdio_usb.c.obj
 *fill*         0x000000001000842d        0x3 
 .rodata.__func__.1
                0x0000000010008430        0xb CMakeFiles/uart.dir/home/gomond/pico/pico-sdk/src/rp2_common/pico_stdio_usb/stdio_usb.c.obj
 *fill*         0x000000001000843b        0x1 
 .rodata.str1.4
                0x000000001000843c       0x2a CMakeFiles/uart.dir/home/gomond/pico/pico-sdk/src/rp2_common/pico_stdio_usb/stdio_usb_descriptors.c.obj
 *fill*         0x0000000010008466        0x2 
 .rodata.usbd_desc_cfg
                0x0000000010008468       0x54 CMakeFiles/uart.dir/home/gomond/pico/pico-sdk/src/rp2_common/pico_stdio_usb/stdio_usb_descriptors.c.obj
 .rodata.usbd_desc_device
                0x00000000100084bc       0x12 CMakeFiles/uart.dir/home/gomond/pico/pico-sdk/src/rp2_common/pico_stdio_usb/stdio_usb_descriptors.c.obj
 *fill*         0x00000000100084ce        0x2 
 .rodata.usbd_desc_str
                0x00000000100084d0       0x18 CMakeFiles/uart.dir/home/gomond/pico/pico-sdk/src/rp2_common/pico_stdio_usb/stdio_usb_descriptors.c.obj
 .rodata._hw_endpoint_alloc.str1.4
                0x00000000100084e8       0xb5 CMakeFiles/uart.dir/home/gomond/pico/pico-sdk/lib/tinyusb/src/portable/raspberrypi/rp2040/dcd_rp2040.c.obj
 *fill*         0x000000001000859d        0x3 
 .rodata.dcd_rp2040_irq.str1.4
                0x00000000100085a0       0x14 CMakeFiles/uart.dir/home/gomond/pico/pico-sdk/lib/tinyusb/src/portable/raspberrypi/rp2040/dcd_rp2040.c.obj
 .rodata.dcd_int_enable.str1.4
                0x00000000100085b4        0xc CMakeFiles/uart.dir/home/gomond/pico/pico-sdk/lib/tinyusb/src/portable/raspberrypi/rp2040/dcd_rp2040.c.obj
 .rodata.__func__.0
                0x00000000100085c0        0xe CMakeFiles/uart.dir/home/gomond/pico/pico-sdk/lib/tinyusb/src/portable/raspberrypi/rp2040/dcd_rp2040.c.obj
 *fill*         0x00000000100085ce        0x2 
 .rodata.__func__.1
                0x00000000100085d0        0xe CMakeFiles/uart.dir/home/gomond/pico/pico-sdk/lib/tinyusb/src/portable/raspberrypi/rp2040/dcd_rp2040.c.obj
 *fill*         0x00000000100085de        0x2 
 .rodata.__func__.3
                0x00000000100085e0       0x10 CMakeFiles/uart.dir/home/gomond/pico/pico-sdk/lib/tinyusb/src/portable/raspberrypi/rp2040/dcd_rp2040.c.obj
 .rodata.__func__.5
                0x00000000100085f0        0xf CMakeFiles/uart.dir/home/gomond/pico/pico-sdk/lib/tinyusb/src/portable/raspberrypi/rp2040/dcd_rp2040.c.obj
 *fill*         0x00000000100085ff        0x1 
 .rodata.__func__.6
                0x0000000010008600       0x13 CMakeFiles/uart.dir/home/gomond/pico/pico-sdk/lib/tinyusb/src/portable/raspberrypi/rp2040/dcd_rp2040.c.obj
 *fill*         0x0000000010008613        0x1 
 .rodata.__func__.7
                0x0000000010008614        0x9 CMakeFiles/uart.dir/home/gomond/pico/pico-sdk/lib/tinyusb/src/portable/raspberrypi/rp2040/dcd_rp2040.c.obj
 *fill*         0x000000001000861d        0x3 
 .rodata.sync_ep_buffer.str1.4
                0x0000000010008620       0x91 CMakeFiles/uart.dir/home/gomond/pico/pico-sdk/lib/tinyusb/src/portable/raspberrypi/rp2040/rp2040_usb.c.obj
 *fill*         0x00000000100086b1        0x3 
 .rodata._hw_endpoint_buffer_control_update32.str1.4
                0x00000000100086b4       0x1f CMakeFiles/uart.dir/home/gomond/pico/pico-sdk/lib/tinyusb/src/portable/raspberrypi/rp2040/rp2040_usb.c.obj
 *fill*         0x00000000100086d3        0x1 
 .rodata.hw_endpoint_xfer_start.str1.4
                0x00000000100086d4       0x38 CMakeFiles/uart.dir/home/gomond/pico/pico-sdk/lib/tinyusb/src/portable/raspberrypi/rp2040/rp2040_usb.c.obj
 .rodata.hw_endpoint_xfer_continue.str1.4
                0x000000001000870c       0x29 CMakeFiles/uart.dir/home/gomond/pico/pico-sdk/lib/tinyusb/src/portable/raspberrypi/rp2040/rp2040_usb.c.obj
 *fill*         0x0000000010008735        0x3 
 .rodata.str1.4
                0x0000000010008738        0x7 CMakeFiles/uart.dir/home/gomond/pico/pico-sdk/lib/tinyusb/src/portable/raspberrypi/rp2040/rp2040_usb.c.obj
 *fill*         0x000000001000873f        0x1 
 .rodata.__func__.0
                0x0000000010008740        0xf CMakeFiles/uart.dir/home/gomond/pico/pico-sdk/lib/tinyusb/src/portable/raspberrypi/rp2040/rp2040_usb.c.obj
 *fill*         0x000000001000874f        0x1 
 .rodata.process_set_config.str1.4
                0x0000000010008750       0x17 CMakeFiles/uart.dir/home/gomond/pico/pico-sdk/lib/tinyusb/src/device/usbd.c.obj
 *fill*         0x0000000010008767        0x1 
 .rodata.process_get_descriptor
                0x0000000010008768       0x40 CMakeFiles/uart.dir/home/gomond/pico/pico-sdk/lib/tinyusb/src/device/usbd.c.obj
 .rodata.process_control_request
                0x00000000100087a8       0x28 CMakeFiles/uart.dir/home/gomond/pico/pico-sdk/lib/tinyusb/src/device/usbd.c.obj
 .rodata.tud_task
                0x00000000100087d0       0x24 CMakeFiles/uart.dir/home/gomond/pico/pico-sdk/lib/tinyusb/src/device/usbd.c.obj
 .rodata.__func__.2
                0x00000000100087f4        0xf CMakeFiles/uart.dir/home/gomond/pico/pico-sdk/lib/tinyusb/src/device/usbd.c.obj
 *fill*         0x0000000010008803        0x1 
 .rodata.__func__.3
                0x0000000010008804        0xf CMakeFiles/uart.dir/home/gomond/pico/pico-sdk/lib/tinyusb/src/device/usbd.c.obj
 *fill*         0x0000000010008813        0x1 
 .rodata.__func__.4
                0x0000000010008814       0x14 CMakeFiles/uart.dir/home/gomond/pico/pico-sdk/lib/tinyusb/src/device/usbd.c.obj
 .rodata.__func__.5
                0x0000000010008828       0x10 CMakeFiles/uart.dir/home/gomond/pico/pico-sdk/lib/tinyusb/src/device/usbd.c.obj
 .rodata.__func__.6
                0x0000000010008838       0x17 CMakeFiles/uart.dir/home/gomond/pico/pico-sdk/lib/tinyusb/src/device/usbd.c.obj
 *fill*         0x000000001000884f        0x1 
 .rodata.__func__.7
                0x0000000010008850       0x13 CMakeFiles/uart.dir/home/gomond/pico/pico-sdk/lib/tinyusb/src/device/usbd.c.obj
 *fill*         0x0000000010008863        0x1 
 .rodata.__func__.8
                0x0000000010008864       0x18 CMakeFiles/uart.dir/home/gomond/pico/pico-sdk/lib/tinyusb/src/device/usbd.c.obj
 .rodata.__func__.9
                0x000000001000887c        0x9 CMakeFiles/uart.dir/home/gomond/pico/pico-sdk/lib/tinyusb/src/device/usbd.c.obj
 *fill*         0x0000000010008885        0x3 
 .rodata._usbd_driver
                0x0000000010008888       0x18 CMakeFiles/uart.dir/home/gomond/pico/pico-sdk/lib/tinyusb/src/device/usbd.c.obj
 .rodata.tud_control_xfer.str1.4
                0x00000000100088a0       0x17 CMakeFiles/uart.dir/home/gomond/pico/pico-sdk/lib/tinyusb/src/device/usbd_control.c.obj
 .rodata.__func__.0
                0x00000000100088a0       0x15 CMakeFiles/uart.dir/home/gomond/pico/pico-sdk/lib/tinyusb/src/device/usbd_control.c.obj
 *fill*         0x00000000100088b5        0x3 
 .rodata.__func__.1
                0x00000000100088b8       0x11 CMakeFiles/uart.dir/home/gomond/pico/pico-sdk/lib/tinyusb/src/device/usbd_control.c.obj
 .rodata.tud_cdc_n_write_flush.str1.4
                0x00000000100088c9       0x17 CMakeFiles/uart.dir/home/gomond/pico/pico-sdk/lib/tinyusb/src/class/cdc/cdc_device.c.obj
 *fill*         0x00000000100088c9        0x3 
 .rodata.__func__.0
                0x00000000100088cc        0xd CMakeFiles/uart.dir/home/gomond/pico/pico-sdk/lib/tinyusb/src/class/cdc/cdc_device.c.obj
 *fill*         0x00000000100088d9        0x3 
 .rodata.__func__.1
                0x00000000100088dc        0xa CMakeFiles/uart.dir/home/gomond/pico/pico-sdk/lib/tinyusb/src/class/cdc/cdc_device.c.obj
 *fill*         0x00000000100088e6        0x2 
 .rodata.__func__.2
                0x00000000100088e8       0x16 CMakeFiles/uart.dir/home/gomond/pico/pico-sdk/lib/tinyusb/src/class/cdc/cdc_device.c.obj
 .rodata.tusb_init.str1.4
                0x00000000100088fe       0x17 CMakeFiles/uart.dir/home/gomond/pico/pico-sdk/lib/tinyusb/src/tusb.c.obj
 *fill*         0x00000000100088fe        0x2 
 .rodata.__func__.0
                0x0000000010008900       0x11 CMakeFiles/uart.dir/home/gomond/pico/pico-sdk/lib/tinyusb/src/tusb.c.obj
 *fill*         0x0000000010008911        0x3 
 .rodata.__func__.1
                0x0000000010008914        0xa CMakeFiles/uart.dir/home/gomond/pico/pico-sdk/lib/tinyusb/src/tusb.c.obj
 *fill*         0x000000001000891e        0x2 
 .rodata.pico_get_unique_board_id_string.str1.4
                0x0000000010008920       0x4d CMakeFiles/uart.dir/home/gomond/pico/pico-sdk/src/rp2_common/pico_unique_id/unique_id.c.obj
 *fill*         0x000000001000896d        0x3 
 .rodata.__func__.0
                0x0000000010008970       0x20 CMakeFiles/uart.dir/home/gomond/pico/pico-sdk/src/rp2_common/pico_unique_id/unique_id.c.obj
 .rodata.str1.4
                0x0000000010008990      0x15a CMakeFiles/uart.dir/home/gomond/pico/pico-sdk/src/rp2_common/hardware_flash/flash.c.obj
 *fill*         0x0000000010008aea        0x2 
 .rodata.__func__.0
                0x0000000010008aec        0xd CMakeFiles/uart.dir/home/gomond/pico/pico-sdk/src/rp2_common/hardware_flash/flash.c.obj
                0x0000000010008afc                . = ALIGN (0x4)
 *fill*         0x0000000010008af9        0x3 
 *(SORT_BY_ALIGNMENT(SORT_BY_NAME(.flashdata*)))
                0x0000000010008afc                . = ALIGN (0x4)

.rel.dyn        0x0000000010008afc        0x0
 .rel.iplt      0x0000000010008afc        0x0 /usr/lib/gcc/arm-none-eabi/10.3.1/thumb/v6-m/nofp/crtbegin.o

.ARM.extab
 *(.ARM.extab* .gnu.linkonce.armextab.*)
                0x0000000010008afc                __exidx_start = .

.ARM.exidx
 *(.ARM.exidx* .gnu.linkonce.armexidx.*)
                0x0000000010008afc                __exidx_end = .
                0x0000000010008afc                . = ALIGN (0x4)
                0x0000000010008afc                __binary_info_start = .

.binary_info    0x0000000010008afc       0x24
 *(.binary_info.keep.*)
 .binary_info.keep.__bi_ptr22
                0x0000000010008afc        0x4 CMakeFiles/uart.dir/home/gomond/pico/pico-sdk/src/rp2_common/pico_standard_link/binary_info.c.obj
 .binary_info.keep.__bi_ptr30
                0x0000000010008b00        0x4 CMakeFiles/uart.dir/home/gomond/pico/pico-sdk/src/rp2_common/pico_standard_link/binary_info.c.obj
 .binary_info.keep.__bi_ptr38
                0x0000000010008b04        0x4 CMakeFiles/uart.dir/home/gomond/pico/pico-sdk/src/rp2_common/pico_standard_link/binary_info.c.obj
 .binary_info.keep.__bi_ptr44
                0x0000000010008b08        0x4 CMakeFiles/uart.dir/home/gomond/pico/pico-sdk/src/rp2_common/pico_standard_link/binary_info.c.obj
 .binary_info.keep.__bi_ptr50
                0x0000000010008b0c        0x4 CMakeFiles/uart.dir/home/gomond/pico/pico-sdk/src/rp2_common/pico_standard_link/binary_info.c.obj
 .binary_info.keep.__bi_ptr56
                0x0000000010008b10        0x4 CMakeFiles/uart.dir/home/gomond/pico/pico-sdk/src/rp2_common/pico_standard_link/binary_info.c.obj
 .binary_info.keep.__bi_ptr75
                0x0000000010008b14        0x4 CMakeFiles/uart.dir/home/gomond/pico/pico-sdk/src/rp2_common/pico_standard_link/binary_info.c.obj
 .binary_info.keep.__bi_ptr81
                0x0000000010008b18        0x4 CMakeFiles/uart.dir/home/gomond/pico/pico-sdk/src/rp2_common/pico_standard_link/binary_info.c.obj
 *(.binary_info.*)
 .binary_info.__bi_ptr118
                0x0000000010008b1c        0x4 CMakeFiles/uart.dir/home/gomond/pico/pico-sdk/src/rp2_common/pico_stdio_usb/stdio_usb.c.obj
                0x0000000010008b20                __binary_info_end = .
                0x0000000010008b20                . = ALIGN (0x4)
                0x0000000010008b20                __etext = .

.ram_vector_table
                0x0000000020000000       0xc0
 *(.ram_vector_table)
 .ram_vector_table
                0x0000000020000000       0xc0 CMakeFiles/uart.dir/home/gomond/pico/pico-sdk/src/rp2_common/pico_runtime/runtime.c.obj
                0x0000000020000000                ram_vector_table

.data           0x00000000200000c0      0x460 load address 0x0000000010008b20
                0x00000000200000c0                __data_start__ = .
 *(vtable)
 *(.time_critical*)
 .time_critical.mutex_enter_blocking
                0x00000000200000c0       0x48 CMakeFiles/uart.dir/home/gomond/pico/pico-sdk/src/common/pico_sync/mutex.c.obj
                0x00000000200000c0                mutex_enter_blocking
 .time_critical.mutex_try_enter
                0x0000000020000108       0x46 CMakeFiles/uart.dir/home/gomond/pico/pico-sdk/src/common/pico_sync/mutex.c.obj
                0x0000000020000108                mutex_try_enter
 *fill*         0x000000002000014e        0x2 
 .time_critical.mutex_enter_block_until
                0x0000000020000150       0x8c CMakeFiles/uart.dir/home/gomond/pico/pico-sdk/src/common/pico_sync/mutex.c.obj
                0x0000000020000150                mutex_enter_block_until
 .time_critical.mutex_enter_timeout_ms
                0x00000000200001dc       0x74 CMakeFiles/uart.dir/home/gomond/pico/pico-sdk/src/common/pico_sync/mutex.c.obj
                0x00000000200001dc                mutex_enter_timeout_ms
 .time_critical.mutex_exit
                0x0000000020000250       0x4c CMakeFiles/uart.dir/home/gomond/pico/pico-sdk/src/common/pico_sync/mutex.c.obj
                0x0000000020000250                mutex_exit
 .time_critical.flash_init_boot2_copyout
                0x000000002000029c       0x30 CMakeFiles/uart.dir/home/gomond/pico/pico-sdk/src/rp2_common/hardware_flash/flash.c.obj
 .time_critical.flash_enable_xip_via_boot2
                0x00000000200002cc       0x10 CMakeFiles/uart.dir/home/gomond/pico/pico-sdk/src/rp2_common/hardware_flash/flash.c.obj
 .time_critical.flash_cs_force
                0x00000000200002dc       0x28 CMakeFiles/uart.dir/home/gomond/pico/pico-sdk/src/rp2_common/hardware_flash/flash.c.obj
 .time_critical.flash_do_cmd
                0x0000000020000304       0xd8 CMakeFiles/uart.dir/home/gomond/pico/pico-sdk/src/rp2_common/hardware_flash/flash.c.obj
                0x0000000020000304                flash_do_cmd
 *(.text*)
 .text          0x00000000200003dc        0x4 /usr/lib/gcc/arm-none-eabi/10.3.1/thumb/v6-m/nofp/libgcc.a(_dvmd_tls.o)
                0x00000000200003dc                __aeabi_ldiv0
                0x00000000200003dc                __aeabi_idiv0
 .text.__stub   0x00000000200003e0       0x40 linker stubs
                0x0000000020000420                . = ALIGN (0x4)
 *(.rodata*)
                0x0000000020000420                . = ALIGN (0x4)
 *(.data*)
 .data.striped_spin_lock_num
                0x0000000020000420        0x1 CMakeFiles/uart.dir/home/gomond/pico/pico-sdk/src/rp2_common/hardware_sync/sync.c.obj
 *fill*         0x0000000020000421        0x3 
 .data          0x0000000020000424       0x48 CMakeFiles/uart.dir/home/gomond/pico/pico-sdk/src/rp2_common/hardware_irq/irq_handler_chain.S.obj
                0x0000000020000424                irq_handler_chain_slots
                0x0000000020000454                irq_handler_chain_first_slot
                0x000000002000045e                irq_handler_chain_remove_tail
 .data.default_alarm_pool
                0x000000002000046c       0x18 CMakeFiles/uart.dir/home/gomond/pico/pico-sdk/src/common/pico_time/time.c.obj
 .data.default_alarm_pool_heap
                0x0000000020000484       0x10 CMakeFiles/uart.dir/home/gomond/pico/pico-sdk/src/common/pico_time/time.c.obj
 *fill*         0x0000000020000494        0xc 
 .data.aeabi_bits_funcs
                0x00000000200004a0       0x10 CMakeFiles/uart.dir/home/gomond/pico/pico-sdk/src/rp2_common/pico_bit_ops/bit_ops_aeabi.S.obj
                0x00000000200004a0                aeabi_bits_funcs
                0x00000000200004b0                aeabi_bits_funcs_end
 .data.aeabi_mem_funcs
                0x00000000200004b0       0x10 CMakeFiles/uart.dir/home/gomond/pico/pico-sdk/src/rp2_common/pico_mem_ops/mem_ops_aeabi.S.obj
                0x00000000200004b0                aeabi_mem_funcs
                0x00000000200004c0                aeabi_mem_funcs_end
 .data.stdio_usb
                0x00000000200004c0       0x14 CMakeFiles/uart.dir/home/gomond/pico/pico-sdk/src/rp2_common/pico_stdio_usb/stdio_usb.c.obj
                0x00000000200004c0                stdio_usb
 .data.ep_dir_string
                0x00000000200004d4        0x8 CMakeFiles/uart.dir/home/gomond/pico/pico-sdk/lib/tinyusb/src/portable/raspberrypi/rp2040/rp2040_usb.c.obj
                0x00000000200004d4                ep_dir_string
 .data._usbd_qdef
                0x00000000200004dc       0x24 CMakeFiles/uart.dir/home/gomond/pico/pico-sdk/lib/tinyusb/src/device/usbd.c.obj
                0x00000000200004dc                _usbd_qdef
                0x0000000020000500                . = ALIGN (0x4)
 *(.after_data.*)
                0x0000000020000500                . = ALIGN (0x4)
                0x0000000020000500                PROVIDE (__mutex_array_start = .)
 *(SORT_BY_NAME(.mutex_array.*))
 *(.mutex_array)
 .mutex_array   0x0000000020000500        0x8 CMakeFiles/uart.dir/home/gomond/pico/pico-sdk/src/rp2_common/pico_stdio/stdio.c.obj
                0x0000000020000508                PROVIDE (__mutex_array_end = .)
                0x0000000020000508                . = ALIGN (0x4)
                0x0000000020000508                PROVIDE (__preinit_array_start = .)
 *(SORT_BY_NAME(.preinit_array.*))
 .preinit_array.00001
                0x0000000020000508        0x4 CMakeFiles/uart.dir/home/gomond/pico/pico-sdk/src/rp2_common/pico_mem_ops/mem_ops_aeabi.S.obj
 .preinit_array.00010
                0x000000002000050c        0x4 CMakeFiles/uart.dir/home/gomond/pico/pico-sdk/src/rp2_common/pico_bit_ops/bit_ops_aeabi.S.obj
 .preinit_array.00020
                0x0000000020000510        0x4 CMakeFiles/uart.dir/home/gomond/pico/pico-sdk/src/rp2_common/pico_double/double_aeabi.S.obj
 .preinit_array.00020
                0x0000000020000514        0x4 CMakeFiles/uart.dir/home/gomond/pico/pico-sdk/src/rp2_common/pico_float/float_aeabi.S.obj
 *(.preinit_array)
                0x0000000020000518                PROVIDE (__preinit_array_end = .)
                0x0000000020000518                . = ALIGN (0x4)
                0x0000000020000518                PROVIDE (__init_array_start = .)
 *(SORT_BY_NAME(.init_array.*))
 *(.init_array)
 .init_array    0x0000000020000518        0x4 /usr/lib/gcc/arm-none-eabi/10.3.1/thumb/v6-m/nofp/crtbegin.o
 .init_array    0x000000002000051c        0x4 CMakeFiles/uart.dir/home/gomond/pico/pico-sdk/src/rp2_common/pico_unique_id/unique_id.c.obj
                0x0000000020000520                PROVIDE (__init_array_end = .)
                0x0000000020000520                . = ALIGN (0x4)
                0x0000000020000520                PROVIDE (__fini_array_start = .)
 *(SORT_BY_NAME(.fini_array.*))
 *(.fini_array)
                0x0000000020000520                PROVIDE (__fini_array_end = .)
 *(.jcr)
                0x0000000020000520                . = ALIGN (0x4)