Archive member included to satisfy reference by file (symbol)

/usr/lib/gcc/arm-none-eabi/10.3.1/thumb/v6-m/nofp/libgcc.a(_dvmd_tls.o)
                              CMakeFiles/uart.dir/home/gomond/pico/pico-sdk/src/rp2_common/pico_divider/divider.S.obj (__aeabi_idiv0)
/usr/lib/gcc/arm-none-eabi/10.3.1/../../../arm-none-eabi/lib/thumb/v6-m/nofp/libg.a(lib_a-atexit.o)
                              /usr/lib/gcc/arm-none-eabi/10.3.1/../../../arm-none-eabi/lib/thumb/v6-m/nofp/crt0.o (atexit)
/usr/lib/gcc/arm-none-eabi/10.3.1/../../../arm-none-eabi/lib/thumb/v6-m/nofp/libg.a(lib_a-calloc.o)
                              CMakeFiles/uart.dir/home/gomond/pico/pico-sdk/src/rp2_common/pico_malloc/pico_malloc.c.obj (calloc)
/usr/lib/gcc/arm-none-eabi/10.3.1/../../../arm-none-eabi/lib/thumb/v6-m/nofp/libg.a(lib_a-callocr.o)
                              /usr/lib/gcc/arm-none-eabi/10.3.1/../../../arm-none-eabi/lib/thumb/v6-m/nofp/libg.a(lib_a-calloc.o) (_calloc_r)
/usr/lib/gcc/arm-none-eabi/10.3.1/../../../arm-none-eabi/lib/thumb/v6-m/nofp/libg.a(lib_a-ctype_.o)
                              CMakeFiles/uart.dir/home/gomond/pico/pico-sdk/lib/tinyusb/src/tusb.c.obj (_ctype_)
/usr/lib/gcc/arm-none-eabi/10.3.1/../../../arm-none-eabi/lib/thumb/v6-m/nofp/libg.a(lib_a-fini.o)
                              /usr/lib/gcc/arm-none-eabi/10.3.1/../../../arm-none-eabi/lib/thumb/v6-m/nofp/crt0.o (__libc_fini_array)
/usr/lib/gcc/arm-none-eabi/10.3.1/../../../arm-none-eabi/lib/thumb/v6-m/nofp/libg.a(lib_a-impure.o)
                              /usr/lib/gcc/arm-none-eabi/10.3.1/../../../arm-none-eabi/lib/thumb/v6-m/nofp/libg.a(lib_a-calloc.o) (_impure_ptr)
/usr/lib/gcc/arm-none-eabi/10.3.1/../../../arm-none-eabi/lib/thumb/v6-m/nofp/libg.a(lib_a-init.o)
                              /usr/lib/gcc/arm-none-eabi/10.3.1/../../../arm-none-eabi/lib/thumb/v6-m/nofp/crt0.o (__libc_init_array)
/usr/lib/gcc/arm-none-eabi/10.3.1/../../../arm-none-eabi/lib/thumb/v6-m/nofp/libg.a(lib_a-malloc.o)
                              CMakeFiles/uart.dir/home/gomond/pico/pico-sdk/src/rp2_common/pico_malloc/pico_malloc.c.obj (malloc)
/usr/lib/gcc/arm-none-eabi/10.3.1/../../../arm-none-eabi/lib/thumb/v6-m/nofp/libg.a(lib_a-mallocr.o)
                              /usr/lib/gcc/arm-none-eabi/10.3.1/../../../arm-none-eabi/lib/thumb/v6-m/nofp/libg.a(lib_a-callocr.o) (_malloc_r)
/usr/lib/gcc/arm-none-eabi/10.3.1/../../../arm-none-eabi/lib/thumb/v6-m/nofp/libg.a(lib_a-mlock.o)
                              /usr/lib/gcc/arm-none-eabi/10.3.1/../../../arm-none-eabi/lib/thumb/v6-m/nofp/libg.a(lib_a-mallocr.o) (__malloc_lock)
/usr/lib/gcc/arm-none-eabi/10.3.1/../../../arm-none-eabi/lib/thumb/v6-m/nofp/libg.a(lib_a-realloc.o)
                              CMakeFiles/uart.dir/home/gomond/pico/pico-sdk/src/rp2_common/pico_malloc/pico_malloc.c.obj (realloc)
/usr/lib/gcc/arm-none-eabi/10.3.1/../../../arm-none-eabi/lib/thumb/v6-m/nofp/libg.a(lib_a-reallocr.o)
                              /usr/lib/gcc/arm-none-eabi/10.3.1/../../../arm-none-eabi/lib/thumb/v6-m/nofp/libg.a(lib_a-realloc.o) (_realloc_r)
/usr/lib/gcc/arm-none-eabi/10.3.1/../../../arm-none-eabi/lib/thumb/v6-m/nofp/libg.a(lib_a-sbrkr.o)
                              /usr/lib/gcc/arm-none-eabi/10.3.1/../../../arm-none-eabi/lib/thumb/v6-m/nofp/libg.a(lib_a-mallocr.o) (_sbrk_r)
/usr/lib/gcc/arm-none-eabi/10.3.1/../../../arm-none-eabi/lib/thumb/v6-m/nofp/libg.a(lib_a-strlen-stub.o)
                              CMakeFiles/uart.dir/home/gomond/pico/pico-sdk/src/rp2_common/pico_stdio/stdio.c.obj (strlen)
/usr/lib/gcc/arm-none-eabi/10.3.1/../../../arm-none-eabi/lib/thumb/v6-m/nofp/libg.a(lib_a-__atexit.o)
                              /usr/lib/gcc/arm-none-eabi/10.3.1/../../../arm-none-eabi/lib/thumb/v6-m/nofp/libg.a(lib_a-atexit.o) (__register_exitproc)
/usr/lib/gcc/arm-none-eabi/10.3.1/../../../arm-none-eabi/lib/thumb/v6-m/nofp/libg.a(lib_a-freer.o)
                              /usr/lib/gcc/arm-none-eabi/10.3.1/../../../arm-none-eabi/lib/thumb/v6-m/nofp/libg.a(lib_a-malloc.o) (_free_r)
/usr/lib/gcc/arm-none-eabi/10.3.1/../../../arm-none-eabi/lib/thumb/v6-m/nofp/libg.a(lib_a-memmove.o)
                              /usr/lib/gcc/arm-none-eabi/10.3.1/../../../arm-none-eabi/lib/thumb/v6-m/nofp/libg.a(lib_a-reallocr.o) (memmove)
/usr/lib/gcc/arm-none-eabi/10.3.1/../../../arm-none-eabi/lib/thumb/v6-m/nofp/libg.a(lib_a-reent.o)
                              /usr/lib/gcc/arm-none-eabi/10.3.1/../../../arm-none-eabi/lib/thumb/v6-m/nofp/libg.a(lib_a-sbrkr.o) (errno)

Discarded input sections

 .text          0x0000000000000000        0x0 /usr/lib/gcc/arm-none-eabi/10.3.1/thumb/v6-m/nofp/crti.o
 .data          0x0000000000000000        0x0 /usr/lib/gcc/arm-none-eabi/10.3.1/thumb/v6-m/nofp/crti.o
 .bss           0x0000000000000000        0x0 /usr/lib/gcc/arm-none-eabi/10.3.1/thumb/v6-m/nofp/crti.o
 .data          0x0000000000000000        0x4 /usr/lib/gcc/arm-none-eabi/10.3.1/thumb/v6-m/nofp/crtbegin.o
[...]
Memory Configuration

Name             Origin             Length             Attributes
FLASH            0x0000000010000000 0x0000000000200000 xr
RAM              0x0000000020000000 0x0000000000040000 xrw
SCRATCH_X        0x0000000020040000 0x0000000000001000 xrw
SCRATCH_Y        0x0000000020041000 0x0000000000001000 xrw
*default*        0x0000000000000000 0xffffffffffffffff

Linker script and memory map

LOAD /usr/lib/gcc/arm-none-eabi/10.3.1/thumb/v6-m/nofp/crti.o
LOAD /usr/lib/gcc/arm-none-eabi/10.3.1/thumb/v6-m/nofp/crtbegin.o
LOAD /usr/lib/gcc/arm-none-eabi/10.3.1/../../../arm-none-eabi/lib/thumb/v6-m/nofp/crt0.o

.flash_begin    0x0000000010000000        0x0
                0x0000000010000000                __flash_binary_start = .

.boot2          0x0000000010000000      0x100
                0x0000000010000000                __boot2_start__ = .
 *(.boot2)
 .boot2         0x0000000010000000      0x100 /tmp/ccbvFgq0.o
                0x0000000010000100                __boot2_end__ = .
                0x0000000000000001                ASSERT (((__boot2_end__ - __boot2_start__) == 0x100), ERROR: Pico second stage bootloader must be 256 bytes in size)

.text           0x0000000010000100     0x78e0
                0x0000000010000100                __logical_binary_start = .
 *(.vectors)
 .vectors       0x0000000010000100       0xd4 CMakeFiles/uart.dir/home/gomond/pico/pico-sdk/src/rp2_common/pico_standard_link/crt0.S.obj
                0x0000000010000100                __vectors
                0x0000000010000100                __VECTOR_TABLE
                0x00000000100001c0                isr_invalid
                0x00000000100001c0                __default_isrs_start
                0x00000000100001c2                isr_nmi
                0x00000000100001c4                isr_hardfault
                0x00000000100001c6                isr_svcall
                0x00000000100001c8                isr_pendsv
                0x00000000100001ca                isr_systick
                0x00000000100001cc                isr_irq30
                0x00000000100001cc                __unhandled_user_irq
                0x00000000100001cc                isr_irq13
                0x00000000100001cc                isr_irq27
                0x00000000100001cc                isr_irq31
                0x00000000100001cc                isr_irq5
                0x00000000100001cc                isr_irq11
                0x00000000100001cc                isr_irq23
                0x00000000100001cc                isr_irq18
                0x00000000100001cc                isr_irq28
                0x00000000100001cc                isr_irq19
                0x00000000100001cc                isr_irq0
                0x00000000100001cc                isr_irq6
                0x00000000100001cc                isr_irq22
                0x00000000100001cc                isr_irq17
                0x00000000100001cc                isr_irq14
                0x00000000100001cc                isr_irq2
                0x00000000100001cc                isr_irq10
                0x00000000100001cc                isr_irq8
                0x00000000100001cc                isr_irq24
                0x00000000100001cc                isr_irq1
                0x00000000100001cc                isr_irq7
                0x00000000100001cc                isr_irq21
                0x00000000100001cc                isr_irq20
                0x00000000100001cc                isr_irq15
                0x00000000100001cc                isr_irq25
                0x00000000100001cc                isr_irq4
                0x00000000100001cc                isr_irq16
                0x00000000100001cc                isr_irq29
                0x00000000100001cc                isr_irq26
                0x00000000100001cc                __default_isrs_end
                0x00000000100001cc                isr_irq3
                0x00000000100001cc                isr_irq12
                0x00000000100001cc                isr_irq9
                0x00000000100001d2                unhandled_user_irq_num_in_r0
 *(.binary_info_header)
 .binary_info_header
                0x00000000100001d4       0x14 CMakeFiles/uart.dir/home/gomond/pico/pico-sdk/src/rp2_common/pico_standard_link/crt0.S.obj
                0x00000000100001e8                __binary_info_header_end = .
 *(.reset)
 .reset         0x00000000100001e8       0xa8 CMakeFiles/uart.dir/home/gomond/pico/pico-sdk/src/rp2_common/pico_standard_link/crt0.S.obj
                0x00000000100001e8                _entry_point
                0x0000000010000266                __get_current_exception
 .reset         0x0000000010000290       0x30 CMakeFiles/uart.dir/home/gomond/pico/pico-sdk/src/rp2_common/pico_standard_link/binary_info.c.obj
 *(.init)
 .init          0x00000000100002c0        0x4 /usr/lib/gcc/arm-none-eabi/10.3.1/thumb/v6-m/nofp/crti.o
                0x00000000100002c0                _init
 *(EXCLUDE_FILE(*libm.a: *libc.a:*lib_a-mem*.o *libgcc.a:) .text*)
 .text          0x00000000100002c4       0x98 /usr/lib/gcc/arm-none-eabi/10.3.1/thumb/v6-m/nofp/crtbegin.o
 .text.sleep_callback
                0x000000001000035c        0xc CMakeFiles/uart.dir/uart.c.obj
 .text.rtc_sleep
                0x0000000010000368       0x38 CMakeFiles/uart.dir/uart.c.obj
 .text.read_serial_sensor
                0x00000000100003a0       0xbc CMakeFiles/uart.dir/uart.c.obj
                0x00000000100003a0                read_serial_sensor
 .text.main     0x000000001000045c       0xac CMakeFiles/uart.dir/uart.c.obj
                0x000000001000045c                main
 .text.setup_default_uart
                0x0000000010000508       0x2c CMakeFiles/uart.dir/home/gomond/pico/pico-sdk/src/rp2_common/pico_stdlib/stdlib.c.obj
                0x0000000010000508                setup_default_uart
 .text.gpio_set_function
                0x0000000010000534       0x30 CMakeFiles/uart.dir/home/gomond/pico/pico-sdk/src/rp2_common/hardware_gpio/gpio.c.obj
                0x0000000010000534                gpio_set_function
 .text.hw_claim_lock
                0x0000000010000564       0x18 CMakeFiles/uart.dir/home/gomond/pico/pico-sdk/src/rp2_common/hardware_claim/claim.c.obj
                0x0000000010000564                hw_claim_lock
 .text.hw_claim_unlock
                0x000000001000057c       0x14 CMakeFiles/uart.dir/home/gomond/pico/pico-sdk/src/rp2_common/hardware_claim/claim.c.obj
                0x000000001000057c                hw_claim_unlock
 .text.hw_claim_or_assert
                0x0000000010000590       0x32 CMakeFiles/uart.dir/home/gomond/pico/pico-sdk/src/rp2_common/hardware_claim/claim.c.obj
                0x0000000010000590                hw_claim_or_assert
 .text.hw_claim_unused_from_range
                0x00000000100005c2       0x50 CMakeFiles/uart.dir/home/gomond/pico/pico-sdk/src/rp2_common/hardware_claim/claim.c.obj
                0x00000000100005c2                hw_claim_unused_from_range
 *fill*         0x0000000010000612        0x2 
 .text.running_on_fpga
                0x0000000010000614       0x14 CMakeFiles/uart.dir/home/gomond/pico/pico-sdk/src/rp2_common/pico_platform/platform.c.obj
                0x0000000010000614                running_on_fpga
 .text.spin_locks_reset
                0x0000000010000628       0x20 CMakeFiles/uart.dir/home/gomond/pico/pico-sdk/src/rp2_common/hardware_sync/sync.c.obj
                0x0000000010000628                spin_locks_reset
 .text.next_striped_spin_lock_num
                0x0000000010000648       0x1c CMakeFiles/uart.dir/home/gomond/pico/pico-sdk/src/rp2_common/hardware_sync/sync.c.obj
                0x0000000010000648                next_striped_spin_lock_num
 .text.spin_lock_claim_unused
                0x0000000010000664       0x20 CMakeFiles/uart.dir/home/gomond/pico/pico-sdk/src/rp2_common/hardware_sync/sync.c.obj
                0x0000000010000664                spin_lock_claim_unused
 .text.set_raw_irq_handler_and_unlock
                0x0000000010000684       0x28 CMakeFiles/uart.dir/home/gomond/pico/pico-sdk/src/rp2_common/hardware_irq/irq.c.obj
 .text.make_branch
                0x00000000100006ac       0x48 CMakeFiles/uart.dir/home/gomond/pico/pico-sdk/src/rp2_common/hardware_irq/irq.c.obj
 .text.insert_branch_and_link
                0x00000000100006f4       0x40 CMakeFiles/uart.dir/home/gomond/pico/pico-sdk/src/rp2_common/hardware_irq/irq.c.obj
 .text.irq_is_enabled
                0x0000000010000734       0x18 CMakeFiles/uart.dir/home/gomond/pico/pico-sdk/src/rp2_common/hardware_irq/irq.c.obj
                0x0000000010000734                irq_is_enabled
 .text.irq_set_mask_enabled
                0x000000001000074c       0x20 CMakeFiles/uart.dir/home/gomond/pico/pico-sdk/src/rp2_common/hardware_irq/irq.c.obj
                0x000000001000074c                irq_set_mask_enabled
 .text.irq_set_enabled
                0x000000001000076c        0xe CMakeFiles/uart.dir/home/gomond/pico/pico-sdk/src/rp2_common/hardware_irq/irq.c.obj
                0x000000001000076c                irq_set_enabled
 *fill*         0x000000001000077a        0x2 
 .text.irq_set_pending
                0x000000001000077c       0x10 CMakeFiles/uart.dir/home/gomond/pico/pico-sdk/src/rp2_common/hardware_irq/irq.c.obj
                0x000000001000077c                irq_set_pending
 .text.irq_get_vtable_handler
                0x000000001000078c       0x10 CMakeFiles/uart.dir/home/gomond/pico/pico-sdk/src/rp2_common/hardware_irq/irq.c.obj
                0x000000001000078c                irq_get_vtable_handler
 .text.irq_has_shared_handler
                0x000000001000079c       0x24 CMakeFiles/uart.dir/home/gomond/pico/pico-sdk/src/rp2_common/hardware_irq/irq.c.obj
                0x000000001000079c                irq_has_shared_handler
 .text.irq_set_exclusive_handler
                0x00000000100007c0       0x54 CMakeFiles/uart.dir/home/gomond/pico/pico-sdk/src/rp2_common/hardware_irq/irq.c.obj
                0x00000000100007c0                irq_set_exclusive_handler
 .text.irq_add_shared_handler
                0x0000000010000814      0x230 CMakeFiles/uart.dir/home/gomond/pico/pico-sdk/src/rp2_common/hardware_irq/irq.c.obj
                0x0000000010000814                irq_add_shared_handler
 .text.irq_remove_handler
                0x0000000010000a44      0x1a8 CMakeFiles/uart.dir/home/gomond/pico/pico-sdk/src/rp2_common/hardware_irq/irq.c.obj
                0x0000000010000a44                irq_remove_handler
 .text.irq_add_tail_to_free_list
                0x0000000010000bec       0xf0 CMakeFiles/uart.dir/home/gomond/pico/pico-sdk/src/rp2_common/hardware_irq/irq.c.obj
                0x0000000010000bec                irq_add_tail_to_free_list
 .text.irq_init_priorities
                0x0000000010000cdc       0x1c CMakeFiles/uart.dir/home/gomond/pico/pico-sdk/src/rp2_common/hardware_irq/irq.c.obj
                0x0000000010000cdc                irq_init_priorities
 .text.user_irq_claim_unused
                0x0000000010000cf8       0x30 CMakeFiles/uart.dir/home/gomond/pico/pico-sdk/src/rp2_common/hardware_irq/irq.c.obj
                0x0000000010000cf8                user_irq_claim_unused
 .text.lock_init
                0x0000000010000d28       0x10 CMakeFiles/uart.dir/home/gomond/pico/pico-sdk/src/common/pico_sync/lock_core.c.obj
                0x0000000010000d28                lock_init
 .text.alarm_pool_post_alloc_init
                0x0000000010000d38       0x40 CMakeFiles/uart.dir/home/gomond/pico/pico-sdk/src/common/pico_time/time.c.obj
 .text.sleep_until_callback
                0x0000000010000d78       0x30 CMakeFiles/uart.dir/home/gomond/pico/pico-sdk/src/common/pico_time/time.c.obj
 .text.timer_pool_entry_comparator
                0x0000000010000da8       0x7c CMakeFiles/uart.dir/home/gomond/pico/pico-sdk/src/common/pico_time/time.c.obj
                0x0000000010000da8                timer_pool_entry_comparator
 .text.ph_add_child_node
                0x0000000010000e24       0xa4 CMakeFiles/uart.dir/home/gomond/pico/pico-sdk/src/common/pico_time/time.c.obj
 .text.ph_merge_nodes
                0x0000000010000ec8       0x3e CMakeFiles/uart.dir/home/gomond/pico/pico-sdk/src/common/pico_time/time.c.obj
 *fill*         0x0000000010000f06        0x2 
 .text.add_alarm_under_lock
                0x0000000010000f08      0x174 CMakeFiles/uart.dir/home/gomond/pico/pico-sdk/src/common/pico_time/time.c.obj
 .text.alarm_pool_alarm_callback
                0x000000001000107c      0x328 CMakeFiles/uart.dir/home/gomond/pico/pico-sdk/src/common/pico_time/time.c.obj
 .text.alarm_pool_init_default
                0x00000000100013a4       0x38 CMakeFiles/uart.dir/home/gomond/pico/pico-sdk/src/common/pico_time/time.c.obj
                0x00000000100013a4                alarm_pool_init_default
 .text.alarm_pool_get_default
                0x00000000100013dc       0x2c CMakeFiles/uart.dir/home/gomond/pico/pico-sdk/src/common/pico_time/time.c.obj
                0x00000000100013dc                alarm_pool_get_default
 .text.alarm_pool_add_alarm_at
                0x0000000010001408      0x170 CMakeFiles/uart.dir/home/gomond/pico/pico-sdk/src/common/pico_time/time.c.obj
                0x0000000010001408                alarm_pool_add_alarm_at
 .text.alarm_pool_cancel_alarm
                0x0000000010001578       0xf0 CMakeFiles/uart.dir/home/gomond/pico/pico-sdk/src/common/pico_time/time.c.obj
                0x0000000010001578                alarm_pool_cancel_alarm
 .text.best_effort_wfe_or_timeout
                0x0000000010001668       0x80 CMakeFiles/uart.dir/home/gomond/pico/pico-sdk/src/common/pico_time/time.c.obj
                0x0000000010001668                best_effort_wfe_or_timeout
 .text.hardware_alarm_irq_handler
                0x00000000100016e8       0x8c CMakeFiles/uart.dir/home/gomond/pico/pico-sdk/src/rp2_common/hardware_timer/timer.c.obj
 .text.hardware_alarm_claim
                0x0000000010001774       0x18 CMakeFiles/uart.dir/home/gomond/pico/pico-sdk/src/rp2_common/hardware_timer/timer.c.obj
                0x0000000010001774                hardware_alarm_claim
 .text.time_us_64
                0x000000001000178c       0x18 CMakeFiles/uart.dir/home/gomond/pico/pico-sdk/src/rp2_common/hardware_timer/timer.c.obj
                0x000000001000178c                time_us_64
 .text.busy_wait_until
                0x00000000100017a4       0x28 CMakeFiles/uart.dir/home/gomond/pico/pico-sdk/src/rp2_common/hardware_timer/timer.c.obj
                0x00000000100017a4                busy_wait_until
 .text.busy_wait_us
                0x00000000100017cc       0x48 CMakeFiles/uart.dir/home/gomond/pico/pico-sdk/src/rp2_common/hardware_timer/timer.c.obj
                0x00000000100017cc                busy_wait_us
 .text.hardware_alarm_set_callback
                0x0000000010001814       0x90 CMakeFiles/uart.dir/home/gomond/pico/pico-sdk/src/rp2_common/hardware_timer/timer.c.obj
                0x0000000010001814                hardware_alarm_set_callback
 .text.hardware_alarm_set_target
                0x00000000100018a4       0xe8 CMakeFiles/uart.dir/home/gomond/pico/pico-sdk/src/rp2_common/hardware_timer/timer.c.obj
                0x00000000100018a4                hardware_alarm_set_target
 .text.hardware_alarm_cancel
                0x000000001000198c       0x40 CMakeFiles/uart.dir/home/gomond/pico/pico-sdk/src/rp2_common/hardware_timer/timer.c.obj
                0x000000001000198c                hardware_alarm_cancel
 .text.ph_add_child_node
                0x00000000100019cc       0xa4 CMakeFiles/uart.dir/home/gomond/pico/pico-sdk/src/common/pico_util/pheap.c.obj
 .text.ph_merge_nodes
                0x0000000010001a70       0x3e CMakeFiles/uart.dir/home/gomond/pico/pico-sdk/src/common/pico_util/pheap.c.obj
 *fill*         0x0000000010001aae        0x2 
 .text.ph_clear
                0x0000000010001ab0       0x70 CMakeFiles/uart.dir/home/gomond/pico/pico-sdk/src/common/pico_util/pheap.c.obj
                0x0000000010001ab0                ph_clear
 .text.ph_post_alloc_init
                0x0000000010001b20        0xe CMakeFiles/uart.dir/home/gomond/pico/pico-sdk/src/common/pico_util/pheap.c.obj
                0x0000000010001b20                ph_post_alloc_init
 *fill*         0x0000000010001b2e        0x2 
 .text.ph_merge_two_pass
                0x0000000010001b30       0xa8 CMakeFiles/uart.dir/home/gomond/pico/pico-sdk/src/common/pico_util/pheap.c.obj
                0x0000000010001b30                ph_merge_two_pass
 .text.ph_remove_any_head
                0x0000000010001bd8      0x108 CMakeFiles/uart.dir/home/gomond/pico/pico-sdk/src/common/pico_util/pheap.c.obj
 .text.ph_remove_head
                0x0000000010001ce0       0x14 CMakeFiles/uart.dir/home/gomond/pico/pico-sdk/src/common/pico_util/pheap.c.obj
                0x0000000010001ce0                ph_remove_head
 .text.ph_remove_and_free_node
                0x0000000010001cf4       0xf8 CMakeFiles/uart.dir/home/gomond/pico/pico-sdk/src/common/pico_util/pheap.c.obj
                0x0000000010001cf4                ph_remove_and_free_node
 .text.mutex_init
                0x0000000010001dec       0x1a CMakeFiles/uart.dir/home/gomond/pico/pico-sdk/src/common/pico_sync/mutex.c.obj
                0x0000000010001dec                mutex_init
 .text.recursive_mutex_init
                0x0000000010001e06       0x1e CMakeFiles/uart.dir/home/gomond/pico/pico-sdk/src/common/pico_sync/mutex.c.obj
                0x0000000010001e06                recursive_mutex_init
 .text.critical_section_init_with_lock_num
                0x0000000010001e24       0x14 CMakeFiles/uart.dir/home/gomond/pico/pico-sdk/src/common/pico_sync/critical_section.c.obj
                0x0000000010001e24                critical_section_init_with_lock_num
 .text.critical_section_init
                0x0000000010001e38       0x14 CMakeFiles/uart.dir/home/gomond/pico/pico-sdk/src/common/pico_sync/critical_section.c.obj
                0x0000000010001e38                critical_section_init
 .text.uart_set_baudrate
                0x0000000010001e4c       0x5c CMakeFiles/uart.dir/home/gomond/pico/pico-sdk/src/rp2_common/hardware_uart/uart.c.obj
                0x0000000010001e4c                uart_set_baudrate
 .text.uart_set_translate_crlf
                0x0000000010001ea8       0x28 CMakeFiles/uart.dir/home/gomond/pico/pico-sdk/src/rp2_common/hardware_uart/uart.c.obj
                0x0000000010001ea8                uart_set_translate_crlf
 .text.uart_init
                0x0000000010001ed0       0x80 CMakeFiles/uart.dir/home/gomond/pico/pico-sdk/src/rp2_common/hardware_uart/uart.c.obj
                0x0000000010001ed0                uart_init
 .text._exit    0x0000000010001f50        0x4 CMakeFiles/uart.dir/home/gomond/pico/pico-sdk/src/rp2_common/pico_runtime/runtime.c.obj
                0x0000000010001f50                _exit
 .text.exit     0x0000000010001f54        0x6 CMakeFiles/uart.dir/home/gomond/pico/pico-sdk/src/rp2_common/pico_runtime/runtime.c.obj
                0x0000000010001f54                exit
 *fill*         0x0000000010001f5a        0x2 
 .text.__assert_func
                0x0000000010001f5c       0x3c CMakeFiles/uart.dir/home/gomond/pico/pico-sdk/src/rp2_common/pico_runtime/runtime.c.obj
                0x0000000010001f5c                __assert_func
 .text.runtime_init
                0x0000000010001f98       0xf8 CMakeFiles/uart.dir/home/gomond/pico/pico-sdk/src/rp2_common/pico_runtime/runtime.c.obj
                0x0000000010001f98                runtime_init
 .text.panic    0x0000000010002090       0x30 CMakeFiles/uart.dir/home/gomond/pico/pico-sdk/src/rp2_common/pico_runtime/runtime.c.obj
                0x0000000010002090                panic
 .text.clock_stop
                0x00000000100020c0       0x2c CMakeFiles/uart.dir/home/gomond/pico/pico-sdk/src/rp2_common/hardware_clocks/clocks.c.obj
                0x00000000100020c0                clock_stop
 .text.clock_configure
                0x00000000100020ec      0x104 CMakeFiles/uart.dir/home/gomond/pico/pico-sdk/src/rp2_common/hardware_clocks/clocks.c.obj
                0x00000000100020ec                clock_configure
 .text.clocks_init
                0x00000000100021f0      0x100 CMakeFiles/uart.dir/home/gomond/pico/pico-sdk/src/rp2_common/hardware_clocks/clocks.c.obj
                0x00000000100021f0                clocks_init
 .text.clock_get_hz
                0x00000000100022f0        0xc CMakeFiles/uart.dir/home/gomond/pico/pico-sdk/src/rp2_common/hardware_clocks/clocks.c.obj
                0x00000000100022f0                clock_get_hz
 .text.pll_init
                0x00000000100022fc      0x140 CMakeFiles/uart.dir/home/gomond/pico/pico-sdk/src/rp2_common/hardware_pll/pll.c.obj
                0x00000000100022fc                pll_init
 .text.pll_deinit
                0x000000001000243c        0x6 CMakeFiles/uart.dir/home/gomond/pico/pico-sdk/src/rp2_common/hardware_pll/pll.c.obj
                0x000000001000243c                pll_deinit
 *fill*         0x0000000010002442        0x2 
 .text.watchdog_start_tick
                0x0000000010002444       0x10 CMakeFiles/uart.dir/home/gomond/pico/pico-sdk/src/rp2_common/hardware_watchdog/watchdog.c.obj
                0x0000000010002444                watchdog_start_tick
 .text.watchdog_update
                0x0000000010002454       0x14 CMakeFiles/uart.dir/home/gomond/pico/pico-sdk/src/rp2_common/hardware_watchdog/watchdog.c.obj
                0x0000000010002454                watchdog_update
 .text._watchdog_enable
                0x0000000010002468       0x78 CMakeFiles/uart.dir/home/gomond/pico/pico-sdk/src/rp2_common/hardware_watchdog/watchdog.c.obj
                0x0000000010002468                _watchdog_enable
 .text.watchdog_reboot
                0x00000000100024e0       0x48 CMakeFiles/uart.dir/home/gomond/pico/pico-sdk/src/rp2_common/hardware_watchdog/watchdog.c.obj
                0x00000000100024e0                watchdog_reboot
 .text.xosc_init
                0x0000000010002528       0x28 CMakeFiles/uart.dir/home/gomond/pico/pico-sdk/src/rp2_common/hardware_xosc/xosc.c.obj
                0x0000000010002528                xosc_init
 .text.xosc_disable
                0x0000000010002550       0x24 CMakeFiles/uart.dir/home/gomond/pico/pico-sdk/src/rp2_common/hardware_xosc/xosc.c.obj
                0x0000000010002550                xosc_disable
 .text._out_null
                0x0000000010002574        0x2 CMakeFiles/uart.dir/home/gomond/pico/pico-sdk/src/rp2_common/pico_printf/printf.c.obj
 .text._out_fct
                0x0000000010002576        0xe CMakeFiles/uart.dir/home/gomond/pico/pico-sdk/src/rp2_common/pico_printf/printf.c.obj
 .text._atoi    0x0000000010002584       0x24 CMakeFiles/uart.dir/home/gomond/pico/pico-sdk/src/rp2_common/pico_printf/printf.c.obj
 .text._out_rev
                0x00000000100025a8       0xae CMakeFiles/uart.dir/home/gomond/pico/pico-sdk/src/rp2_common/pico_printf/printf.c.obj
 .text._ntoa_format
                0x0000000010002656      0x112 CMakeFiles/uart.dir/home/gomond/pico/pico-sdk/src/rp2_common/pico_printf/printf.c.obj
 .text._ntoa_long
                0x0000000010002768       0xbc CMakeFiles/uart.dir/home/gomond/pico/pico-sdk/src/rp2_common/pico_printf/printf.c.obj
 .text._ntoa_long_long
                0x0000000010002824       0xe2 CMakeFiles/uart.dir/home/gomond/pico/pico-sdk/src/rp2_common/pico_printf/printf.c.obj
 *fill*         0x0000000010002906        0x2 
 .text._etoa    0x0000000010002908      0x414 CMakeFiles/uart.dir/home/gomond/pico/pico-sdk/src/rp2_common/pico_printf/printf.c.obj
 .text._ftoa    0x0000000010002d1c      0x354 CMakeFiles/uart.dir/home/gomond/pico/pico-sdk/src/rp2_common/pico_printf/printf.c.obj
 .text._vsnprintf
                0x0000000010003070      0x624 CMakeFiles/uart.dir/home/gomond/pico/pico-sdk/src/rp2_common/pico_printf/printf.c.obj
 .text.vfctprintf
                0x0000000010003694       0x20 CMakeFiles/uart.dir/home/gomond/pico/pico-sdk/src/rp2_common/pico_printf/printf.c.obj
                0x0000000010003694                vfctprintf
 .text          0x00000000100036b4       0x10 CMakeFiles/uart.dir/home/gomond/pico/pico-sdk/src/rp2_common/pico_bit_ops/bit_ops_aeabi.S.obj
 .text.rom_func_lookup
                0x00000000100036c4       0x10 CMakeFiles/uart.dir/home/gomond/pico/pico-sdk/src/rp2_common/pico_bootrom/bootrom.c.obj
                0x00000000100036c4                rom_func_lookup
 .text.rom_data_lookup
                0x00000000100036d4       0x10 CMakeFiles/uart.dir/home/gomond/pico/pico-sdk/src/rp2_common/pico_bootrom/bootrom.c.obj
                0x00000000100036d4                rom_data_lookup
 .text.rom_funcs_lookup
                0x00000000100036e4       0x36 CMakeFiles/uart.dir/home/gomond/pico/pico-sdk/src/rp2_common/pico_bootrom/bootrom.c.obj
                0x00000000100036e4                rom_funcs_lookup
 *fill*         0x000000001000371a        0x2 
 .text.__wrap___aeabi_idiv
                0x000000001000371c       0x50 CMakeFiles/uart.dir/home/gomond/pico/pico-sdk/src/rp2_common/pico_divider/divider.S.obj
                0x000000001000371c                __wrap___aeabi_idivmod
                0x000000001000371c                divmod_s32s32
                0x000000001000371c                div_s32s32
                0x000000001000371c                __wrap___aeabi_idiv
                0x0000000010003724                divmod_s32s32_unsafe
                0x0000000010003750                divmod_s32s32_savestate
 .text.__wrap___aeabi_uidiv
                0x000000001000376c       0x4c CMakeFiles/uart.dir/home/gomond/pico/pico-sdk/src/rp2_common/pico_divider/divider.S.obj
                0x000000001000376c                __wrap___aeabi_uidiv
                0x000000001000376c                __wrap___aeabi_uidivmod
                0x000000001000376c                div_u32u32
                0x000000001000376c                divmod_u32u32
                0x0000000010003774                divmod_u32u32_unsafe
                0x000000001000379c                divmod_u32u32_savestate
 .text.__wrap___aeabi_ldiv
                0x00000000100037b8      0x434 CMakeFiles/uart.dir/home/gomond/pico/pico-sdk/src/rp2_common/pico_divider/divider.S.obj
                0x00000000100037b8                div_s64s64
                0x00000000100037b8                divmod_s64s64
                0x00000000100037b8                __wrap___aeabi_ldivmod
                0x00000000100037f0                div_u64u64
                0x00000000100037f0                divmod_u64u64
                0x00000000100037f0                __wrap___aeabi_uldivmod
                0x0000000010003800                divmod_u64u64_savestate
                0x0000000010003828                divmod_s64s64_unsafe
                0x00000000100038b0                divmod_u64u64_unsafe
 .text.__wrap___aeabi_darithmetic
                0x0000000010003bec       0x80 CMakeFiles/uart.dir/home/gomond/pico/pico-sdk/src/rp2_common/pico_double/double_aeabi.S.obj
                0x0000000010003bec                __wrap___aeabi_drsub
                0x0000000010003bf2                __wrap___aeabi_dsub
                0x0000000010003c04                __wrap___aeabi_dadd
                0x0000000010003c16                __wrap___aeabi_ddiv
                0x0000000010003c52                __wrap___aeabi_dmul
 .text.__wrap___aeabi_cdcmple
                0x0000000010003c6c       0x6c CMakeFiles/uart.dir/home/gomond/pico/pico-sdk/src/rp2_common/pico_double/double_aeabi.S.obj
                0x0000000010003c6c                __wrap___aeabi_cdrcmple
                0x0000000010003c7c                __wrap___aeabi_cdcmple
                0x0000000010003c7c                __wrap___aeabi_cdcmpeq
 .text.__wrap___aeabi_dcmplt
                0x0000000010003cd8        0xc CMakeFiles/uart.dir/home/gomond/pico/pico-sdk/src/rp2_common/pico_double/double_aeabi.S.obj
                0x0000000010003cd8                __wrap___aeabi_dcmplt
 .text.__wrap___aeabi_dcmple
                0x0000000010003ce4       0x10 CMakeFiles/uart.dir/home/gomond/pico/pico-sdk/src/rp2_common/pico_double/double_aeabi.S.obj
                0x0000000010003ce4                __wrap___aeabi_dcmple
 .text.__wrap___aeabi_dcmpge
                0x0000000010003cf4       0x10 CMakeFiles/uart.dir/home/gomond/pico/pico-sdk/src/rp2_common/pico_double/double_aeabi.S.obj
                0x0000000010003cf4                __wrap___aeabi_dcmpge
 .text.__wrap___aeabi_dcmpgt
                0x0000000010003d04        0xa CMakeFiles/uart.dir/home/gomond/pico/pico-sdk/src/rp2_common/pico_double/double_aeabi.S.obj
                0x0000000010003d04                __wrap___aeabi_dcmpgt
 .text.__wrap___aeabi_dcmpun
                0x0000000010003d0e       0x1c CMakeFiles/uart.dir/home/gomond/pico/pico-sdk/src/rp2_common/pico_double/double_aeabi.S.obj
                0x0000000010003d0e                __wrap___aeabi_dcmpun
 *fill*         0x0000000010003d2a        0x2 
 .text.__wrap___aeabi_i2d
                0x0000000010003d2c       0x38 CMakeFiles/uart.dir/home/gomond/pico/pico-sdk/src/rp2_common/pico_double/double_aeabi.S.obj
                0x0000000010003d2c                __wrap___aeabi_ui2d
                0x0000000010003d34                __wrap___aeabi_i2d
 .text.__wrap___aeabi_d2iz
                0x0000000010003d64       0x48 CMakeFiles/uart.dir/home/gomond/pico/pico-sdk/src/rp2_common/pico_double/double_aeabi.S.obj
                0x0000000010003d64                __wrap___aeabi_d2iz
                0x0000000010003d64                double2int_z
 .text.__wrap___aeabi_d2uiz
                0x0000000010003dac       0x18 CMakeFiles/uart.dir/home/gomond/pico/pico-sdk/src/rp2_common/pico_double/double_aeabi.S.obj
                0x0000000010003dac                double2uint
                0x0000000010003dac                __wrap___aeabi_d2uiz
 .text.__aeabi_double_init
                0x0000000010003dc4       0xc8 CMakeFiles/uart.dir/home/gomond/pico/pico-sdk/src/rp2_common/pico_double/double_init_rom.c.obj
                0x0000000010003dc4                __aeabi_double_init
 .text.double_table_shim_on_use_helper
                0x0000000010003e8c       0x34 CMakeFiles/uart.dir/home/gomond/pico/pico-sdk/src/rp2_common/pico_double/double_v1_rom_shim.S.obj
                0x0000000010003e8c                double_table_shim_on_use_helper
 .text.__wrap___aeabi_dsub
                0x0000000010003ec0       0x10 CMakeFiles/uart.dir/home/gomond/pico/pico-sdk/src/rp2_common/pico_double/double_v1_rom_shim.S.obj
                0x0000000010003ec0                drsub_shim
                0x0000000010003ec6                dsub_shim
 .text.dadd_shim
                0x0000000010003ed0      0x15c CMakeFiles/uart.dir/home/gomond/pico/pico-sdk/src/rp2_common/pico_double/double_v1_rom_shim.S.obj
                0x0000000010003ed0                dadd_shim
 .text.dmul_shim
                0x000000001000402c      0x15c CMakeFiles/uart.dir/home/gomond/pico/pico-sdk/src/rp2_common/pico_double/double_v1_rom_shim.S.obj
                0x000000001000402c                dmul_shim
 .text.ddiv_shim
                0x0000000010004188      0x1b0 CMakeFiles/uart.dir/home/gomond/pico/pico-sdk/src/rp2_common/pico_double/double_v1_rom_shim.S.obj
                0x0000000010004188                ddiv_shim
 .text.double2uint_shim
                0x0000000010004338        0xe CMakeFiles/uart.dir/home/gomond/pico/pico-sdk/src/rp2_common/pico_double/double_v1_rom_shim.S.obj
                0x0000000010004338                double2uint_shim
                0x000000001000433a                double2ufix_shim
 *fill*         0x0000000010004346        0x2 
 .text.double2uint64_shim
                0x0000000010004348       0x70 CMakeFiles/uart.dir/home/gomond/pico/pico-sdk/src/rp2_common/pico_double/double_v1_rom_shim.S.obj
                0x0000000010004348                double2uint64_shim
                0x000000001000434a                double2ufix64_shim
                0x000000001000436a                d2fix_a
 .text.dunpacks
                0x00000000100043b8       0x3c CMakeFiles/uart.dir/home/gomond/pico/pico-sdk/src/rp2_common/pico_double/double_v1_rom_shim.S.obj
                0x00000000100043b8                dunpacks
 .text.__aeabi_lmul
                0x00000000100043f4       0x32 CMakeFiles/uart.dir/home/gomond/pico/pico-sdk/src/rp2_common/pico_int64_ops/pico_int64_ops_aeabi.S.obj
                0x00000000100043f4                __wrap___aeabi_lmul
 *fill*         0x0000000010004426        0x2 
 .text.__aeabi_float_init
                0x0000000010004428       0xfc CMakeFiles/uart.dir/home/gomond/pico/pico-sdk/src/rp2_common/pico_float/float_init_rom.c.obj
                0x0000000010004428                __aeabi_float_init
 .text.float_table_shim_on_use_helper
                0x0000000010004524       0x34 CMakeFiles/uart.dir/home/gomond/pico/pico-sdk/src/rp2_common/pico_float/float_v1_rom_shim.S.obj
                0x0000000010004524                float_table_shim_on_use_helper
 .text          0x0000000010004558       0x10 CMakeFiles/uart.dir/home/gomond/pico/pico-sdk/src/rp2_common/pico_mem_ops/mem_ops_aeabi.S.obj
                0x0000000010004558                __aeabi_mem_init
 .text.memset   0x0000000010004568        0xc CMakeFiles/uart.dir/home/gomond/pico/pico-sdk/src/rp2_common/pico_mem_ops/mem_ops_aeabi.S.obj
                0x0000000010004568                __wrap_memset
 .text.memcpy   0x0000000010004574        0xc CMakeFiles/uart.dir/home/gomond/pico/pico-sdk/src/rp2_common/pico_mem_ops/mem_ops_aeabi.S.obj
                0x0000000010004574                __wrap___aeabi_memcpy
                0x0000000010004574                __wrap_memcpy
 .text.stdio_out_chars_no_crlf
                0x0000000010004580        0xe CMakeFiles/uart.dir/home/gomond/pico/pico-sdk/src/rp2_common/pico_stdio/stdio.c.obj
 *fill*         0x000000001000458e        0x2 
 .text.stdio_out_chars_crlf
                0x0000000010004590       0x80 CMakeFiles/uart.dir/home/gomond/pico/pico-sdk/src/rp2_common/pico_stdio/stdio.c.obj
 .text.stdio_stack_buffer_flush
                0x0000000010004610       0x44 CMakeFiles/uart.dir/home/gomond/pico/pico-sdk/src/rp2_common/pico_stdio/stdio.c.obj
 .text.stdio_buffered_printer
                0x0000000010004654       0x20 CMakeFiles/uart.dir/home/gomond/pico/pico-sdk/src/rp2_common/pico_stdio/stdio.c.obj
 .text.stdout_serialize_begin
                0x0000000010004674       0x30 CMakeFiles/uart.dir/home/gomond/pico/pico-sdk/src/rp2_common/pico_stdio/stdio.c.obj
                0x0000000010004674                stdout_serialize_begin
 .text.stdout_serialize_end
                0x00000000100046a4       0x10 CMakeFiles/uart.dir/home/gomond/pico/pico-sdk/src/rp2_common/pico_stdio/stdio.c.obj
                0x00000000100046a4                stdout_serialize_end
 .text.stdio_put_string
                0x00000000100046b4       0x98 CMakeFiles/uart.dir/home/gomond/pico/pico-sdk/src/rp2_common/pico_stdio/stdio.c.obj
 .text.stdio_set_driver_enabled
                0x000000001000474c       0x2c CMakeFiles/uart.dir/home/gomond/pico/pico-sdk/src/rp2_common/pico_stdio/stdio.c.obj
                0x000000001000474c                stdio_set_driver_enabled
 .text.stdio_flush
                0x0000000010004778       0x20 CMakeFiles/uart.dir/home/gomond/pico/pico-sdk/src/rp2_common/pico_stdio/stdio.c.obj
                0x0000000010004778                stdio_flush
 .text.__wrap_puts
                0x0000000010004798       0x1e CMakeFiles/uart.dir/home/gomond/pico/pico-sdk/src/rp2_common/pico_stdio/stdio.c.obj
                0x0000000010004798                __wrap_puts
 *fill*         0x00000000100047b6        0x2 
 .text.__wrap_vprintf
                0x00000000100047b8       0x44 CMakeFiles/uart.dir/home/gomond/pico/pico-sdk/src/rp2_common/pico_stdio/stdio.c.obj
                0x00000000100047b8                __wrap_vprintf
 .text.__wrap_printf
                0x00000000100047fc       0x18 CMakeFiles/uart.dir/home/gomond/pico/pico-sdk/src/rp2_common/pico_stdio/stdio.c.obj
                0x00000000100047fc                __wrap_printf
 .text.stdio_init_all
                0x0000000010004814        0x8 CMakeFiles/uart.dir/home/gomond/pico/pico-sdk/src/rp2_common/pico_stdio/stdio.c.obj
                0x0000000010004814                stdio_init_all
 .text.resetd_init
                0x000000001000481c        0x2 CMakeFiles/uart.dir/home/gomond/pico/pico-sdk/src/rp2_common/pico_stdio_usb/reset_interface.c.obj
 *fill*         0x000000001000481e        0x2 
 .text.resetd_reset
                0x0000000010004820        0xc CMakeFiles/uart.dir/home/gomond/pico/pico-sdk/src/rp2_common/pico_stdio_usb/reset_interface.c.obj
 .text.resetd_open
                0x000000001000482c       0x34 CMakeFiles/uart.dir/home/gomond/pico/pico-sdk/src/rp2_common/pico_stdio_usb/reset_interface.c.obj
 .text.resetd_xfer_cb
                0x0000000010004860        0x4 CMakeFiles/uart.dir/home/gomond/pico/pico-sdk/src/rp2_common/pico_stdio_usb/reset_interface.c.obj
 .text.reset_usb_boot
                0x0000000010004864       0x18 CMakeFiles/uart.dir/home/gomond/pico/pico-sdk/src/rp2_common/pico_stdio_usb/reset_interface.c.obj
 .text.resetd_control_xfer_cb
                0x000000001000487c       0x5c CMakeFiles/uart.dir/home/gomond/pico/pico-sdk/src/rp2_common/pico_stdio_usb/reset_interface.c.obj
 .text.usbd_app_driver_get_cb
                0x00000000100048d8        0xc CMakeFiles/uart.dir/home/gomond/pico/pico-sdk/src/rp2_common/pico_stdio_usb/reset_interface.c.obj
                0x00000000100048d8                usbd_app_driver_get_cb
 .text.tud_cdc_line_coding_cb
                0x00000000100048e4       0x28 CMakeFiles/uart.dir/home/gomond/pico/pico-sdk/src/rp2_common/pico_stdio_usb/reset_interface.c.obj
                0x00000000100048e4                tud_cdc_line_coding_cb
 .text.stdio_usb_in_chars
                0x000000001000490c       0x70 CMakeFiles/uart.dir/home/gomond/pico/pico-sdk/src/rp2_common/pico_stdio_usb/stdio_usb.c.obj
                0x000000001000490c                stdio_usb_in_chars
 .text.low_priority_worker_irq
                0x000000001000497c       0x20 CMakeFiles/uart.dir/home/gomond/pico/pico-sdk/src/rp2_common/pico_stdio_usb/stdio_usb.c.obj
 .text.stdio_usb_out_chars
                0x000000001000499c       0xd4 CMakeFiles/uart.dir/home/gomond/pico/pico-sdk/src/rp2_common/pico_stdio_usb/stdio_usb.c.obj
 .text.timer_task
                0x0000000010004a70       0x40 CMakeFiles/uart.dir/home/gomond/pico/pico-sdk/src/rp2_common/pico_stdio_usb/stdio_usb.c.obj
 .text.usb_irq  0x0000000010004ab0       0x10 CMakeFiles/uart.dir/home/gomond/pico/pico-sdk/src/rp2_common/pico_stdio_usb/stdio_usb.c.obj
 .text.stdio_usb_init
                0x0000000010004ac0       0xec CMakeFiles/uart.dir/home/gomond/pico/pico-sdk/src/rp2_common/pico_stdio_usb/stdio_usb.c.obj
                0x0000000010004ac0                stdio_usb_init
 .text.tud_descriptor_device_cb
                0x0000000010004bac        0x8 CMakeFiles/uart.dir/home/gomond/pico/pico-sdk/src/rp2_common/pico_stdio_usb/stdio_usb_descriptors.c.obj
                0x0000000010004bac                tud_descriptor_device_cb
 .text.tud_descriptor_configuration_cb
                0x0000000010004bb4        0x8 CMakeFiles/uart.dir/home/gomond/pico/pico-sdk/src/rp2_common/pico_stdio_usb/stdio_usb_descriptors.c.obj
                0x0000000010004bb4                tud_descriptor_configuration_cb
 .text.tud_descriptor_string_cb
                0x0000000010004bbc       0x6c CMakeFiles/uart.dir/home/gomond/pico/pico-sdk/src/rp2_common/pico_stdio_usb/stdio_usb_descriptors.c.obj
                0x0000000010004bbc                tud_descriptor_string_cb
 .text.hw_endpoint_get_by_addr
                0x0000000010004c28       0x18 CMakeFiles/uart.dir/home/gomond/pico/pico-sdk/lib/tinyusb/src/portable/raspberrypi/rp2040/dcd_rp2040.c.obj
 .text.reset_ep0_pid
                0x0000000010004c40       0x28 CMakeFiles/uart.dir/home/gomond/pico/pico-sdk/lib/tinyusb/src/portable/raspberrypi/rp2040/dcd_rp2040.c.obj
 .text._hw_endpoint_alloc
                0x0000000010004c68       0x70 CMakeFiles/uart.dir/home/gomond/pico/pico-sdk/lib/tinyusb/src/portable/raspberrypi/rp2040/dcd_rp2040.c.obj
 .text.hw_endpoint_init
                0x0000000010004cd8       0x88 CMakeFiles/uart.dir/home/gomond/pico/pico-sdk/lib/tinyusb/src/portable/raspberrypi/rp2040/dcd_rp2040.c.obj
 .text.reset_non_control_endpoints
                0x0000000010004d60       0x40 CMakeFiles/uart.dir/home/gomond/pico/pico-sdk/lib/tinyusb/src/portable/raspberrypi/rp2040/dcd_rp2040.c.obj
 .text.hw_handle_buff_status
                0x0000000010004da0       0x8c CMakeFiles/uart.dir/home/gomond/pico/pico-sdk/lib/tinyusb/src/portable/raspberrypi/rp2040/dcd_rp2040.c.obj
 .text.dcd_rp2040_irq
                0x0000000010004e2c       0xc0 CMakeFiles/uart.dir/home/gomond/pico/pico-sdk/lib/tinyusb/src/portable/raspberrypi/rp2040/dcd_rp2040.c.obj
 .text.hw_endpoint_xfer
                0x0000000010004eec       0x14 CMakeFiles/uart.dir/home/gomond/pico/pico-sdk/lib/tinyusb/src/portable/raspberrypi/rp2040/dcd_rp2040.c.obj
 .text.dcd_int_enable
                0x0000000010004f00       0x2c CMakeFiles/uart.dir/home/gomond/pico/pico-sdk/lib/tinyusb/src/portable/raspberrypi/rp2040/dcd_rp2040.c.obj
                0x0000000010004f00                dcd_int_enable
 .text.dcd_set_address
                0x0000000010004f2c       0x2c CMakeFiles/uart.dir/home/gomond/pico/pico-sdk/lib/tinyusb/src/portable/raspberrypi/rp2040/dcd_rp2040.c.obj
                0x0000000010004f2c                dcd_set_address
 .text.dcd_connect
                0x0000000010004f58       0x10 CMakeFiles/uart.dir/home/gomond/pico/pico-sdk/lib/tinyusb/src/portable/raspberrypi/rp2040/dcd_rp2040.c.obj
                0x0000000010004f58                dcd_connect
 .text.dcd_init
                0x0000000010004f68       0x7c CMakeFiles/uart.dir/home/gomond/pico/pico-sdk/lib/tinyusb/src/portable/raspberrypi/rp2040/dcd_rp2040.c.obj
                0x0000000010004f68                dcd_init
 .text.dcd_edpt0_status_complete
                0x0000000010004fe4       0x1c CMakeFiles/uart.dir/home/gomond/pico/pico-sdk/lib/tinyusb/src/portable/raspberrypi/rp2040/dcd_rp2040.c.obj
                0x0000000010004fe4                dcd_edpt0_status_complete
 .text.dcd_edpt_open
                0x0000000010005000       0x40 CMakeFiles/uart.dir/home/gomond/pico/pico-sdk/lib/tinyusb/src/portable/raspberrypi/rp2040/dcd_rp2040.c.obj
                0x0000000010005000                dcd_edpt_open
 .text.dcd_edpt_close_all
                0x0000000010005040        0x8 CMakeFiles/uart.dir/home/gomond/pico/pico-sdk/lib/tinyusb/src/portable/raspberrypi/rp2040/dcd_rp2040.c.obj
                0x0000000010005040                dcd_edpt_close_all
 .text.dcd_edpt_xfer
                0x0000000010005048       0x30 CMakeFiles/uart.dir/home/gomond/pico/pico-sdk/lib/tinyusb/src/portable/raspberrypi/rp2040/dcd_rp2040.c.obj
                0x0000000010005048                dcd_edpt_xfer
 .text.dcd_edpt_stall
                0x0000000010005078       0x2c CMakeFiles/uart.dir/home/gomond/pico/pico-sdk/lib/tinyusb/src/portable/raspberrypi/rp2040/dcd_rp2040.c.obj
                0x0000000010005078                dcd_edpt_stall
 .text.dcd_edpt_clear_stall
                0x00000000100050a4       0x20 CMakeFiles/uart.dir/home/gomond/pico/pico-sdk/lib/tinyusb/src/portable/raspberrypi/rp2040/dcd_rp2040.c.obj
                0x00000000100050a4                dcd_edpt_clear_stall
 .text.prepare_ep_buffer
                0x00000000100050c4       0x70 CMakeFiles/uart.dir/home/gomond/pico/pico-sdk/lib/tinyusb/src/portable/raspberrypi/rp2040/rp2040_usb.c.obj
 .text.sync_ep_buffer
                0x0000000010005134       0x7c CMakeFiles/uart.dir/home/gomond/pico/pico-sdk/lib/tinyusb/src/portable/raspberrypi/rp2040/rp2040_usb.c.obj
 .text._hw_endpoint_xfer_sync
                0x00000000100051b0       0x28 CMakeFiles/uart.dir/home/gomond/pico/pico-sdk/lib/tinyusb/src/portable/raspberrypi/rp2040/rp2040_usb.c.obj
 .text.rp2040_usb_init
                0x00000000100051d8       0x4c CMakeFiles/uart.dir/home/gomond/pico/pico-sdk/lib/tinyusb/src/portable/raspberrypi/rp2040/rp2040_usb.c.obj
                0x00000000100051d8                rp2040_usb_init
 .text.hw_endpoint_reset_transfer
                0x0000000010005224        0xc CMakeFiles/uart.dir/home/gomond/pico/pico-sdk/lib/tinyusb/src/portable/raspberrypi/rp2040/rp2040_usb.c.obj
                0x0000000010005224                hw_endpoint_reset_transfer
 .text._hw_endpoint_buffer_control_update32
                0x0000000010005230       0x58 CMakeFiles/uart.dir/home/gomond/pico/pico-sdk/lib/tinyusb/src/portable/raspberrypi/rp2040/rp2040_usb.c.obj
                0x0000000010005230                _hw_endpoint_buffer_control_update32
 .text._hw_endpoint_start_next_buffer
                0x0000000010005288       0x74 CMakeFiles/uart.dir/home/gomond/pico/pico-sdk/lib/tinyusb/src/portable/raspberrypi/rp2040/rp2040_usb.c.obj
 .text.hw_endpoint_xfer_start
                0x00000000100052fc       0x48 CMakeFiles/uart.dir/home/gomond/pico/pico-sdk/lib/tinyusb/src/portable/raspberrypi/rp2040/rp2040_usb.c.obj
                0x00000000100052fc                hw_endpoint_xfer_start
 .text.hw_endpoint_xfer_continue
                0x0000000010005344       0x38 CMakeFiles/uart.dir/home/gomond/pico/pico-sdk/lib/tinyusb/src/portable/raspberrypi/rp2040/rp2040_usb.c.obj
                0x0000000010005344                hw_endpoint_xfer_continue
 .text.configuration_reset
                0x000000001000537c       0x84 CMakeFiles/uart.dir/home/gomond/pico/pico-sdk/lib/tinyusb/src/device/usbd.c.obj
 .text.usbd_reset
                0x0000000010005400        0xc CMakeFiles/uart.dir/home/gomond/pico/pico-sdk/lib/tinyusb/src/device/usbd.c.obj
 .text.invoke_class_control
                0x000000001000540c       0x1a CMakeFiles/uart.dir/home/gomond/pico/pico-sdk/lib/tinyusb/src/device/usbd.c.obj
 *fill*         0x0000000010005426        0x2 
 .text.process_set_config
                0x0000000010005428      0x1b0 CMakeFiles/uart.dir/home/gomond/pico/pico-sdk/lib/tinyusb/src/device/usbd.c.obj
 .text.process_get_descriptor
                0x00000000100055d8       0xec CMakeFiles/uart.dir/home/gomond/pico/pico-sdk/lib/tinyusb/src/device/usbd.c.obj
 .text.tud_mounted
                0x00000000100056c4       0x10 CMakeFiles/uart.dir/home/gomond/pico/pico-sdk/lib/tinyusb/src/device/usbd.c.obj
                0x00000000100056c4                tud_mounted
 .text.tud_suspended
                0x00000000100056d4       0x10 CMakeFiles/uart.dir/home/gomond/pico/pico-sdk/lib/tinyusb/src/device/usbd.c.obj
                0x00000000100056d4                tud_suspended
 .text.tud_inited
                0x00000000100056e4        0xc CMakeFiles/uart.dir/home/gomond/pico/pico-sdk/lib/tinyusb/src/device/usbd.c.obj
                0x00000000100056e4                tud_inited
 .text.tud_init
                0x00000000100056f0       0xcc CMakeFiles/uart.dir/home/gomond/pico/pico-sdk/lib/tinyusb/src/device/usbd.c.obj
                0x00000000100056f0                tud_init
 .text.dcd_event_handler
                0x00000000100057bc      0x1e0 CMakeFiles/uart.dir/home/gomond/pico/pico-sdk/lib/tinyusb/src/device/usbd.c.obj
                0x00000000100057bc                dcd_event_handler
 .text.dcd_event_bus_signal
                0x000000001000599c       0x26 CMakeFiles/uart.dir/home/gomond/pico/pico-sdk/lib/tinyusb/src/device/usbd.c.obj
                0x000000001000599c                dcd_event_bus_signal
 .text.dcd_event_bus_reset
                0x00000000100059c2       0x2a CMakeFiles/uart.dir/home/gomond/pico/pico-sdk/lib/tinyusb/src/device/usbd.c.obj
                0x00000000100059c2                dcd_event_bus_reset
 .text.dcd_event_setup_received
                0x00000000100059ec       0x34 CMakeFiles/uart.dir/home/gomond/pico/pico-sdk/lib/tinyusb/src/device/usbd.c.obj
                0x00000000100059ec                dcd_event_setup_received
 .text.dcd_event_xfer_complete
                0x0000000010005a20       0x44 CMakeFiles/uart.dir/home/gomond/pico/pico-sdk/lib/tinyusb/src/device/usbd.c.obj
                0x0000000010005a20                dcd_event_xfer_complete
 .text.usbd_edpt_open
                0x0000000010005a64       0x58 CMakeFiles/uart.dir/home/gomond/pico/pico-sdk/lib/tinyusb/src/device/usbd.c.obj
                0x0000000010005a64                usbd_edpt_open
 .text.usbd_open_edpt_pair
                0x0000000010005abc       0x8c CMakeFiles/uart.dir/home/gomond/pico/pico-sdk/lib/tinyusb/src/device/usbd.c.obj
                0x0000000010005abc                usbd_open_edpt_pair
 .text.usbd_edpt_claim
                0x0000000010005b48       0x8c CMakeFiles/uart.dir/home/gomond/pico/pico-sdk/lib/tinyusb/src/device/usbd.c.obj
                0x0000000010005b48                usbd_edpt_claim
 .text.usbd_edpt_release
                0x0000000010005bd4       0x68 CMakeFiles/uart.dir/home/gomond/pico/pico-sdk/lib/tinyusb/src/device/usbd.c.obj
                0x0000000010005bd4                usbd_edpt_release
 .text.usbd_edpt_xfer
                0x0000000010005c3c       0x80 CMakeFiles/uart.dir/home/gomond/pico/pico-sdk/lib/tinyusb/src/device/usbd.c.obj
                0x0000000010005c3c                usbd_edpt_xfer
 .text.usbd_edpt_stall
                0x0000000010005cbc       0x40 CMakeFiles/uart.dir/home/gomond/pico/pico-sdk/lib/tinyusb/src/device/usbd.c.obj
                0x0000000010005cbc                usbd_edpt_stall
 .text.usbd_edpt_clear_stall
                0x0000000010005cfc       0x40 CMakeFiles/uart.dir/home/gomond/pico/pico-sdk/lib/tinyusb/src/device/usbd.c.obj
                0x0000000010005cfc                usbd_edpt_clear_stall
 .text.usbd_edpt_stalled
                0x0000000010005d3c       0x1c CMakeFiles/uart.dir/home/gomond/pico/pico-sdk/lib/tinyusb/src/device/usbd.c.obj
                0x0000000010005d3c                usbd_edpt_stalled
 .text.process_control_request
                0x0000000010005d58      0x3b8 CMakeFiles/uart.dir/home/gomond/pico/pico-sdk/lib/tinyusb/src/device/usbd.c.obj
 .text.tud_task
                0x0000000010006110      0x218 CMakeFiles/uart.dir/home/gomond/pico/pico-sdk/lib/tinyusb/src/device/usbd.c.obj
                0x0000000010006110                tud_task
 .text._data_stage_xact
                0x0000000010006328       0x58 CMakeFiles/uart.dir/home/gomond/pico/pico-sdk/lib/tinyusb/src/device/usbd_control.c.obj
 .text.tud_control_status
                0x0000000010006380       0x38 CMakeFiles/uart.dir/home/gomond/pico/pico-sdk/lib/tinyusb/src/device/usbd_control.c.obj
                0x0000000010006380                tud_control_status
 .text.tud_control_xfer
                0x00000000100063b8       0xa8 CMakeFiles/uart.dir/home/gomond/pico/pico-sdk/lib/tinyusb/src/device/usbd_control.c.obj
                0x00000000100063b8                tud_control_xfer
 .text.usbd_control_reset
                0x0000000010006460       0x14 CMakeFiles/uart.dir/home/gomond/pico/pico-sdk/lib/tinyusb/src/device/usbd_control.c.obj
                0x0000000010006460                usbd_control_reset
 .text.usbd_control_set_complete_callback
                0x0000000010006474        0xc CMakeFiles/uart.dir/home/gomond/pico/pico-sdk/lib/tinyusb/src/device/usbd_control.c.obj
                0x0000000010006474                usbd_control_set_complete_callback
 .text.usbd_control_set_request
                0x0000000010006480       0x1c CMakeFiles/uart.dir/home/gomond/pico/pico-sdk/lib/tinyusb/src/device/usbd_control.c.obj
                0x0000000010006480                usbd_control_set_request
 .text.usbd_control_xfer_cb
                0x000000001000649c       0xfc CMakeFiles/uart.dir/home/gomond/pico/pico-sdk/lib/tinyusb/src/device/usbd_control.c.obj
                0x000000001000649c                usbd_control_xfer_cb
 .text._prep_out_transaction
                0x0000000010006598       0x46 CMakeFiles/uart.dir/home/gomond/pico/pico-sdk/lib/tinyusb/src/class/cdc/cdc_device.c.obj
 *fill*         0x00000000100065de        0x2 
 .text.tud_cdc_n_connected
                0x00000000100065e0       0x44 CMakeFiles/uart.dir/home/gomond/pico/pico-sdk/lib/tinyusb/src/class/cdc/cdc_device.c.obj
                0x00000000100065e0                tud_cdc_n_connected
 .text.tud_cdc_n_available
                0x0000000010006624       0x18 CMakeFiles/uart.dir/home/gomond/pico/pico-sdk/lib/tinyusb/src/class/cdc/cdc_device.c.obj
                0x0000000010006624                tud_cdc_n_available
 .text.tud_cdc_n_read
                0x000000001000663c       0x28 CMakeFiles/uart.dir/home/gomond/pico/pico-sdk/lib/tinyusb/src/class/cdc/cdc_device.c.obj
                0x000000001000663c                tud_cdc_n_read
 .text.tud_cdc_n_write_flush
                0x0000000010006664       0xcc CMakeFiles/uart.dir/home/gomond/pico/pico-sdk/lib/tinyusb/src/class/cdc/cdc_device.c.obj
                0x0000000010006664                tud_cdc_n_write_flush
 .text.tud_cdc_n_write
                0x0000000010006730       0x38 CMakeFiles/uart.dir/home/gomond/pico/pico-sdk/lib/tinyusb/src/class/cdc/cdc_device.c.obj
                0x0000000010006730                tud_cdc_n_write
 .text.tud_cdc_n_write_available
                0x0000000010006768       0x1c CMakeFiles/uart.dir/home/gomond/pico/pico-sdk/lib/tinyusb/src/class/cdc/cdc_device.c.obj
                0x0000000010006768                tud_cdc_n_write_available
 .text.cdcd_init
                0x0000000010006784       0xbc CMakeFiles/uart.dir/home/gomond/pico/pico-sdk/lib/tinyusb/src/class/cdc/cdc_device.c.obj
                0x0000000010006784                cdcd_init
 .text.cdcd_reset
                0x0000000010006840       0x44 CMakeFiles/uart.dir/home/gomond/pico/pico-sdk/lib/tinyusb/src/class/cdc/cdc_device.c.obj
                0x0000000010006840                cdcd_reset
 .text.cdcd_open
                0x0000000010006884       0xf8 CMakeFiles/uart.dir/home/gomond/pico/pico-sdk/lib/tinyusb/src/class/cdc/cdc_device.c.obj
                0x0000000010006884                cdcd_open
 .text.cdcd_control_xfer_cb
                0x000000001000697c      0x134 CMakeFiles/uart.dir/home/gomond/pico/pico-sdk/lib/tinyusb/src/class/cdc/cdc_device.c.obj
                0x000000001000697c                cdcd_control_xfer_cb
 .text.cdcd_xfer_cb
                0x0000000010006ab0      0x144 CMakeFiles/uart.dir/home/gomond/pico/pico-sdk/lib/tinyusb/src/class/cdc/cdc_device.c.obj
                0x0000000010006ab0                cdcd_xfer_cb
 .text.tusb_init
                0x0000000010006bf4       0x24 CMakeFiles/uart.dir/home/gomond/pico/pico-sdk/lib/tinyusb/src/tusb.c.obj
                0x0000000010006bf4                tusb_init
 .text.tusb_inited
                0x0000000010006c18        0xe CMakeFiles/uart.dir/home/gomond/pico/pico-sdk/lib/tinyusb/src/tusb.c.obj
                0x0000000010006c18                tusb_inited
 *fill*         0x0000000010006c26        0x2 
 .text.tu_edpt_validate
                0x0000000010006c28       0xa8 CMakeFiles/uart.dir/home/gomond/pico/pico-sdk/lib/tinyusb/src/tusb.c.obj
                0x0000000010006c28                tu_edpt_validate
 .text.tu_edpt_bind_driver
                0x0000000010006cd0       0x2a CMakeFiles/uart.dir/home/gomond/pico/pico-sdk/lib/tinyusb/src/tusb.c.obj
                0x0000000010006cd0                tu_edpt_bind_driver
 .text.advance_pointer
                0x0000000010006cfa       0x18 CMakeFiles/uart.dir/home/gomond/pico/pico-sdk/lib/tinyusb/src/common/tusb_fifo.c.obj
 .text.backward_pointer
                0x0000000010006d12       0x1e CMakeFiles/uart.dir/home/gomond/pico/pico-sdk/lib/tinyusb/src/common/tusb_fifo.c.obj
 .text.get_relative_pointer
                0x0000000010006d30       0x10 CMakeFiles/uart.dir/home/gomond/pico/pico-sdk/lib/tinyusb/src/common/tusb_fifo.c.obj
 .text._tu_fifo_peek
                0x0000000010006d40       0x50 CMakeFiles/uart.dir/home/gomond/pico/pico-sdk/lib/tinyusb/src/common/tusb_fifo.c.obj
 .text._ff_pull_const_addr
                0x0000000010006d90       0x4c CMakeFiles/uart.dir/home/gomond/pico/pico-sdk/lib/tinyusb/src/common/tusb_fifo.c.obj
 .text._ff_pull_n
                0x0000000010006ddc      0x10c CMakeFiles/uart.dir/home/gomond/pico/pico-sdk/lib/tinyusb/src/common/tusb_fifo.c.obj
 .text._tu_fifo_peek_n
                0x0000000010006ee8       0x5e CMakeFiles/uart.dir/home/gomond/pico/pico-sdk/lib/tinyusb/src/common/tusb_fifo.c.obj
 .text._tu_fifo_read_n
                0x0000000010006f46       0x4e CMakeFiles/uart.dir/home/gomond/pico/pico-sdk/lib/tinyusb/src/common/tusb_fifo.c.obj
 .text._ff_push_const_addr
                0x0000000010006f94       0x40 CMakeFiles/uart.dir/home/gomond/pico/pico-sdk/lib/tinyusb/src/common/tusb_fifo.c.obj
 .text._ff_push_n
                0x0000000010006fd4      0x108 CMakeFiles/uart.dir/home/gomond/pico/pico-sdk/lib/tinyusb/src/common/tusb_fifo.c.obj
 .text._tu_fifo_write_n
                0x00000000100070dc       0x9e CMakeFiles/uart.dir/home/gomond/pico/pico-sdk/lib/tinyusb/src/common/tusb_fifo.c.obj
 .text.tu_fifo_config
                0x000000001000717a       0x72 CMakeFiles/uart.dir/home/gomond/pico/pico-sdk/lib/tinyusb/src/common/tusb_fifo.c.obj
                0x000000001000717a                tu_fifo_config
 .text.tu_fifo_count
                0x00000000100071ec       0x26 CMakeFiles/uart.dir/home/gomond/pico/pico-sdk/lib/tinyusb/src/common/tusb_fifo.c.obj
                0x00000000100071ec                tu_fifo_count
 .text.tu_fifo_empty
                0x0000000010007212       0x10 CMakeFiles/uart.dir/home/gomond/pico/pico-sdk/lib/tinyusb/src/common/tusb_fifo.c.obj
                0x0000000010007212                tu_fifo_empty
 .text.tu_fifo_remaining
                0x0000000010007222       0x20 CMakeFiles/uart.dir/home/gomond/pico/pico-sdk/lib/tinyusb/src/common/tusb_fifo.c.obj
                0x0000000010007222                tu_fifo_remaining
 .text.tu_fifo_read
                0x0000000010007242       0x42 CMakeFiles/uart.dir/home/gomond/pico/pico-sdk/lib/tinyusb/src/common/tusb_fifo.c.obj
                0x0000000010007242                tu_fifo_read
 .text.tu_fifo_read_n
                0x0000000010007284        0xa CMakeFiles/uart.dir/home/gomond/pico/pico-sdk/lib/tinyusb/src/common/tusb_fifo.c.obj
                0x0000000010007284                tu_fifo_read_n
 .text.tu_fifo_write
                0x000000001000728e       0x6c CMakeFiles/uart.dir/home/gomond/pico/pico-sdk/lib/tinyusb/src/common/tusb_fifo.c.obj
                0x000000001000728e                tu_fifo_write
 .text.tu_fifo_write_n
                0x00000000100072fa        0xa CMakeFiles/uart.dir/home/gomond/pico/pico-sdk/lib/tinyusb/src/common/tusb_fifo.c.obj
                0x00000000100072fa                tu_fifo_write_n
 .text.tu_fifo_clear
                0x0000000010007304       0x4c CMakeFiles/uart.dir/home/gomond/pico/pico-sdk/lib/tinyusb/src/common/tusb_fifo.c.obj
                0x0000000010007304                tu_fifo_clear
 .text.tu_fifo_set_overwritable
                0x0000000010007350       0x3c CMakeFiles/uart.dir/home/gomond/pico/pico-sdk/lib/tinyusb/src/common/tusb_fifo.c.obj
                0x0000000010007350                tu_fifo_set_overwritable
 .text._retrieve_unique_id_on_boot
                0x000000001000738c       0x10 CMakeFiles/uart.dir/home/gomond/pico/pico-sdk/src/rp2_common/pico_unique_id/unique_id.c.obj
 .text.pico_get_unique_board_id_string
                0x000000001000739c       0x60 CMakeFiles/uart.dir/home/gomond/pico/pico-sdk/src/rp2_common/pico_unique_id/unique_id.c.obj
                0x000000001000739c                pico_get_unique_board_id_string
 .text.flash_get_unique_id
                0x00000000100073fc       0x46 CMakeFiles/uart.dir/home/gomond/pico/pico-sdk/src/rp2_common/hardware_flash/flash.c.obj
                0x00000000100073fc                flash_get_unique_id
 .text.valid_datetime
                0x0000000010007442       0x5a CMakeFiles/uart.dir/home/gomond/pico/pico-sdk/src/rp2_common/hardware_rtc/rtc.c.obj
 .text.rtc_alarm_repeats
                0x000000001000749c       0x58 CMakeFiles/uart.dir/home/gomond/pico/pico-sdk/src/rp2_common/hardware_rtc/rtc.c.obj
 .text.rtc_running
                0x00000000100074f4       0x10 CMakeFiles/uart.dir/home/gomond/pico/pico-sdk/src/rp2_common/hardware_rtc/rtc.c.obj
                0x00000000100074f4                rtc_running
 .text.rtc_init
                0x0000000010007504       0x6c CMakeFiles/uart.dir/home/gomond/pico/pico-sdk/src/rp2_common/hardware_rtc/rtc.c.obj
                0x0000000010007504                rtc_init
 .text.rtc_set_datetime
                0x0000000010007570       0x68 CMakeFiles/uart.dir/home/gomond/pico/pico-sdk/src/rp2_common/hardware_rtc/rtc.c.obj
                0x0000000010007570                rtc_set_datetime
 .text.rtc_enable_alarm
                0x00000000100075d8       0x1c CMakeFiles/uart.dir/home/gomond/pico/pico-sdk/src/rp2_common/hardware_rtc/rtc.c.obj
                0x00000000100075d8                rtc_enable_alarm
 .text.rtc_disable_alarm
                0x00000000100075f4       0x1c CMakeFiles/uart.dir/home/gomond/pico/pico-sdk/src/rp2_common/hardware_rtc/rtc.c.obj
                0x00000000100075f4                rtc_disable_alarm
 .text.rtc_set_alarm
                0x0000000010007610      0x140 CMakeFiles/uart.dir/home/gomond/pico/pico-sdk/src/rp2_common/hardware_rtc/rtc.c.obj
                0x0000000010007610                rtc_set_alarm
 .text.rtc_irq_handler
                0x0000000010007750       0x28 CMakeFiles/uart.dir/home/gomond/pico/pico-sdk/src/rp2_common/hardware_rtc/rtc.c.obj
 .text.dormant_source_valid
                0x0000000010007778       0x10 CMakeFiles/uart.dir/home/gomond/pico/pico-extras/src/rp2_common/pico_sleep/sleep.c.obj
                0x0000000010007778                dormant_source_valid
 .text.sleep_run_from_dormant_source
                0x0000000010007788       0xc4 CMakeFiles/uart.dir/home/gomond/pico/pico-extras/src/rp2_common/pico_sleep/sleep.c.obj
                0x0000000010007788                sleep_run_from_dormant_source
 .text.sleep_goto_sleep_until
                0x000000001000784c       0x5c CMakeFiles/uart.dir/home/gomond/pico/pico-extras/src/rp2_common/pico_sleep/sleep.c.obj
                0x000000001000784c                sleep_goto_sleep_until
 .text.rosc_disable
                0x00000000100078a8       0x64 CMakeFiles/uart.dir/home/gomond/pico/pico-extras/src/rp2_common/hardware_rosc/rosc.c.obj
                0x00000000100078a8                rosc_disable
 .text          0x000000001000790c       0x5c /usr/lib/gcc/arm-none-eabi/10.3.1/../../../arm-none-eabi/lib/thumb/v6-m/nofp/libg.a(lib_a-strlen-stub.o)
                0x000000001000790c                strlen
 *(.fini)
 .fini          0x0000000010007968        0x4 /usr/lib/gcc/arm-none-eabi/10.3.1/thumb/v6-m/nofp/crti.o
                0x0000000010007968                _fini
 *fill*         0x000000001000796c        0x4 
 .fini.__stub   0x0000000010007970       0x70 linker stubs
 *crtbegin.o(.ctors)
 *crtbegin?.o(.ctors)
 *(EXCLUDE_FILE(*crtend.o *crtend?.o) .ctors)
 *(SORT_BY_NAME(.ctors.*))
 *(.ctors)
 *crtbegin.o(.dtors)
 *crtbegin?.o(.dtors)
 *(EXCLUDE_FILE(*crtend.o *crtend?.o) .dtors)
 *(SORT_BY_NAME(.dtors.*))
 *(.dtors)
 *(.eh_frame*)
 .eh_frame      0x00000000100079e0        0x0 /usr/lib/gcc/arm-none-eabi/10.3.1/thumb/v6-m/nofp/crtbegin.o
                0x00000000100079e0                . = ALIGN (0x4)

.glue_7         0x00000000100079e0        0x0
 .glue_7        0x00000000100079e0        0x0 linker stubs

.glue_7t        0x00000000100079e0        0x0
 .glue_7t       0x00000000100079e0        0x0 linker stubs

.vfp11_veneer   0x00000000100079e0        0x0
 .vfp11_veneer  0x00000000100079e0        0x0 linker stubs

.v4_bx          0x00000000100079e0        0x0
 .v4_bx         0x00000000100079e0        0x0 linker stubs

.iplt           0x00000000100079e0        0x0
 .iplt          0x00000000100079e0        0x0 /usr/lib/gcc/arm-none-eabi/10.3.1/thumb/v6-m/nofp/crtbegin.o

.rodata         0x00000000100079e0     0x18f0
 *(EXCLUDE_FILE(*libm.a: *libc.a:*lib_a-mem*.o *libgcc.a:) .rodata*)
 .rodata.main.str1.4
                0x00000000100079e0       0x15 CMakeFiles/uart.dir/uart.c.obj
 *fill*         0x00000000100079f5        0x3 
 .rodata        0x00000000100079f8       0x10 CMakeFiles/uart.dir/uart.c.obj
 .rodata.__bi_102.0
                0x0000000010007a08        0x8 CMakeFiles/uart.dir/home/gomond/pico/pico-sdk/src/rp2_common/pico_stdlib/stdlib.c.obj
 .rodata.spin_lock_claim_unused.str1.4
                0x0000000010007a10       0x1b CMakeFiles/uart.dir/home/gomond/pico/pico-sdk/src/rp2_common/hardware_sync/sync.c.obj
 *fill*         0x0000000010007a2b        0x1 
 .rodata.make_branch.str1.4
                0x0000000010007a2c       0x6d CMakeFiles/uart.dir/home/gomond/pico/pico-sdk/src/rp2_common/hardware_irq/irq.c.obj
 *fill*         0x0000000010007a99        0x3 
 .rodata.insert_branch_and_link.str1.4
                0x0000000010007a9c       0x10 CMakeFiles/uart.dir/home/gomond/pico/pico-sdk/src/rp2_common/hardware_irq/irq.c.obj
 .rodata.irq_set_exclusive_handler.str1.4
                0x0000000010007aac       0x36 CMakeFiles/uart.dir/home/gomond/pico/pico-sdk/src/rp2_common/hardware_irq/irq.c.obj
 *fill*         0x0000000010007ae2        0x2 
 .rodata.irq_add_shared_handler.str1.4
                0x0000000010007ae4       0xd9 CMakeFiles/uart.dir/home/gomond/pico/pico-sdk/src/rp2_common/hardware_irq/irq.c.obj
 *fill*         0x0000000010007bbd        0x3 
 .rodata.irq_remove_handler.str1.4
                0x0000000010007bc0       0x2a CMakeFiles/uart.dir/home/gomond/pico/pico-sdk/src/rp2_common/hardware_irq/irq.c.obj
 *fill*         0x0000000010007bea        0x2 
 .rodata.irq_add_tail_to_free_list.str1.4
                0x0000000010007bec       0x3a CMakeFiles/uart.dir/home/gomond/pico/pico-sdk/src/rp2_common/hardware_irq/irq.c.obj
 *fill*         0x0000000010007c26        0x2 
 .rodata.user_irq_claim_unused.str1.4
                0x0000000010007c28       0x1b CMakeFiles/uart.dir/home/gomond/pico/pico-sdk/src/rp2_common/hardware_irq/irq.c.obj
 *fill*         0x0000000010007c43        0x1 
 .rodata.__func__.0
                0x0000000010007c44       0x1a CMakeFiles/uart.dir/home/gomond/pico/pico-sdk/src/rp2_common/hardware_irq/irq.c.obj
 *fill*         0x0000000010007c5e        0x2 
 .rodata.__func__.1
                0x0000000010007c60       0x17 CMakeFiles/uart.dir/home/gomond/pico/pico-sdk/src/rp2_common/hardware_irq/irq.c.obj
 *fill*         0x0000000010007c77        0x1 
 .rodata.__func__.2
                0x0000000010007c78       0x13 CMakeFiles/uart.dir/home/gomond/pico/pico-sdk/src/rp2_common/hardware_irq/irq.c.obj
 *fill*         0x0000000010007c8b        0x1 
 .rodata.__func__.3
                0x0000000010007c8c        0xc CMakeFiles/uart.dir/home/gomond/pico/pico-sdk/src/rp2_common/hardware_irq/irq.c.obj
 .rodata.__func__.4
                0x0000000010007c98        0xf CMakeFiles/uart.dir/home/gomond/pico/pico-sdk/src/rp2_common/hardware_irq/irq.c.obj
 *fill*         0x0000000010007ca7        0x1 
 .rodata.__func__.5
                0x0000000010007ca8       0x17 CMakeFiles/uart.dir/home/gomond/pico/pico-sdk/src/rp2_common/hardware_irq/irq.c.obj
 *fill*         0x0000000010007cbf        0x1 
 .rodata.__func__.6
                0x0000000010007cc0       0x1a CMakeFiles/uart.dir/home/gomond/pico/pico-sdk/src/rp2_common/hardware_irq/irq.c.obj
 *fill*         0x0000000010007cda        0x2 
 .rodata.repeating_timer_callback.str1.4
                0x0000000010007cdc       0x4b CMakeFiles/uart.dir/home/gomond/pico/pico-sdk/src/common/pico_time/time.c.obj
 *fill*         0x0000000010007d27        0x1 
 .rodata.alarm_pool_dump_key.str1.4
                0x0000000010007d28       0x33 CMakeFiles/uart.dir/home/gomond/pico/pico-sdk/src/common/pico_time/time.c.obj
 *fill*         0x0000000010007d5b        0x1 
 .rodata.ph_add_child_node.str1.4
                0x0000000010007d5c       0x96 CMakeFiles/uart.dir/home/gomond/pico/pico-sdk/src/common/pico_time/time.c.obj
 *fill*         0x0000000010007df2        0x2 
 .rodata.add_alarm_under_lock.str1.4
                0x0000000010007df4       0x28 CMakeFiles/uart.dir/home/gomond/pico/pico-sdk/src/common/pico_time/time.c.obj
                                         0x2b (size before relaxing)
 .rodata.alarm_pool_alarm_callback.str1.4
                0x0000000010007e1c       0xe6 CMakeFiles/uart.dir/home/gomond/pico/pico-sdk/src/common/pico_time/time.c.obj
 *fill*         0x0000000010007f02        0x2 
 .rodata.alarm_pool_get_default.str1.4
                0x0000000010007f04       0x21 CMakeFiles/uart.dir/home/gomond/pico/pico-sdk/src/common/pico_time/time.c.obj
 *fill*         0x0000000010007f25        0x3 
 .rodata.alarm_pool_cancel_alarm.str1.4
                0x0000000010007f28       0x27 CMakeFiles/uart.dir/home/gomond/pico/pico-sdk/src/common/pico_time/time.c.obj
 *fill*         0x0000000010007f4f        0x1 
 .rodata.__func__.1
                0x0000000010007f50       0x18 CMakeFiles/uart.dir/home/gomond/pico/pico-sdk/src/common/pico_time/time.c.obj
 .rodata.__func__.10
                0x0000000010007f68       0x15 CMakeFiles/uart.dir/home/gomond/pico/pico-sdk/src/common/pico_time/time.c.obj
 *fill*         0x0000000010007f7d        0x3 
 .rodata.__func__.11
                0x0000000010007f80       0x1a CMakeFiles/uart.dir/home/gomond/pico/pico-sdk/src/common/pico_time/time.c.obj
 *fill*         0x0000000010007f9a        0x2 
 .rodata.__func__.12
                0x0000000010007f9c        0xa CMakeFiles/uart.dir/home/gomond/pico/pico-sdk/src/common/pico_time/time.c.obj
 *fill*         0x0000000010007fa6        0x2 
 .rodata.__func__.3
                0x0000000010007fa8       0x17 CMakeFiles/uart.dir/home/gomond/pico/pico-sdk/src/common/pico_time/time.c.obj
 *fill*         0x0000000010007fbf        0x1 
 .rodata.__func__.4
                0x0000000010007fc0       0x12 CMakeFiles/uart.dir/home/gomond/pico/pico-sdk/src/common/pico_time/time.c.obj
 *fill*         0x0000000010007fd2        0x2 
 .rodata.__func__.5
                0x0000000010007fd4        0xd CMakeFiles/uart.dir/home/gomond/pico/pico-sdk/src/common/pico_time/time.c.obj
 *fill*         0x0000000010007fe1        0x3 
 .rodata.__func__.6
                0x0000000010007fe4       0x12 CMakeFiles/uart.dir/home/gomond/pico/pico-sdk/src/common/pico_time/time.c.obj
 *fill*         0x0000000010007ff6        0x2 
 .rodata.__func__.7
                0x0000000010007ff8        0xf CMakeFiles/uart.dir/home/gomond/pico/pico-sdk/src/common/pico_time/time.c.obj
 *fill*         0x0000000010008007        0x1 
 .rodata.__func__.8
                0x0000000010008008        0xc CMakeFiles/uart.dir/home/gomond/pico/pico-sdk/src/common/pico_time/time.c.obj
 .rodata.__func__.9
                0x0000000010008014       0x15 CMakeFiles/uart.dir/home/gomond/pico/pico-sdk/src/common/pico_time/time.c.obj
 *fill*         0x0000000010008029        0x3 
 .rodata.hardware_alarm_claim.str1.4
                0x000000001000802c       0x22 CMakeFiles/uart.dir/home/gomond/pico/pico-sdk/src/rp2_common/hardware_timer/timer.c.obj
 .rodata.busy_wait_us.str1.4
                0x000000001000804e       0x61 CMakeFiles/uart.dir/home/gomond/pico/pico-sdk/src/rp2_common/hardware_timer/timer.c.obj
 *fill*         0x000000001000804e        0x2 
 .rodata.hardware_alarm_set_target.str1.4
                0x0000000010008050       0x65 CMakeFiles/uart.dir/home/gomond/pico/pico-sdk/src/rp2_common/hardware_timer/timer.c.obj
 *fill*         0x00000000100080b5        0x3 
 .rodata.__func__.0
                0x00000000100080b8       0x1a CMakeFiles/uart.dir/home/gomond/pico/pico-sdk/src/rp2_common/hardware_timer/timer.c.obj
 *fill*         0x00000000100080d2        0x2 
 .rodata.__func__.1
                0x00000000100080d4       0x15 CMakeFiles/uart.dir/home/gomond/pico/pico-sdk/src/rp2_common/hardware_timer/timer.c.obj
 .rodata.ph_add_child_node.str1.4
                0x00000000100080e9       0x96 CMakeFiles/uart.dir/home/gomond/pico/pico-sdk/src/common/pico_util/pheap.c.obj
 *fill*         0x00000000100080e9        0x3 
 .rodata.ph_remove_any_head.str1.4
                0x00000000100080ec       0x8c CMakeFiles/uart.dir/home/gomond/pico/pico-sdk/src/common/pico_util/pheap.c.obj
 .rodata.ph_remove_and_free_node.str1.4
                0x0000000010008178       0x1e CMakeFiles/uart.dir/home/gomond/pico/pico-sdk/src/common/pico_util/pheap.c.obj
                                         0x26 (size before relaxing)
 *fill*         0x0000000010008196        0x2 
 .rodata.__func__.0
                0x0000000010008198       0x18 CMakeFiles/uart.dir/home/gomond/pico/pico-sdk/src/common/pico_util/pheap.c.obj
 .rodata.__func__.1
                0x00000000100081b0       0x13 CMakeFiles/uart.dir/home/gomond/pico/pico-sdk/src/common/pico_util/pheap.c.obj
 *fill*         0x00000000100081c3        0x1 
 .rodata.__func__.2
                0x00000000100081c4       0x12 CMakeFiles/uart.dir/home/gomond/pico/pico-sdk/src/common/pico_util/pheap.c.obj
 *fill*         0x00000000100081d6        0x2 
 .rodata.__func__.3
                0x00000000100081d8        0xc CMakeFiles/uart.dir/home/gomond/pico/pico-sdk/src/common/pico_util/pheap.c.obj
 .rodata.str1.4
                0x00000000100081e4       0x89 CMakeFiles/uart.dir/home/gomond/pico/pico-sdk/src/common/pico_sync/mutex.c.obj
                                         0xed (size before relaxing)
 *fill*         0x000000001000826d        0x3 
 .rodata.__func__.1
                0x0000000010008270        0xb CMakeFiles/uart.dir/home/gomond/pico/pico-sdk/src/common/pico_sync/mutex.c.obj
 *fill*         0x000000001000827b        0x1 
 .rodata.__func__.3
                0x000000001000827c       0x18 CMakeFiles/uart.dir/home/gomond/pico/pico-sdk/src/common/pico_sync/mutex.c.obj
 .rodata.__func__.4
                0x0000000010008294       0x15 CMakeFiles/uart.dir/home/gomond/pico/pico-sdk/src/common/pico_sync/mutex.c.obj
 *fill*         0x00000000100082a9        0x3 
 .rodata.__assert_func.str1.4
                0x00000000100082ac       0x3f CMakeFiles/uart.dir/home/gomond/pico/pico-sdk/src/rp2_common/pico_runtime/runtime.c.obj
                                         0x43 (size before relaxing)
 *fill*         0x00000000100082eb        0x1 
 .rodata.runtime_init.str1.4
                0x00000000100082ec       0x61 CMakeFiles/uart.dir/home/gomond/pico/pico-sdk/src/rp2_common/pico_runtime/runtime.c.obj
 *fill*         0x000000001000834d        0x3 
 .rodata.panic.str1.4
                0x0000000010008350       0x12 CMakeFiles/uart.dir/home/gomond/pico/pico-sdk/src/rp2_common/pico_runtime/runtime.c.obj
 *fill*         0x0000000010008362        0x2 
 .rodata.__func__.1
                0x0000000010008364        0xd CMakeFiles/uart.dir/home/gomond/pico/pico-sdk/src/rp2_common/pico_runtime/runtime.c.obj
 *fill*         0x0000000010008371        0x3 
 .rodata.clock_configure.str1.4
                0x0000000010008374       0x57 CMakeFiles/uart.dir/home/gomond/pico/pico-sdk/src/rp2_common/hardware_clocks/clocks.c.obj
 *fill*         0x00000000100083cb        0x1 
 .rodata.__func__.1
                0x00000000100083cc       0x10 CMakeFiles/uart.dir/home/gomond/pico/pico-sdk/src/rp2_common/hardware_clocks/clocks.c.obj
 .rodata.pll_init.str1.4
                0x00000000100083dc      0x13b CMakeFiles/uart.dir/home/gomond/pico/pico-sdk/src/rp2_common/hardware_pll/pll.c.obj
 *fill*         0x0000000010008517        0x1 
 .rodata.__func__.0
                0x0000000010008518        0x9 CMakeFiles/uart.dir/home/gomond/pico/pico-sdk/src/rp2_common/hardware_pll/pll.c.obj
 *fill*         0x0000000010008521        0x3 
 .rodata._ftoa.str1.4
                0x0000000010008524       0x15 CMakeFiles/uart.dir/home/gomond/pico/pico-sdk/src/rp2_common/pico_printf/printf.c.obj
 *fill*         0x0000000010008539        0x3 
 .rodata._vsnprintf
                0x000000001000853c      0x1e0 CMakeFiles/uart.dir/home/gomond/pico/pico-sdk/src/rp2_common/pico_printf/printf.c.obj
 *fill*         0x000000001000871c        0x4 
 .rodata.pow10.0
                0x0000000010008720       0x50 CMakeFiles/uart.dir/home/gomond/pico/pico-sdk/src/rp2_common/pico_printf/printf.c.obj
 .rodata.__aeabi_double_init.str1.4
                0x0000000010008770       0xa8 CMakeFiles/uart.dir/home/gomond/pico/pico-sdk/src/rp2_common/pico_double/double_init_rom.c.obj
 .rodata.__func__.0
                0x0000000010008818       0x14 CMakeFiles/uart.dir/home/gomond/pico/pico-sdk/src/rp2_common/pico_double/double_init_rom.c.obj
 .rodata.__aeabi_float_init.str1.4
                0x000000001000882c       0x7a CMakeFiles/uart.dir/home/gomond/pico/pico-sdk/src/rp2_common/pico_float/float_init_rom.c.obj
                                         0x7e (size before relaxing)
 *fill*         0x00000000100088a6        0x2 
 .rodata.__func__.0
                0x00000000100088a8       0x13 CMakeFiles/uart.dir/home/gomond/pico/pico-sdk/src/rp2_common/pico_float/float_init_rom.c.obj
 *fill*         0x00000000100088bb        0x1 
 .rodata.str1.4
                0x00000000100088bc       0x40 CMakeFiles/uart.dir/home/gomond/pico/pico-sdk/src/rp2_common/pico_standard_link/binary_info.c.obj
 .rodata.__bi_44
                0x00000000100088fc        0xc CMakeFiles/uart.dir/home/gomond/pico/pico-sdk/src/rp2_common/pico_standard_link/binary_info.c.obj
 .rodata.__bi_56
                0x0000000010008908        0xc CMakeFiles/uart.dir/home/gomond/pico/pico-sdk/src/rp2_common/pico_standard_link/binary_info.c.obj
 .rodata.__bi_75
                0x0000000010008914        0xc CMakeFiles/uart.dir/home/gomond/pico/pico-sdk/src/rp2_common/pico_standard_link/binary_info.c.obj
 .rodata.__bi_81
                0x0000000010008920        0xc CMakeFiles/uart.dir/home/gomond/pico/pico-sdk/src/rp2_common/pico_standard_link/binary_info.c.obj
 .rodata.crlf_str.3
                0x000000001000892c        0x2 CMakeFiles/uart.dir/home/gomond/pico/pico-sdk/src/rp2_common/pico_stdio/stdio.c.obj
 *fill*         0x000000001000892e        0x2 
 .rodata._resetd_driver
                0x0000000010008930       0x18 CMakeFiles/uart.dir/home/gomond/pico/pico-sdk/src/rp2_common/pico_stdio_usb/reset_interface.c.obj
 .rodata.timer_task.str1.4
                0x0000000010008948       0x6d CMakeFiles/uart.dir/home/gomond/pico/pico-sdk/src/rp2_common/pico_stdio_usb/stdio_usb.c.obj
 .rodata.stdio_usb_init.str1.4
                0x00000000100089b5       0x61 CMakeFiles/uart.dir/home/gomond/pico/pico-sdk/src/rp2_common/pico_stdio_usb/stdio_usb.c.obj
 *fill*         0x00000000100089b5        0x3 
 .rodata.str1.4
                0x00000000100089b8       0x13 CMakeFiles/uart.dir/home/gomond/pico/pico-sdk/src/rp2_common/pico_stdio_usb/stdio_usb.c.obj
 *fill*         0x00000000100089cb        0x1 
 .rodata.__bi_118.2
                0x00000000100089cc        0xc CMakeFiles/uart.dir/home/gomond/pico/pico-sdk/src/rp2_common/pico_stdio_usb/stdio_usb.c.obj
 .rodata.__func__.0
                0x00000000100089d8       0x15 CMakeFiles/uart.dir/home/gomond/pico/pico-sdk/src/rp2_common/pico_stdio_usb/stdio_usb.c.obj
 *fill*         0x00000000100089ed        0x3 
 .rodata.__func__.1
                0x00000000100089f0        0xb CMakeFiles/uart.dir/home/gomond/pico/pico-sdk/src/rp2_common/pico_stdio_usb/stdio_usb.c.obj
 *fill*         0x00000000100089fb        0x1 
 .rodata.str1.4
                0x00000000100089fc       0x2a CMakeFiles/uart.dir/home/gomond/pico/pico-sdk/src/rp2_common/pico_stdio_usb/stdio_usb_descriptors.c.obj
 *fill*         0x0000000010008a26        0x2 
 .rodata.usbd_desc_cfg
                0x0000000010008a28       0x54 CMakeFiles/uart.dir/home/gomond/pico/pico-sdk/src/rp2_common/pico_stdio_usb/stdio_usb_descriptors.c.obj
 .rodata.usbd_desc_device
                0x0000000010008a7c       0x12 CMakeFiles/uart.dir/home/gomond/pico/pico-sdk/src/rp2_common/pico_stdio_usb/stdio_usb_descriptors.c.obj
 *fill*         0x0000000010008a8e        0x2 
 .rodata.usbd_desc_str
                0x0000000010008a90       0x18 CMakeFiles/uart.dir/home/gomond/pico/pico-sdk/src/rp2_common/pico_stdio_usb/stdio_usb_descriptors.c.obj
 .rodata._hw_endpoint_alloc.str1.4
                0x0000000010008aa8       0xb5 CMakeFiles/uart.dir/home/gomond/pico/pico-sdk/lib/tinyusb/src/portable/raspberrypi/rp2040/dcd_rp2040.c.obj
 *fill*         0x0000000010008b5d        0x3 
 .rodata.dcd_rp2040_irq.str1.4
                0x0000000010008b60       0x14 CMakeFiles/uart.dir/home/gomond/pico/pico-sdk/lib/tinyusb/src/portable/raspberrypi/rp2040/dcd_rp2040.c.obj
 .rodata.dcd_int_enable.str1.4
                0x0000000010008b74        0xc CMakeFiles/uart.dir/home/gomond/pico/pico-sdk/lib/tinyusb/src/portable/raspberrypi/rp2040/dcd_rp2040.c.obj
 .rodata.__func__.0
                0x0000000010008b80        0xe CMakeFiles/uart.dir/home/gomond/pico/pico-sdk/lib/tinyusb/src/portable/raspberrypi/rp2040/dcd_rp2040.c.obj
 *fill*         0x0000000010008b8e        0x2 
 .rodata.__func__.1
                0x0000000010008b90        0xe CMakeFiles/uart.dir/home/gomond/pico/pico-sdk/lib/tinyusb/src/portable/raspberrypi/rp2040/dcd_rp2040.c.obj
 *fill*         0x0000000010008b9e        0x2 
 .rodata.__func__.3
                0x0000000010008ba0       0x10 CMakeFiles/uart.dir/home/gomond/pico/pico-sdk/lib/tinyusb/src/portable/raspberrypi/rp2040/dcd_rp2040.c.obj
 .rodata.__func__.5
                0x0000000010008bb0        0xf CMakeFiles/uart.dir/home/gomond/pico/pico-sdk/lib/tinyusb/src/portable/raspberrypi/rp2040/dcd_rp2040.c.obj
 *fill*         0x0000000010008bbf        0x1 
 .rodata.__func__.6
                0x0000000010008bc0       0x13 CMakeFiles/uart.dir/home/gomond/pico/pico-sdk/lib/tinyusb/src/portable/raspberrypi/rp2040/dcd_rp2040.c.obj
 *fill*         0x0000000010008bd3        0x1 
 .rodata.__func__.7
                0x0000000010008bd4        0x9 CMakeFiles/uart.dir/home/gomond/pico/pico-sdk/lib/tinyusb/src/portable/raspberrypi/rp2040/dcd_rp2040.c.obj
 *fill*         0x0000000010008bdd        0x3 
 .rodata.sync_ep_buffer.str1.4
                0x0000000010008be0       0x91 CMakeFiles/uart.dir/home/gomond/pico/pico-sdk/lib/tinyusb/src/portable/raspberrypi/rp2040/rp2040_usb.c.obj
 *fill*         0x0000000010008c71        0x3 
 .rodata._hw_endpoint_buffer_control_update32.str1.4
                0x0000000010008c74       0x1f CMakeFiles/uart.dir/home/gomond/pico/pico-sdk/lib/tinyusb/src/portable/raspberrypi/rp2040/rp2040_usb.c.obj
 *fill*         0x0000000010008c93        0x1 
 .rodata.hw_endpoint_xfer_start.str1.4
                0x0000000010008c94       0x38 CMakeFiles/uart.dir/home/gomond/pico/pico-sdk/lib/tinyusb/src/portable/raspberrypi/rp2040/rp2040_usb.c.obj
 .rodata.hw_endpoint_xfer_continue.str1.4
                0x0000000010008ccc       0x29 CMakeFiles/uart.dir/home/gomond/pico/pico-sdk/lib/tinyusb/src/portable/raspberrypi/rp2040/rp2040_usb.c.obj
 *fill*         0x0000000010008cf5        0x3 
 .rodata.str1.4
                0x0000000010008cf8        0x7 CMakeFiles/uart.dir/home/gomond/pico/pico-sdk/lib/tinyusb/src/portable/raspberrypi/rp2040/rp2040_usb.c.obj
 *fill*         0x0000000010008cff        0x1 
 .rodata.__func__.0
                0x0000000010008d00        0xf CMakeFiles/uart.dir/home/gomond/pico/pico-sdk/lib/tinyusb/src/portable/raspberrypi/rp2040/rp2040_usb.c.obj
 *fill*         0x0000000010008d0f        0x1 
 .rodata.process_set_config.str1.4
                0x0000000010008d10       0x17 CMakeFiles/uart.dir/home/gomond/pico/pico-sdk/lib/tinyusb/src/device/usbd.c.obj
 *fill*         0x0000000010008d27        0x1 
 .rodata.process_get_descriptor
                0x0000000010008d28       0x40 CMakeFiles/uart.dir/home/gomond/pico/pico-sdk/lib/tinyusb/src/device/usbd.c.obj
 .rodata.process_control_request
                0x0000000010008d68       0x28 CMakeFiles/uart.dir/home/gomond/pico/pico-sdk/lib/tinyusb/src/device/usbd.c.obj
 .rodata.tud_task
                0x0000000010008d90       0x24 CMakeFiles/uart.dir/home/gomond/pico/pico-sdk/lib/tinyusb/src/device/usbd.c.obj
 .rodata.__func__.2
                0x0000000010008db4        0xf CMakeFiles/uart.dir/home/gomond/pico/pico-sdk/lib/tinyusb/src/device/usbd.c.obj
 *fill*         0x0000000010008dc3        0x1 
 .rodata.__func__.3
                0x0000000010008dc4        0xf CMakeFiles/uart.dir/home/gomond/pico/pico-sdk/lib/tinyusb/src/device/usbd.c.obj
 *fill*         0x0000000010008dd3        0x1 
 .rodata.__func__.4
                0x0000000010008dd4       0x14 CMakeFiles/uart.dir/home/gomond/pico/pico-sdk/lib/tinyusb/src/device/usbd.c.obj
 .rodata.__func__.5
                0x0000000010008de8       0x10 CMakeFiles/uart.dir/home/gomond/pico/pico-sdk/lib/tinyusb/src/device/usbd.c.obj
 .rodata.__func__.6
                0x0000000010008df8       0x17 CMakeFiles/uart.dir/home/gomond/pico/pico-sdk/lib/tinyusb/src/device/usbd.c.obj
 *fill*         0x0000000010008e0f        0x1 
 .rodata.__func__.7
                0x0000000010008e10       0x13 CMakeFiles/uart.dir/home/gomond/pico/pico-sdk/lib/tinyusb/src/device/usbd.c.obj
 *fill*         0x0000000010008e23        0x1 
 .rodata.__func__.8
                0x0000000010008e24       0x18 CMakeFiles/uart.dir/home/gomond/pico/pico-sdk/lib/tinyusb/src/device/usbd.c.obj
 .rodata.__func__.9
                0x0000000010008e3c        0x9 CMakeFiles/uart.dir/home/gomond/pico/pico-sdk/lib/tinyusb/src/device/usbd.c.obj
 *fill*         0x0000000010008e45        0x3 
 .rodata._usbd_driver
                0x0000000010008e48       0x18 CMakeFiles/uart.dir/home/gomond/pico/pico-sdk/lib/tinyusb/src/device/usbd.c.obj
 .rodata.tud_control_xfer.str1.4
                0x0000000010008e60       0x17 CMakeFiles/uart.dir/home/gomond/pico/pico-sdk/lib/tinyusb/src/device/usbd_control.c.obj
 .rodata.__func__.0
                0x0000000010008e60       0x15 CMakeFiles/uart.dir/home/gomond/pico/pico-sdk/lib/tinyusb/src/device/usbd_control.c.obj
 *fill*         0x0000000010008e75        0x3 
 .rodata.__func__.1
                0x0000000010008e78       0x11 CMakeFiles/uart.dir/home/gomond/pico/pico-sdk/lib/tinyusb/src/device/usbd_control.c.obj
 .rodata.tud_cdc_n_write_flush.str1.4
                0x0000000010008e89       0x17 CMakeFiles/uart.dir/home/gomond/pico/pico-sdk/lib/tinyusb/src/class/cdc/cdc_device.c.obj
 *fill*         0x0000000010008e89        0x3 
 .rodata.__func__.0
                0x0000000010008e8c        0xd CMakeFiles/uart.dir/home/gomond/pico/pico-sdk/lib/tinyusb/src/class/cdc/cdc_device.c.obj
 *fill*         0x0000000010008e99        0x3 
 .rodata.__func__.1
                0x0000000010008e9c        0xa CMakeFiles/uart.dir/home/gomond/pico/pico-sdk/lib/tinyusb/src/class/cdc/cdc_device.c.obj
 *fill*         0x0000000010008ea6        0x2 
 .rodata.__func__.2
                0x0000000010008ea8       0x16 CMakeFiles/uart.dir/home/gomond/pico/pico-sdk/lib/tinyusb/src/class/cdc/cdc_device.c.obj
 .rodata.tusb_init.str1.4
                0x0000000010008ebe       0x17 CMakeFiles/uart.dir/home/gomond/pico/pico-sdk/lib/tinyusb/src/tusb.c.obj
 *fill*         0x0000000010008ebe        0x2 
 .rodata.__func__.0
                0x0000000010008ec0       0x11 CMakeFiles/uart.dir/home/gomond/pico/pico-sdk/lib/tinyusb/src/tusb.c.obj
 *fill*         0x0000000010008ed1        0x3 
 .rodata.__func__.1
                0x0000000010008ed4        0xa CMakeFiles/uart.dir/home/gomond/pico/pico-sdk/lib/tinyusb/src/tusb.c.obj
 *fill*         0x0000000010008ede        0x2 
 .rodata.pico_get_unique_board_id_string.str1.4
                0x0000000010008ee0       0x4d CMakeFiles/uart.dir/home/gomond/pico/pico-sdk/src/rp2_common/pico_unique_id/unique_id.c.obj
 *fill*         0x0000000010008f2d        0x3 
 .rodata.__func__.0
                0x0000000010008f30       0x20 CMakeFiles/uart.dir/home/gomond/pico/pico-sdk/src/rp2_common/pico_unique_id/unique_id.c.obj
 .rodata.str1.4
                0x0000000010008f50      0x15a CMakeFiles/uart.dir/home/gomond/pico/pico-sdk/src/rp2_common/hardware_flash/flash.c.obj
 *fill*         0x00000000100090aa        0x2 
 .rodata.__func__.0
                0x00000000100090ac        0xd CMakeFiles/uart.dir/home/gomond/pico/pico-sdk/src/rp2_common/hardware_flash/flash.c.obj
 *fill*         0x00000000100090b9        0x3 
 .rodata.rtc_init.str1.4
                0x00000000100090bc       0x6f CMakeFiles/uart.dir/home/gomond/pico/pico-sdk/src/rp2_common/hardware_rtc/rtc.c.obj
 *fill*         0x000000001000912b        0x1 
 .rodata.__func__.0
                0x000000001000912c        0x9 CMakeFiles/uart.dir/home/gomond/pico/pico-sdk/src/rp2_common/hardware_rtc/rtc.c.obj
 *fill*         0x0000000010009135        0x3 
 .rodata._go_dormant.str1.4
                0x0000000010009138       0x68 CMakeFiles/uart.dir/home/gomond/pico/pico-extras/src/rp2_common/pico_sleep/sleep.c.obj
 .rodata.sleep_run_from_dormant_source.str1.4
                0x00000000100091a0       0x25 CMakeFiles/uart.dir/home/gomond/pico/pico-extras/src/rp2_common/pico_sleep/sleep.c.obj
 *fill*         0x00000000100091c5        0x3 
 .rodata.__func__.2
                0x00000000100091c8       0x17 CMakeFiles/uart.dir/home/gomond/pico/pico-extras/src/rp2_common/pico_sleep/sleep.c.obj
 *fill*         0x00000000100091df        0x1 
 .rodata.__func__.3
                0x00000000100091e0       0x1e CMakeFiles/uart.dir/home/gomond/pico/pico-extras/src/rp2_common/pico_sleep/sleep.c.obj
 *fill*         0x00000000100091fe        0x2 
 .rodata.rosc_set_div.str1.4
                0x0000000010009200       0xc3 CMakeFiles/uart.dir/home/gomond/pico/pico-extras/src/rp2_common/hardware_rosc/rosc.c.obj
 *fill*         0x00000000100092c3        0x1 
 .rodata.__func__.0
                0x00000000100092c4        0xb CMakeFiles/uart.dir/home/gomond/pico/pico-extras/src/rp2_common/hardware_rosc/rosc.c.obj
                0x00000000100092d0                . = ALIGN (0x4)
 *fill*         0x00000000100092cf        0x1 
 *(SORT_BY_ALIGNMENT(SORT_BY_NAME(.flashdata*)))
                0x00000000100092d0                . = ALIGN (0x4)

.rel.dyn        0x00000000100092d0        0x0
 .rel.iplt      0x00000000100092d0        0x0 /usr/lib/gcc/arm-none-eabi/10.3.1/thumb/v6-m/nofp/crtbegin.o

.ARM.extab
 *(.ARM.extab* .gnu.linkonce.armextab.*)
                0x00000000100092d0                __exidx_start = .

.ARM.exidx
 *(.ARM.exidx* .gnu.linkonce.armexidx.*)
                0x00000000100092d0                __exidx_end = .
                0x00000000100092d0                . = ALIGN (0x4)
                0x00000000100092d0                __binary_info_start = .

.binary_info    0x00000000100092d0       0x28
 *(.binary_info.keep.*)
 .binary_info.keep.__bi_ptr22
                0x00000000100092d0        0x4 CMakeFiles/uart.dir/home/gomond/pico/pico-sdk/src/rp2_common/pico_standard_link/binary_info.c.obj
 .binary_info.keep.__bi_ptr30
                0x00000000100092d4        0x4 CMakeFiles/uart.dir/home/gomond/pico/pico-sdk/src/rp2_common/pico_standard_link/binary_info.c.obj
 .binary_info.keep.__bi_ptr38
                0x00000000100092d8        0x4 CMakeFiles/uart.dir/home/gomond/pico/pico-sdk/src/rp2_common/pico_standard_link/binary_info.c.obj
 .binary_info.keep.__bi_ptr44
                0x00000000100092dc        0x4 CMakeFiles/uart.dir/home/gomond/pico/pico-sdk/src/rp2_common/pico_standard_link/binary_info.c.obj
 .binary_info.keep.__bi_ptr50
                0x00000000100092e0        0x4 CMakeFiles/uart.dir/home/gomond/pico/pico-sdk/src/rp2_common/pico_standard_link/binary_info.c.obj
 .binary_info.keep.__bi_ptr56
                0x00000000100092e4        0x4 CMakeFiles/uart.dir/home/gomond/pico/pico-sdk/src/rp2_common/pico_standard_link/binary_info.c.obj
 .binary_info.keep.__bi_ptr75
                0x00000000100092e8        0x4 CMakeFiles/uart.dir/home/gomond/pico/pico-sdk/src/rp2_common/pico_standard_link/binary_info.c.obj
 .binary_info.keep.__bi_ptr81
                0x00000000100092ec        0x4 CMakeFiles/uart.dir/home/gomond/pico/pico-sdk/src/rp2_common/pico_standard_link/binary_info.c.obj
 *(.binary_info.*)
 .binary_info.__bi_ptr102
                0x00000000100092f0        0x4 CMakeFiles/uart.dir/home/gomond/pico/pico-sdk/src/rp2_common/pico_stdlib/stdlib.c.obj
 .binary_info.__bi_ptr118
                0x00000000100092f4        0x4 CMakeFiles/uart.dir/home/gomond/pico/pico-sdk/src/rp2_common/pico_stdio_usb/stdio_usb.c.obj
                0x00000000100092f8                __binary_info_end = .
                0x00000000100092f8                . = ALIGN (0x4)
                0x00000000100092f8                __etext = .

.ram_vector_table
                0x0000000020000000       0xc0
 *(.ram_vector_table)
 .ram_vector_table
                0x0000000020000000       0xc0 CMakeFiles/uart.dir/home/gomond/pico/pico-sdk/src/rp2_common/pico_runtime/runtime.c.obj
                0x0000000020000000                ram_vector_table

.data           0x00000000200000c0      0x460 load address 0x00000000100092f8
                0x00000000200000c0                __data_start__ = .
 *(vtable)
 *(.time_critical*)
 .time_critical.mutex_enter_blocking
                0x00000000200000c0       0x48 CMakeFiles/uart.dir/home/gomond/pico/pico-sdk/src/common/pico_sync/mutex.c.obj
                0x00000000200000c0                mutex_enter_blocking
 .time_critical.mutex_try_enter
                0x0000000020000108       0x46 CMakeFiles/uart.dir/home/gomond/pico/pico-sdk/src/common/pico_sync/mutex.c.obj
                0x0000000020000108                mutex_try_enter
 *fill*         0x000000002000014e        0x2 
 .time_critical.mutex_enter_block_until
                0x0000000020000150       0x8c CMakeFiles/uart.dir/home/gomond/pico/pico-sdk/src/common/pico_sync/mutex.c.obj
                0x0000000020000150                mutex_enter_block_until
 .time_critical.mutex_enter_timeout_ms
                0x00000000200001dc       0x74 CMakeFiles/uart.dir/home/gomond/pico/pico-sdk/src/common/pico_sync/mutex.c.obj
                0x00000000200001dc                mutex_enter_timeout_ms
 .time_critical.mutex_exit
                0x0000000020000250       0x4c CMakeFiles/uart.dir/home/gomond/pico/pico-sdk/src/common/pico_sync/mutex.c.obj
                0x0000000020000250                mutex_exit